
Discarded input sections

 .group         0x00000000        0xc ./source/App.o
 .group         0x00000000        0xc ./source/App.o
 .group         0x00000000        0xc ./source/App.o
 .group         0x00000000        0xc ./source/App.o
 .text          0x00000000        0x0 ./source/App.o
 .data          0x00000000        0x0 ./source/App.o
 .bss           0x00000000        0x0 ./source/App.o
 .group         0x00000000        0xc ./source/SysTick.o
 .group         0x00000000        0xc ./source/SysTick.o
 .group         0x00000000        0xc ./source/SysTick.o
 .group         0x00000000        0xc ./source/SysTick.o
 .group         0x00000000        0xc ./source/SysTick.o
 .group         0x00000000        0xc ./source/SysTick.o
 .group         0x00000000        0xc ./source/SysTick.o
 .group         0x00000000        0xc ./source/SysTick.o
 .group         0x00000000        0xc ./source/SysTick.o
 .group         0x00000000        0xc ./source/SysTick.o
 .group         0x00000000        0xc ./source/SysTick.o
 .group         0x00000000        0xc ./source/SysTick.o
 .group         0x00000000        0xc ./source/SysTick.o
 .group         0x00000000        0xc ./source/SysTick.o
 .group         0x00000000        0xc ./source/SysTick.o
 .text          0x00000000        0x0 ./source/SysTick.o
 .data          0x00000000        0x0 ./source/SysTick.o
 .bss           0x00000000        0x0 ./source/SysTick.o
 .text.SysTick_Init
                0x00000000       0x44 ./source/SysTick.o
 .debug_macro   0x00000000      0xa5a ./source/SysTick.o
 .debug_macro   0x00000000       0x22 ./source/SysTick.o
 .debug_macro   0x00000000      0x34e ./source/SysTick.o
 .group         0x00000000        0xc ./source/can.o
 .text          0x00000000        0x0 ./source/can.o
 .data          0x00000000        0x0 ./source/can.o
 .bss           0x00000000        0x0 ./source/can.o
 .debug_info    0x00000000       0x21 ./source/can.o
 .debug_abbrev  0x00000000       0x13 ./source/can.o
 .debug_aranges
                0x00000000       0x18 ./source/can.o
 .debug_macro   0x00000000       0x11 ./source/can.o
 .debug_macro   0x00000000      0xa5a ./source/can.o
 .debug_line    0x00000000       0x30 ./source/can.o
 .debug_str     0x00000000     0x2d49 ./source/can.o
 .comment       0x00000000       0x7f ./source/can.o
 .ARM.attributes
                0x00000000       0x39 ./source/can.o
 .group         0x00000000        0xc ./source/data_manager.o
 .group         0x00000000        0xc ./source/data_manager.o
 .group         0x00000000        0xc ./source/data_manager.o
 .group         0x00000000        0xc ./source/data_manager.o
 .group         0x00000000        0xc ./source/data_manager.o
 .group         0x00000000        0xc ./source/data_manager.o
 .group         0x00000000        0xc ./source/data_manager.o
 .group         0x00000000        0xc ./source/data_manager.o
 .group         0x00000000        0xc ./source/data_manager.o
 .group         0x00000000        0xc ./source/data_manager.o
 .group         0x00000000        0xc ./source/data_manager.o
 .text          0x00000000        0x0 ./source/data_manager.o
 .data          0x00000000        0x0 ./source/data_manager.o
 .bss           0x00000000        0x0 ./source/data_manager.o
 .debug_macro   0x00000000      0xa5a ./source/data_manager.o
 .debug_macro   0x00000000      0x34e ./source/data_manager.o
 .debug_macro   0x00000000       0x22 ./source/data_manager.o
 .debug_macro   0x00000000       0x5c ./source/data_manager.o
 .debug_macro   0x00000000       0x1c ./source/data_manager.o
 .debug_macro   0x00000000       0x22 ./source/data_manager.o
 .debug_macro   0x00000000       0xdf ./source/data_manager.o
 .debug_macro   0x00000000      0xecf ./source/data_manager.o
 .debug_macro   0x00000000       0x48 ./source/data_manager.o
 .debug_macro   0x00000000     0xe07b ./source/data_manager.o
 .group         0x00000000        0xc ./source/fifo.o
 .group         0x00000000        0xc ./source/fifo.o
 .group         0x00000000        0xc ./source/fifo.o
 .group         0x00000000        0xc ./source/fifo.o
 .group         0x00000000        0xc ./source/fifo.o
 .group         0x00000000        0xc ./source/fifo.o
 .group         0x00000000        0xc ./source/fifo.o
 .group         0x00000000        0xc ./source/fifo.o
 .group         0x00000000        0xc ./source/fifo.o
 .group         0x00000000        0xc ./source/fifo.o
 .group         0x00000000        0xc ./source/fifo.o
 .group         0x00000000        0xc ./source/fifo.o
 .group         0x00000000        0xc ./source/fifo.o
 .group         0x00000000        0xc ./source/fifo.o
 .group         0x00000000        0xc ./source/fifo.o
 .group         0x00000000        0xc ./source/fifo.o
 .group         0x00000000        0xc ./source/fifo.o
 .group         0x00000000        0xc ./source/fifo.o
 .group         0x00000000        0xc ./source/fifo.o
 .group         0x00000000        0xc ./source/fifo.o
 .group         0x00000000        0xc ./source/fifo.o
 .group         0x00000000        0xc ./source/fifo.o
 .group         0x00000000        0xc ./source/fifo.o
 .group         0x00000000        0xc ./source/fifo.o
 .group         0x00000000        0xc ./source/fifo.o
 .group         0x00000000        0xc ./source/fifo.o
 .group         0x00000000        0xc ./source/fifo.o
 .group         0x00000000        0xc ./source/fifo.o
 .group         0x00000000        0xc ./source/fifo.o
 .group         0x00000000        0xc ./source/fifo.o
 .group         0x00000000        0xc ./source/fifo.o
 .group         0x00000000        0xc ./source/fifo.o
 .group         0x00000000        0xc ./source/fifo.o
 .text          0x00000000        0x0 ./source/fifo.o
 .data          0x00000000        0x0 ./source/fifo.o
 .bss           0x00000000        0x0 ./source/fifo.o
 .text.FIFO_IsBufferFull
                0x00000000       0x30 ./source/fifo.o
 .text.FIFO_ReadFromBuffer
                0x00000000       0x62 ./source/fifo.o
 .text.FIFO_ReadAll
                0x00000000       0x58 ./source/fifo.o
 .text.FIFO_GetBufferLength
                0x00000000       0x68 ./source/fifo.o
 .text.FIFO_Reset
                0x00000000       0x1a ./source/fifo.o
 .text.FIFO_ClearBuffer
                0x00000000       0x48 ./source/fifo.o
 .text.FIFO_FreeId
                0x00000000       0x30 ./source/fifo.o
 .debug_macro   0x00000000      0xa5a ./source/fifo.o
 .debug_macro   0x00000000      0x34e ./source/fifo.o
 .debug_macro   0x00000000       0x22 ./source/fifo.o
 .group         0x00000000        0xc ./source/gpio.o
 .group         0x00000000        0xc ./source/gpio.o
 .group         0x00000000        0xc ./source/gpio.o
 .group         0x00000000        0xc ./source/gpio.o
 .group         0x00000000        0xc ./source/gpio.o
 .group         0x00000000        0xc ./source/gpio.o
 .group         0x00000000        0xc ./source/gpio.o
 .group         0x00000000        0xc ./source/gpio.o
 .group         0x00000000        0xc ./source/gpio.o
 .group         0x00000000        0xc ./source/gpio.o
 .group         0x00000000        0xc ./source/gpio.o
 .group         0x00000000        0xc ./source/gpio.o
 .group         0x00000000        0xc ./source/gpio.o
 .group         0x00000000        0xc ./source/gpio.o
 .text          0x00000000        0x0 ./source/gpio.o
 .data          0x00000000        0x0 ./source/gpio.o
 .bss           0x00000000        0x0 ./source/gpio.o
 .text.__NVIC_EnableIRQ
                0x00000000       0x3c ./source/gpio.o
 .text.__NVIC_DisableIRQ
                0x00000000       0x44 ./source/gpio.o
 .rodata.IRQC_MODES
                0x00000000       0x18 ./source/gpio.o
 .text.gpioMode
                0x00000000      0x12c ./source/gpio.o
 .text.gpioRead
                0x00000000       0x58 ./source/gpio.o
 .text.gpioToggle
                0x00000000       0x40 ./source/gpio.o
 .text.gpioIRQ  0x00000000       0xc0 ./source/gpio.o
 .debug_macro   0x00000000      0xa5a ./source/gpio.o
 .debug_macro   0x00000000       0x5c ./source/gpio.o
 .debug_macro   0x00000000      0x34e ./source/gpio.o
 .debug_macro   0x00000000       0x1c ./source/gpio.o
 .debug_macro   0x00000000       0x22 ./source/gpio.o
 .debug_macro   0x00000000       0xdf ./source/gpio.o
 .debug_macro   0x00000000      0xecf ./source/gpio.o
 .debug_macro   0x00000000       0x48 ./source/gpio.o
 .debug_macro   0x00000000     0xe07b ./source/gpio.o
 .debug_macro   0x00000000       0x22 ./source/gpio.o
 .debug_macro   0x00000000       0x10 ./source/gpio.o
 .debug_macro   0x00000000     0x122b ./source/gpio.o
 .debug_macro   0x00000000       0x16 ./source/gpio.o
 .debug_macro   0x00000000       0x40 ./source/gpio.o
 .group         0x00000000        0xc ./source/timer.o
 .group         0x00000000        0xc ./source/timer.o
 .group         0x00000000        0xc ./source/timer.o
 .group         0x00000000        0xc ./source/timer.o
 .group         0x00000000        0xc ./source/timer.o
 .group         0x00000000        0xc ./source/timer.o
 .group         0x00000000        0xc ./source/timer.o
 .group         0x00000000        0xc ./source/timer.o
 .group         0x00000000        0xc ./source/timer.o
 .group         0x00000000        0xc ./source/timer.o
 .group         0x00000000        0xc ./source/timer.o
 .group         0x00000000        0xc ./source/timer.o
 .group         0x00000000        0xc ./source/timer.o
 .group         0x00000000        0xc ./source/timer.o
 .group         0x00000000        0xc ./source/timer.o
 .group         0x00000000        0xc ./source/timer.o
 .group         0x00000000        0xc ./source/timer.o
 .group         0x00000000        0xc ./source/timer.o
 .group         0x00000000        0xc ./source/timer.o
 .group         0x00000000        0xc ./source/timer.o
 .group         0x00000000        0xc ./source/timer.o
 .group         0x00000000        0xc ./source/timer.o
 .group         0x00000000        0xc ./source/timer.o
 .text          0x00000000        0x0 ./source/timer.o
 .data          0x00000000        0x0 ./source/timer.o
 .bss           0x00000000        0x0 ./source/timer.o
 .bss.timers    0x00000000      0x100 ./source/timer.o
 .data.timers_cant
                0x00000000        0x1 ./source/timer.o
 .bss.yaInit    0x00000000        0x1 ./source/timer.o
 .text.timerInit
                0x00000000       0x28 ./source/timer.o
 .text.timerGetId
                0x00000000       0x2c ./source/timer.o
 .text.timerCreate
                0x00000000       0x2e ./source/timer.o
 .text.timerStart
                0x00000000       0xa4 ./source/timer.o
 .text.timerStop
                0x00000000       0x44 ./source/timer.o
 .text.timerPlay
                0x00000000       0x30 ./source/timer.o
 .text.timerRestart
                0x00000000       0x6c ./source/timer.o
 .text.timerFinish
                0x00000000       0x5c ./source/timer.o
 .text.timerReset
                0x00000000       0x58 ./source/timer.o
 .text.timerActivate
                0x00000000       0x58 ./source/timer.o
 .text.timerChangePeriod
                0x00000000       0x74 ./source/timer.o
 .text.timerChangeCallback
                0x00000000       0x7c ./source/timer.o
 .text.timerExpired
                0x00000000       0x4c ./source/timer.o
 .text.timerDelay
                0x00000000       0x30 ./source/timer.o
 .text.timer_isr
                0x00000000       0xec ./source/timer.o
 .debug_info    0x00000000      0xc2a ./source/timer.o
 .debug_abbrev  0x00000000      0x281 ./source/timer.o
 .debug_aranges
                0x00000000       0x90 ./source/timer.o
 .debug_ranges  0x00000000       0x80 ./source/timer.o
 .debug_macro   0x00000000      0x136 ./source/timer.o
 .debug_macro   0x00000000      0xa5a ./source/timer.o
 .debug_macro   0x00000000      0x34e ./source/timer.o
 .debug_macro   0x00000000       0x22 ./source/timer.o
 .debug_macro   0x00000000       0x17 ./source/timer.o
 .debug_macro   0x00000000       0x22 ./source/timer.o
 .debug_macro   0x00000000       0x52 ./source/timer.o
 .debug_macro   0x00000000       0x8d ./source/timer.o
 .debug_macro   0x00000000       0x35 ./source/timer.o
 .debug_macro   0x00000000       0x9c ./source/timer.o
 .debug_macro   0x00000000       0x16 ./source/timer.o
 .debug_macro   0x00000000      0x10e ./source/timer.o
 .debug_macro   0x00000000       0x8d ./source/timer.o
 .debug_macro   0x00000000       0x57 ./source/timer.o
 .debug_macro   0x00000000       0x58 ./source/timer.o
 .debug_macro   0x00000000       0x1f ./source/timer.o
 .debug_macro   0x00000000       0x43 ./source/timer.o
 .debug_macro   0x00000000       0x20 ./source/timer.o
 .debug_macro   0x00000000      0x18e ./source/timer.o
 .debug_macro   0x00000000      0x330 ./source/timer.o
 .debug_macro   0x00000000       0x16 ./source/timer.o
 .debug_macro   0x00000000       0x29 ./source/timer.o
 .debug_macro   0x00000000       0x1c ./source/timer.o
 .debug_macro   0x00000000       0x10 ./source/timer.o
 .debug_line    0x00000000      0x3a9 ./source/timer.o
 .debug_str     0x00000000     0x6eaf ./source/timer.o
 .comment       0x00000000       0x7f ./source/timer.o
 .debug_frame   0x00000000      0x244 ./source/timer.o
 .ARM.attributes
                0x00000000       0x39 ./source/timer.o
 .group         0x00000000        0xc ./source/uart.o
 .group         0x00000000        0xc ./source/uart.o
 .group         0x00000000        0xc ./source/uart.o
 .group         0x00000000        0xc ./source/uart.o
 .group         0x00000000        0xc ./source/uart.o
 .group         0x00000000        0xc ./source/uart.o
 .group         0x00000000        0xc ./source/uart.o
 .group         0x00000000        0xc ./source/uart.o
 .group         0x00000000        0xc ./source/uart.o
 .group         0x00000000        0xc ./source/uart.o
 .group         0x00000000        0xc ./source/uart.o
 .group         0x00000000        0xc ./source/uart.o
 .group         0x00000000        0xc ./source/uart.o
 .group         0x00000000        0xc ./source/uart.o
 .group         0x00000000        0xc ./source/uart.o
 .group         0x00000000        0xc ./source/uart.o
 .group         0x00000000        0xc ./source/uart.o
 .group         0x00000000        0xc ./source/uart.o
 .text          0x00000000        0x0 ./source/uart.o
 .data          0x00000000        0x0 ./source/uart.o
 .bss           0x00000000        0x0 ./source/uart.o
 .data.all_bytes_were_transfered
                0x00000000        0x1 ./source/uart.o
 .text.uartIsRxMsg
                0x00000000       0x26 ./source/uart.o
 .text.uartGetRxMsgLength
                0x00000000       0x1e ./source/uart.o
 .text.uartReadMsg
                0x00000000       0x7c ./source/uart.o
 .text.uartIsTxMsgComplete
                0x00000000       0x48 ./source/uart.o
 .debug_macro   0x00000000      0xa5a ./source/uart.o
 .debug_macro   0x00000000       0x22 ./source/uart.o
 .debug_macro   0x00000000       0x5c ./source/uart.o
 .debug_macro   0x00000000      0x34e ./source/uart.o
 .debug_macro   0x00000000       0x1c ./source/uart.o
 .debug_macro   0x00000000       0x22 ./source/uart.o
 .debug_macro   0x00000000       0xdf ./source/uart.o
 .debug_macro   0x00000000      0xecf ./source/uart.o
 .debug_macro   0x00000000       0x48 ./source/uart.o
 .debug_macro   0x00000000     0xe07b ./source/uart.o
 .debug_macro   0x00000000       0x10 ./source/uart.o
 .debug_macro   0x00000000     0x122b ./source/uart.o
 .debug_macro   0x00000000       0x16 ./source/uart.o
 .debug_macro   0x00000000       0x40 ./source/uart.o
 .debug_macro   0x00000000      0x174 ./source/uart.o
 .debug_macro   0x00000000       0x28 ./source/uart.o
 .group         0x00000000        0xc ./SDK/startup/hardware.o
 .group         0x00000000        0xc ./SDK/startup/hardware.o
 .group         0x00000000        0xc ./SDK/startup/hardware.o
 .group         0x00000000        0xc ./SDK/startup/hardware.o
 .group         0x00000000        0xc ./SDK/startup/hardware.o
 .group         0x00000000        0xc ./SDK/startup/hardware.o
 .group         0x00000000        0xc ./SDK/startup/hardware.o
 .group         0x00000000        0xc ./SDK/startup/hardware.o
 .group         0x00000000        0xc ./SDK/startup/hardware.o
 .group         0x00000000        0xc ./SDK/startup/hardware.o
 .group         0x00000000        0xc ./SDK/startup/hardware.o
 .group         0x00000000        0xc ./SDK/startup/hardware.o
 .group         0x00000000        0xc ./SDK/startup/hardware.o
 .text          0x00000000        0x0 ./SDK/startup/hardware.o
 .data          0x00000000        0x0 ./SDK/startup/hardware.o
 .bss           0x00000000        0x0 ./SDK/startup/hardware.o
 .debug_macro   0x00000000      0xa5a ./SDK/startup/hardware.o
 .debug_macro   0x00000000      0x34e ./SDK/startup/hardware.o
 .debug_macro   0x00000000       0x22 ./SDK/startup/hardware.o
 .debug_macro   0x00000000       0x10 ./SDK/startup/hardware.o
 .debug_macro   0x00000000       0x5c ./SDK/startup/hardware.o
 .debug_macro   0x00000000       0x1c ./SDK/startup/hardware.o
 .debug_macro   0x00000000       0x22 ./SDK/startup/hardware.o
 .debug_macro   0x00000000       0xdf ./SDK/startup/hardware.o
 .debug_macro   0x00000000      0xecf ./SDK/startup/hardware.o
 .debug_macro   0x00000000       0x48 ./SDK/startup/hardware.o
 .debug_macro   0x00000000     0xe07b ./SDK/startup/hardware.o
 .debug_macro   0x00000000     0x122b ./SDK/startup/hardware.o
 .debug_macro   0x00000000       0x16 ./SDK/startup/hardware.o
 .group         0x00000000        0xc ./SDK/startup/main.o
 .group         0x00000000        0xc ./SDK/startup/main.o
 .group         0x00000000        0xc ./SDK/startup/main.o
 .group         0x00000000        0xc ./SDK/startup/main.o
 .group         0x00000000        0xc ./SDK/startup/main.o
 .group         0x00000000        0xc ./SDK/startup/main.o
 .group         0x00000000        0xc ./SDK/startup/main.o
 .group         0x00000000        0xc ./SDK/startup/main.o
 .group         0x00000000        0xc ./SDK/startup/main.o
 .group         0x00000000        0xc ./SDK/startup/main.o
 .group         0x00000000        0xc ./SDK/startup/main.o
 .group         0x00000000        0xc ./SDK/startup/main.o
 .group         0x00000000        0xc ./SDK/startup/main.o
 .text          0x00000000        0x0 ./SDK/startup/main.o
 .data          0x00000000        0x0 ./SDK/startup/main.o
 .bss           0x00000000        0x0 ./SDK/startup/main.o
 .debug_macro   0x00000000      0xa5a ./SDK/startup/main.o
 .debug_macro   0x00000000      0x34e ./SDK/startup/main.o
 .debug_macro   0x00000000       0x22 ./SDK/startup/main.o
 .debug_macro   0x00000000       0x10 ./SDK/startup/main.o
 .debug_macro   0x00000000       0x5c ./SDK/startup/main.o
 .debug_macro   0x00000000       0x1c ./SDK/startup/main.o
 .debug_macro   0x00000000       0x22 ./SDK/startup/main.o
 .debug_macro   0x00000000       0xdf ./SDK/startup/main.o
 .debug_macro   0x00000000      0xecf ./SDK/startup/main.o
 .debug_macro   0x00000000       0x48 ./SDK/startup/main.o
 .debug_macro   0x00000000     0xe07b ./SDK/startup/main.o
 .debug_macro   0x00000000     0x122b ./SDK/startup/main.o
 .debug_macro   0x00000000       0x16 ./SDK/startup/main.o
 .group         0x00000000        0xc ./SDK/startup/semihost_hardfault.o
 .text          0x00000000        0x0 ./SDK/startup/semihost_hardfault.o
 .data          0x00000000        0x0 ./SDK/startup/semihost_hardfault.o
 .bss           0x00000000        0x0 ./SDK/startup/semihost_hardfault.o
 .debug_macro   0x00000000      0xa5a ./SDK/startup/semihost_hardfault.o
 .group         0x00000000        0xc ./SDK/startup/startup_mk64f12.o
 .text          0x00000000        0x0 ./SDK/startup/startup_mk64f12.o
 .data          0x00000000        0x0 ./SDK/startup/startup_mk64f12.o
 .bss           0x00000000        0x0 ./SDK/startup/startup_mk64f12.o
 .text.UART0_RX_TX_IRQHandler
                0x00000000        0x8 ./SDK/startup/startup_mk64f12.o
 .text.UART1_RX_TX_IRQHandler
                0x00000000        0x8 ./SDK/startup/startup_mk64f12.o
 .text.UART2_RX_TX_IRQHandler
                0x00000000        0x8 ./SDK/startup/startup_mk64f12.o
 .text.UART3_RX_TX_IRQHandler
                0x00000000        0x8 ./SDK/startup/startup_mk64f12.o
 .text.PORTA_IRQHandler
                0x00000000        0x8 ./SDK/startup/startup_mk64f12.o
 .text.PORTB_IRQHandler
                0x00000000        0x8 ./SDK/startup/startup_mk64f12.o
 .text.PORTC_IRQHandler
                0x00000000        0x8 ./SDK/startup/startup_mk64f12.o
 .text.PORTD_IRQHandler
                0x00000000        0x8 ./SDK/startup/startup_mk64f12.o
 .text.PORTE_IRQHandler
                0x00000000        0x8 ./SDK/startup/startup_mk64f12.o
 .text.UART4_RX_TX_IRQHandler
                0x00000000        0x8 ./SDK/startup/startup_mk64f12.o
 .text.UART5_RX_TX_IRQHandler
                0x00000000        0x8 ./SDK/startup/startup_mk64f12.o
 .debug_macro   0x00000000      0xa5a ./SDK/startup/startup_mk64f12.o
 .group         0x00000000        0xc ./SDK/CMSIS/system_MK64F12.o
 .group         0x00000000        0xc ./SDK/CMSIS/system_MK64F12.o
 .group         0x00000000        0xc ./SDK/CMSIS/system_MK64F12.o
 .group         0x00000000        0xc ./SDK/CMSIS/system_MK64F12.o
 .group         0x00000000        0xc ./SDK/CMSIS/system_MK64F12.o
 .group         0x00000000        0xc ./SDK/CMSIS/system_MK64F12.o
 .group         0x00000000        0xc ./SDK/CMSIS/system_MK64F12.o
 .group         0x00000000        0xc ./SDK/CMSIS/system_MK64F12.o
 .group         0x00000000        0xc ./SDK/CMSIS/system_MK64F12.o
 .group         0x00000000        0xc ./SDK/CMSIS/system_MK64F12.o
 .group         0x00000000        0xc ./SDK/CMSIS/system_MK64F12.o
 .text          0x00000000        0x0 ./SDK/CMSIS/system_MK64F12.o
 .data          0x00000000        0x0 ./SDK/CMSIS/system_MK64F12.o
 .bss           0x00000000        0x0 ./SDK/CMSIS/system_MK64F12.o
 .data.SystemCoreClock
                0x00000000        0x4 ./SDK/CMSIS/system_MK64F12.o
 .text.SystemCoreClockUpdate
                0x00000000      0x278 ./SDK/CMSIS/system_MK64F12.o
 .debug_macro   0x00000000      0xa5a ./SDK/CMSIS/system_MK64F12.o
 .debug_macro   0x00000000      0x34e ./SDK/CMSIS/system_MK64F12.o
 .debug_macro   0x00000000       0x10 ./SDK/CMSIS/system_MK64F12.o
 .debug_macro   0x00000000       0x5c ./SDK/CMSIS/system_MK64F12.o
 .debug_macro   0x00000000       0x1c ./SDK/CMSIS/system_MK64F12.o
 .debug_macro   0x00000000       0x22 ./SDK/CMSIS/system_MK64F12.o
 .debug_macro   0x00000000       0xdf ./SDK/CMSIS/system_MK64F12.o
 .debug_macro   0x00000000      0xecf ./SDK/CMSIS/system_MK64F12.o
 .debug_macro   0x00000000       0x48 ./SDK/CMSIS/system_MK64F12.o
 .debug_macro   0x00000000     0xe07b ./SDK/CMSIS/system_MK64F12.o
 .debug_macro   0x00000000     0x122b ./SDK/CMSIS/system_MK64F12.o

Memory Configuration

Name             Origin             Length             Attributes
PROGRAM_FLASH    0x00000000         0x00100000         xr
SRAM_UPPER       0x20000000         0x00030000         xrw
SRAM_LOWER       0x1fff0000         0x00010000         xrw
FLEX_RAM         0x14000000         0x00001000         xrw
*default*        0x00000000         0xffffffff

Linker script and memory map

LOAD ./source/App.o
LOAD ./source/SysTick.o
LOAD ./source/can.o
LOAD ./source/data_manager.o
LOAD ./source/fifo.o
LOAD ./source/gpio.o
LOAD ./source/timer.o
LOAD ./source/uart.o
LOAD ./SDK/startup/hardware.o
LOAD ./SDK/startup/main.o
LOAD ./SDK/startup/semihost_hardfault.o
LOAD ./SDK/startup/startup_mk64f12.o
LOAD ./SDK/CMSIS/system_MK64F12.o
START GROUP
LOAD c:/mcuxpressoide_10.2.0_759/ide/tools/bin/../lib/gcc/arm-none-eabi/7.2.1/../../../../arm-none-eabi/lib/thumb/v7e-m/fpv4-sp/hard\libcr_c.a
LOAD c:/mcuxpressoide_10.2.0_759/ide/tools/bin/../lib/gcc/arm-none-eabi/7.2.1/thumb/v7e-m/fpv4-sp/hard\libcr_eabihelpers.a
END GROUP
                0x00000000                __base_PROGRAM_FLASH = 0x0
                0x00000000                __base_Flash = 0x0
                0x00100000                __top_PROGRAM_FLASH = 0x100000
                0x00100000                __top_Flash = 0x100000
                0x20000000                __base_SRAM_UPPER = 0x20000000
                0x20000000                __base_RAM = 0x20000000
                0x20030000                __top_SRAM_UPPER = 0x20030000
                0x20030000                __top_RAM = 0x20030000
                0x1fff0000                __base_SRAM_LOWER = 0x1fff0000
                0x1fff0000                __base_RAM2 = 0x1fff0000
                0x20000000                __top_SRAM_LOWER = 0x20000000
                0x20000000                __top_RAM2 = 0x20000000
                0x14000000                __base_FLEX_RAM = 0x14000000
                0x14000000                __base_RAM3 = 0x14000000
                0x14001000                __top_FLEX_RAM = 0x14001000
                0x14001000                __top_RAM3 = 0x14001000

.text           0x00000000     0x1918
 FILL mask 0xff
                0x00000000                __vectors_start__ = ABSOLUTE (.)
 *(SORT_BY_ALIGNMENT(.isr_vector))
 .isr_vector    0x00000000      0x198 ./SDK/startup/startup_mk64f12.o
                0x00000000                g_pfnVectors
                0x00000000                __Vectors
                0x00000198                . = ALIGN (0x4)
                0x00000198                __section_table_start = .
                0x00000198                __data_section_table = .
                0x00000198        0x4 LONG 0x1918 LOADADDR (.data)
                0x0000019c        0x4 LONG 0x20000000 ADDR (.data)
                0x000001a0        0x4 LONG 0x0 SIZEOF (.data)
                0x000001a4        0x4 LONG 0x1918 LOADADDR (.data_RAM2)
                0x000001a8        0x4 LONG 0x1fff0000 ADDR (.data_RAM2)
                0x000001ac        0x4 LONG 0x0 SIZEOF (.data_RAM2)
                0x000001b0        0x4 LONG 0x1918 LOADADDR (.data_RAM3)
                0x000001b4        0x4 LONG 0x14000000 ADDR (.data_RAM3)
                0x000001b8        0x4 LONG 0x0 SIZEOF (.data_RAM3)
                0x000001bc                __data_section_table_end = .
                0x000001bc                __bss_section_table = .
                0x000001bc        0x4 LONG 0x20000000 ADDR (.bss)
                0x000001c0        0x4 LONG 0x13a8 SIZEOF (.bss)
                0x000001c4        0x4 LONG 0x1fff0000 ADDR (.bss_RAM2)
                0x000001c8        0x4 LONG 0x0 SIZEOF (.bss_RAM2)
                0x000001cc        0x4 LONG 0x14000000 ADDR (.bss_RAM3)
                0x000001d0        0x4 LONG 0x0 SIZEOF (.bss_RAM3)
                0x000001d4                __bss_section_table_end = .
                0x000001d4                __section_table_end = .
 *(SORT_BY_ALIGNMENT(.after_vectors*))
 .after_vectors.reset
                0x000001d4       0x4c ./SDK/startup/startup_mk64f12.o
                0x000001d4                ResetISR
 .after_vectors.init_data
                0x00000220       0x1e ./SDK/startup/startup_mk64f12.o
                0x00000220                data_init
 .after_vectors.init_bss
                0x0000023e       0x12 ./SDK/startup/startup_mk64f12.o
                0x0000023e                bss_init
 .after_vectors
                0x00000250       0x14 ./SDK/startup/startup_mk64f12.o
                0x00000250                NMI_Handler
                0x00000254                MemManage_Handler
                0x00000256                BusFault_Handler
                0x00000258                UsageFault_Handler
                0x0000025a                SVC_Handler
                0x0000025c                DebugMon_Handler
                0x0000025e                PendSV_Handler
                0x00000262                DMA_Error_DriverIRQHandler
                0x00000262                LPTMR0_DriverIRQHandler
                0x00000262                FTM1_DriverIRQHandler
                0x00000262                FTM2_DriverIRQHandler
                0x00000262                PIT2_DriverIRQHandler
                0x00000262                SDHC_DriverIRQHandler
                0x00000262                I2S0_Tx_DriverIRQHandler
                0x00000262                RTC_Seconds_DriverIRQHandler
                0x00000262                DMA6_DriverIRQHandler
                0x00000262                LLWU_DriverIRQHandler
                0x00000262                MCM_DriverIRQHandler
                0x00000262                MCG_DriverIRQHandler
                0x00000262                ENET_1588_Timer_DriverIRQHandler
                0x00000262                I2C2_DriverIRQHandler
                0x00000262                DAC1_DriverIRQHandler
                0x00000262                SPI1_DriverIRQHandler
                0x00000262                CMP1_DriverIRQHandler
                0x00000262                UART5_RX_TX_DriverIRQHandler
                0x00000262                FTM0_DriverIRQHandler
                0x00000262                IntDefaultHandler
                0x00000262                USB0_DriverIRQHandler
                0x00000262                UART5_ERR_DriverIRQHandler
                0x00000262                PORTC_DriverIRQHandler
                0x00000262                DMA11_DriverIRQHandler
                0x00000262                DAC0_DriverIRQHandler
                0x00000262                DMA10_DriverIRQHandler
                0x00000262                CMP2_DriverIRQHandler
                0x00000262                UART2_ERR_DriverIRQHandler
                0x00000262                SPI2_DriverIRQHandler
                0x00000262                LVD_LVW_DriverIRQHandler
                0x00000262                PIT0_DriverIRQHandler
                0x00000262                RNG_DriverIRQHandler
                0x00000262                DMA5_DriverIRQHandler
                0x00000262                DMA12_DriverIRQHandler
                0x00000262                UART2_RX_TX_DriverIRQHandler
                0x00000262                USBDCD_DriverIRQHandler
                0x00000262                UART3_ERR_DriverIRQHandler
                0x00000262                DMA3_DriverIRQHandler
                0x00000262                DMA8_DriverIRQHandler
                0x00000262                DMA9_DriverIRQHandler
                0x00000262                UART0_ERR_DriverIRQHandler
                0x00000262                CMT_DriverIRQHandler
                0x00000262                Reserved71_DriverIRQHandler
                0x00000262                ADC1_DriverIRQHandler
                0x00000262                PORTA_DriverIRQHandler
                0x00000262                DMA14_DriverIRQHandler
                0x00000262                PIT3_DriverIRQHandler
                0x00000262                PIT1_DriverIRQHandler
                0x00000262                WDOG_EWM_DriverIRQHandler
                0x00000262                PDB0_DriverIRQHandler
                0x00000262                RTC_DriverIRQHandler
                0x00000262                I2S0_Rx_DriverIRQHandler
                0x00000262                Read_Collision_DriverIRQHandler
                0x00000262                SWI_DriverIRQHandler
                0x00000262                UART4_RX_TX_DriverIRQHandler
                0x00000262                UART4_ERR_DriverIRQHandler
                0x00000262                PORTB_DriverIRQHandler
                0x00000262                UART0_LON_DriverIRQHandler
                0x00000262                DMA0_DriverIRQHandler
                0x00000262                DMA1_DriverIRQHandler
                0x00000262                I2C1_DriverIRQHandler
                0x00000262                UART3_RX_TX_DriverIRQHandler
                0x00000262                ENET_Receive_DriverIRQHandler
                0x00000262                DMA13_DriverIRQHandler
                0x00000262                ENET_Error_DriverIRQHandler
                0x00000262                DMA15_DriverIRQHandler
                0x00000262                UART0_RX_TX_DriverIRQHandler
                0x00000262                SPI0_DriverIRQHandler
                0x00000262                ADC0_DriverIRQHandler
                0x00000262                CMP0_DriverIRQHandler
                0x00000262                CAN0_DriverIRQHandler
                0x00000262                FTM3_DriverIRQHandler
                0x00000262                DMA4_DriverIRQHandler
                0x00000262                UART1_ERR_DriverIRQHandler
                0x00000262                DMA2_DriverIRQHandler
                0x00000262                ENET_Transmit_DriverIRQHandler
                0x00000262                PORTD_DriverIRQHandler
                0x00000262                PORTE_DriverIRQHandler
                0x00000262                FTFE_DriverIRQHandler
                0x00000262                I2C0_DriverIRQHandler
                0x00000262                DMA7_DriverIRQHandler
                0x00000262                UART1_RX_TX_DriverIRQHandler
                0x00000400                . = 0x400
 *fill*         0x00000264      0x19c ff
                0x00000400                PROVIDE (__FLASH_CONFIG_START__, .)
 *(SORT_BY_ALIGNMENT(.FlashConfig))
 .FlashConfig   0x00000400       0x10 ./SDK/startup/startup_mk64f12.o
                0x00000400                Flash_Config
                0x00000410                PROVIDE (__FLASH_CONFIG_END__, .)
                0x00000001                ASSERT (! ((__FLASH_CONFIG_START__ == __FLASH_CONFIG_END__)), Linker Flash Config Support Enabled, but no .FlashConfig section provided within application)
 *(SORT_BY_ALIGNMENT(.text*))
 .text.App_Init
                0x00000410       0x38 ./source/App.o
                0x00000410                App_Init
 .text.updateBoard
                0x00000448       0x90 ./source/App.o
                0x00000448                updateBoard
 .text.setBoard
                0x000004d8       0x48 ./source/App.o
                0x000004d8                setBoard
 .text.genData  0x00000520       0xc8 ./source/App.o
                0x00000520                genData
 .text.GetPositionEvent
                0x000005e8       0x50 ./source/App.o
                0x000005e8                GetPositionEvent
 .text.getRoll  0x00000638       0x1c ./source/App.o
                0x00000638                getRoll
 .text.getPitch
                0x00000654       0x1c ./source/App.o
                0x00000654                getPitch
 .text.getYaw   0x00000670       0x1c ./source/App.o
                0x00000670                getYaw
 .text.SysTick_Handler
                0x0000068c       0x34 ./source/SysTick.o
                0x0000068c                SysTick_Handler
 .text.dataManager_init
                0x000006c0       0x54 ./source/data_manager.o
                0x000006c0                dataManager_init
 .text.sendData
                0x00000714      0x184 ./source/data_manager.o
                0x00000714                sendData
 .text.getBoard
                0x00000898       0x38 ./source/data_manager.o
                0x00000898                getBoard
 .text.FIFO_GetId
                0x000008d0       0x30 ./source/fifo.o
                0x000008d0                FIFO_GetId
 .text.FIFO_IsBufferEmpty
                0x00000900       0x70 ./source/fifo.o
                0x00000900                FIFO_IsBufferEmpty
 .text.FIFO_PushToBuffer
                0x00000970      0x118 ./source/fifo.o
                0x00000970                FIFO_PushToBuffer
 .text.FIFO_PullFromBuffer
                0x00000a88      0x13c ./source/fifo.o
                0x00000a88                FIFO_PullFromBuffer
 .text.init_fifo
                0x00000bc4       0x5c ./source/fifo.o
                0x00000bc4                init_fifo
 .text.gpioWrite
                0x00000c20       0x54 ./source/gpio.o
                0x00000c20                gpioWrite
 .text.IRQHandler
                0x00000c74       0x74 ./source/gpio.o
 .text.__NVIC_EnableIRQ
                0x00000ce8       0x3c ./source/uart.o
 .text.uartInit
                0x00000d24      0x130 ./source/uart.o
                0x00000d24                uartInit
 .text.uartWriteMsg
                0x00000e54       0x80 ./source/uart.o
                0x00000e54                uartWriteMsg
 .text.UART_EnableClockGating
                0x00000ed4       0xdc ./source/uart.o
                0x00000ed4                UART_EnableClockGating
 .text.UART_SetBaudRate
                0x00000fb0       0xb8 ./source/uart.o
                0x00000fb0                UART_SetBaudRate
 .text.UART_SetEnableIRQ
                0x00001068       0x60 ./source/uart.o
                0x00001068                UART_SetEnableIRQ
 .text.uart_irq_handler
                0x000010c8       0xb8 ./source/uart.o
                0x000010c8                uart_irq_handler
 .text.hw_Init  0x00001180      0x10c ./SDK/startup/hardware.o
                0x00001180                hw_Init
 .text.hw_EnableInterrupts
                0x0000128c       0x30 ./SDK/startup/hardware.o
                0x0000128c                hw_EnableInterrupts
 .text.hw_DisableInterrupts
                0x000012bc       0x20 ./SDK/startup/hardware.o
                0x000012bc                hw_DisableInterrupts
 .text.SystemInit
                0x000012dc       0x3c ./SDK/CMSIS/system_MK64F12.o
                0x000012dc                SystemInit
 .text.App_Run  0x00001318       0x10 ./source/App.o
                0x00001318                App_Run
 .text.getGroup
                0x00001328       0x18 ./source/App.o
                0x00001328                getGroup
 .text.FIFO_WriteToBuffer
                0x00001340       0x4e ./source/fifo.o
                0x00001340                FIFO_WriteToBuffer
 .text.PORTA_IRQHandler
                0x0000138e       0x1e ./source/gpio.o
                0x0000138e                PORTA_IRQHandler
 .text.PORTB_IRQHandler
                0x000013ac       0x1e ./source/gpio.o
                0x000013ac                PORTB_IRQHandler
 .text.PORTC_IRQHandler
                0x000013ca       0x1e ./source/gpio.o
                0x000013ca                PORTC_IRQHandler
 .text.PORTD_IRQHandler
                0x000013e8       0x1e ./source/gpio.o
                0x000013e8                PORTD_IRQHandler
 .text.PORTE_IRQHandler
                0x00001406       0x1e ./source/gpio.o
                0x00001406                PORTE_IRQHandler
 .text.UART_DisableTxRx
                0x00001424       0x24 ./source/uart.o
                0x00001424                UART_DisableTxRx
 .text.UART_EnableTxRx
                0x00001448       0x1a ./source/uart.o
                0x00001448                UART_EnableTxRx
 .text.UART_SetParity
                0x00001462       0x6c ./source/uart.o
                0x00001462                UART_SetParity
 .text.UART_SetDataSize
                0x000014ce       0x40 ./source/uart.o
                0x000014ce                UART_SetDataSize
 .text.UART_SetStopBit
                0x0000150e       0x40 ./source/uart.o
                0x0000150e                UART_SetStopBit
 .text.UART0_RX_TX_IRQHandler
                0x0000154e       0x1e ./source/uart.o
                0x0000154e                UART0_RX_TX_IRQHandler
 .text.UART1_RX_TX_IRQHandler
                0x0000156c       0x1e ./source/uart.o
                0x0000156c                UART1_RX_TX_IRQHandler
 .text.UART2_RX_TX_IRQHandler
                0x0000158a       0x1e ./source/uart.o
                0x0000158a                UART2_RX_TX_IRQHandler
 .text.UART3_RX_TX_IRQHandler
                0x000015a8       0x1e ./source/uart.o
                0x000015a8                UART3_RX_TX_IRQHandler
 .text.UART4_RX_TX_IRQHandler
                0x000015c6       0x1e ./source/uart.o
                0x000015c6                UART4_RX_TX_IRQHandler
 .text.UART5_RX_TX_IRQHandler
                0x000015e4       0x1e ./source/uart.o
                0x000015e4                UART5_RX_TX_IRQHandler
 .text.main     0x00001602       0x1a ./SDK/startup/main.o
                0x00001602                main
 .text.HardFault_Handler
                0x0000161c       0x2c ./SDK/startup/semihost_hardfault.o
                0x0000161c                HardFault_Handler
 .text.DMA0_IRQHandler
                0x00001648        0x8 ./SDK/startup/startup_mk64f12.o
                0x00001648                DMA0_IRQHandler
 .text.DMA1_IRQHandler
                0x00001650        0x8 ./SDK/startup/startup_mk64f12.o
                0x00001650                DMA1_IRQHandler
 .text.DMA2_IRQHandler
                0x00001658        0x8 ./SDK/startup/startup_mk64f12.o
                0x00001658                DMA2_IRQHandler
 .text.DMA3_IRQHandler
                0x00001660        0x8 ./SDK/startup/startup_mk64f12.o
                0x00001660                DMA3_IRQHandler
 .text.DMA4_IRQHandler
                0x00001668        0x8 ./SDK/startup/startup_mk64f12.o
                0x00001668                DMA4_IRQHandler
 .text.DMA5_IRQHandler
                0x00001670        0x8 ./SDK/startup/startup_mk64f12.o
                0x00001670                DMA5_IRQHandler
 .text.DMA6_IRQHandler
                0x00001678        0x8 ./SDK/startup/startup_mk64f12.o
                0x00001678                DMA6_IRQHandler
 .text.DMA7_IRQHandler
                0x00001680        0x8 ./SDK/startup/startup_mk64f12.o
                0x00001680                DMA7_IRQHandler
 .text.DMA8_IRQHandler
                0x00001688        0x8 ./SDK/startup/startup_mk64f12.o
                0x00001688                DMA8_IRQHandler
 .text.DMA9_IRQHandler
                0x00001690        0x8 ./SDK/startup/startup_mk64f12.o
                0x00001690                DMA9_IRQHandler
 .text.DMA10_IRQHandler
                0x00001698        0x8 ./SDK/startup/startup_mk64f12.o
                0x00001698                DMA10_IRQHandler
 .text.DMA11_IRQHandler
                0x000016a0        0x8 ./SDK/startup/startup_mk64f12.o
                0x000016a0                DMA11_IRQHandler
 .text.DMA12_IRQHandler
                0x000016a8        0x8 ./SDK/startup/startup_mk64f12.o
                0x000016a8                DMA12_IRQHandler
 .text.DMA13_IRQHandler
                0x000016b0        0x8 ./SDK/startup/startup_mk64f12.o
                0x000016b0                DMA13_IRQHandler
 .text.DMA14_IRQHandler
                0x000016b8        0x8 ./SDK/startup/startup_mk64f12.o
                0x000016b8                DMA14_IRQHandler
 .text.DMA15_IRQHandler
                0x000016c0        0x8 ./SDK/startup/startup_mk64f12.o
                0x000016c0                DMA15_IRQHandler
 .text.DMA_Error_IRQHandler
                0x000016c8        0x8 ./SDK/startup/startup_mk64f12.o
                0x000016c8                DMA_Error_IRQHandler
 .text.MCM_IRQHandler
                0x000016d0        0x8 ./SDK/startup/startup_mk64f12.o
                0x000016d0                MCM_IRQHandler
 .text.FTFE_IRQHandler
                0x000016d8        0x8 ./SDK/startup/startup_mk64f12.o
                0x000016d8                FTFE_IRQHandler
 .text.Read_Collision_IRQHandler
                0x000016e0        0x8 ./SDK/startup/startup_mk64f12.o
                0x000016e0                Read_Collision_IRQHandler
 .text.LVD_LVW_IRQHandler
                0x000016e8        0x8 ./SDK/startup/startup_mk64f12.o
                0x000016e8                LVD_LVW_IRQHandler
 .text.LLWU_IRQHandler
                0x000016f0        0x8 ./SDK/startup/startup_mk64f12.o
                0x000016f0                LLWU_IRQHandler
 .text.WDOG_EWM_IRQHandler
                0x000016f8        0x8 ./SDK/startup/startup_mk64f12.o
                0x000016f8                WDOG_EWM_IRQHandler
 .text.RNG_IRQHandler
                0x00001700        0x8 ./SDK/startup/startup_mk64f12.o
                0x00001700                RNG_IRQHandler
 .text.I2C0_IRQHandler
                0x00001708        0x8 ./SDK/startup/startup_mk64f12.o
                0x00001708                I2C0_IRQHandler
 .text.I2C1_IRQHandler
                0x00001710        0x8 ./SDK/startup/startup_mk64f12.o
                0x00001710                I2C1_IRQHandler
 .text.SPI0_IRQHandler
                0x00001718        0x8 ./SDK/startup/startup_mk64f12.o
                0x00001718                SPI0_IRQHandler
 .text.SPI1_IRQHandler
                0x00001720        0x8 ./SDK/startup/startup_mk64f12.o
                0x00001720                SPI1_IRQHandler
 .text.I2S0_Tx_IRQHandler
                0x00001728        0x8 ./SDK/startup/startup_mk64f12.o
                0x00001728                I2S0_Tx_IRQHandler
 .text.I2S0_Rx_IRQHandler
                0x00001730        0x8 ./SDK/startup/startup_mk64f12.o
                0x00001730                I2S0_Rx_IRQHandler
 .text.UART0_LON_IRQHandler
                0x00001738        0x8 ./SDK/startup/startup_mk64f12.o
                0x00001738                UART0_LON_IRQHandler
 .text.UART0_ERR_IRQHandler
                0x00001740        0x8 ./SDK/startup/startup_mk64f12.o
                0x00001740                UART0_ERR_IRQHandler
 .text.UART1_ERR_IRQHandler
                0x00001748        0x8 ./SDK/startup/startup_mk64f12.o
                0x00001748                UART1_ERR_IRQHandler
 .text.UART2_ERR_IRQHandler
                0x00001750        0x8 ./SDK/startup/startup_mk64f12.o
                0x00001750                UART2_ERR_IRQHandler
 .text.UART3_ERR_IRQHandler
                0x00001758        0x8 ./SDK/startup/startup_mk64f12.o
                0x00001758                UART3_ERR_IRQHandler
 .text.ADC0_IRQHandler
                0x00001760        0x8 ./SDK/startup/startup_mk64f12.o
                0x00001760                ADC0_IRQHandler
 .text.CMP0_IRQHandler
                0x00001768        0x8 ./SDK/startup/startup_mk64f12.o
                0x00001768                CMP0_IRQHandler
 .text.CMP1_IRQHandler
                0x00001770        0x8 ./SDK/startup/startup_mk64f12.o
                0x00001770                CMP1_IRQHandler
 .text.FTM0_IRQHandler
                0x00001778        0x8 ./SDK/startup/startup_mk64f12.o
                0x00001778                FTM0_IRQHandler
 .text.FTM1_IRQHandler
                0x00001780        0x8 ./SDK/startup/startup_mk64f12.o
                0x00001780                FTM1_IRQHandler
 .text.FTM2_IRQHandler
                0x00001788        0x8 ./SDK/startup/startup_mk64f12.o
                0x00001788                FTM2_IRQHandler
 .text.CMT_IRQHandler
                0x00001790        0x8 ./SDK/startup/startup_mk64f12.o
                0x00001790                CMT_IRQHandler
 .text.RTC_IRQHandler
                0x00001798        0x8 ./SDK/startup/startup_mk64f12.o
                0x00001798                RTC_IRQHandler
 .text.RTC_Seconds_IRQHandler
                0x000017a0        0x8 ./SDK/startup/startup_mk64f12.o
                0x000017a0                RTC_Seconds_IRQHandler
 .text.PIT0_IRQHandler
                0x000017a8        0x8 ./SDK/startup/startup_mk64f12.o
                0x000017a8                PIT0_IRQHandler
 .text.PIT1_IRQHandler
                0x000017b0        0x8 ./SDK/startup/startup_mk64f12.o
                0x000017b0                PIT1_IRQHandler
 .text.PIT2_IRQHandler
                0x000017b8        0x8 ./SDK/startup/startup_mk64f12.o
                0x000017b8                PIT2_IRQHandler
 .text.PIT3_IRQHandler
                0x000017c0        0x8 ./SDK/startup/startup_mk64f12.o
                0x000017c0                PIT3_IRQHandler
 .text.PDB0_IRQHandler
                0x000017c8        0x8 ./SDK/startup/startup_mk64f12.o
                0x000017c8                PDB0_IRQHandler
 .text.USB0_IRQHandler
                0x000017d0        0x8 ./SDK/startup/startup_mk64f12.o
                0x000017d0                USB0_IRQHandler
 .text.USBDCD_IRQHandler
                0x000017d8        0x8 ./SDK/startup/startup_mk64f12.o
                0x000017d8                USBDCD_IRQHandler
 .text.Reserved71_IRQHandler
                0x000017e0        0x8 ./SDK/startup/startup_mk64f12.o
                0x000017e0                Reserved71_IRQHandler
 .text.DAC0_IRQHandler
                0x000017e8        0x8 ./SDK/startup/startup_mk64f12.o
                0x000017e8                DAC0_IRQHandler
 .text.MCG_IRQHandler
                0x000017f0        0x8 ./SDK/startup/startup_mk64f12.o
                0x000017f0                MCG_IRQHandler
 .text.LPTMR0_IRQHandler
                0x000017f8        0x8 ./SDK/startup/startup_mk64f12.o
                0x000017f8                LPTMR0_IRQHandler
 .text.SWI_IRQHandler
                0x00001800        0x8 ./SDK/startup/startup_mk64f12.o
                0x00001800                SWI_IRQHandler
 .text.SPI2_IRQHandler
                0x00001808        0x8 ./SDK/startup/startup_mk64f12.o
                0x00001808                SPI2_IRQHandler
 .text.UART4_ERR_IRQHandler
                0x00001810        0x8 ./SDK/startup/startup_mk64f12.o
                0x00001810                UART4_ERR_IRQHandler
 .text.UART5_ERR_IRQHandler
                0x00001818        0x8 ./SDK/startup/startup_mk64f12.o
                0x00001818                UART5_ERR_IRQHandler
 .text.CMP2_IRQHandler
                0x00001820        0x8 ./SDK/startup/startup_mk64f12.o
                0x00001820                CMP2_IRQHandler
 .text.FTM3_IRQHandler
                0x00001828        0x8 ./SDK/startup/startup_mk64f12.o
                0x00001828                FTM3_IRQHandler
 .text.DAC1_IRQHandler
                0x00001830        0x8 ./SDK/startup/startup_mk64f12.o
                0x00001830                DAC1_IRQHandler
 .text.ADC1_IRQHandler
                0x00001838        0x8 ./SDK/startup/startup_mk64f12.o
                0x00001838                ADC1_IRQHandler
 .text.I2C2_IRQHandler
                0x00001840        0x8 ./SDK/startup/startup_mk64f12.o
                0x00001840                I2C2_IRQHandler
 .text.CAN0_ORed_Message_buffer_IRQHandler
                0x00001848        0x8 ./SDK/startup/startup_mk64f12.o
                0x00001848                CAN0_ORed_Message_buffer_IRQHandler
 .text.CAN0_Bus_Off_IRQHandler
                0x00001850        0x8 ./SDK/startup/startup_mk64f12.o
                0x00001850                CAN0_Bus_Off_IRQHandler
 .text.CAN0_Error_IRQHandler
                0x00001858        0x8 ./SDK/startup/startup_mk64f12.o
                0x00001858                CAN0_Error_IRQHandler
 .text.CAN0_Tx_Warning_IRQHandler
                0x00001860        0x8 ./SDK/startup/startup_mk64f12.o
                0x00001860                CAN0_Tx_Warning_IRQHandler
 .text.CAN0_Rx_Warning_IRQHandler
                0x00001868        0x8 ./SDK/startup/startup_mk64f12.o
                0x00001868                CAN0_Rx_Warning_IRQHandler
 .text.CAN0_Wake_Up_IRQHandler
                0x00001870        0x8 ./SDK/startup/startup_mk64f12.o
                0x00001870                CAN0_Wake_Up_IRQHandler
 .text.SDHC_IRQHandler
                0x00001878        0x8 ./SDK/startup/startup_mk64f12.o
                0x00001878                SDHC_IRQHandler
 .text.ENET_1588_Timer_IRQHandler
                0x00001880        0x8 ./SDK/startup/startup_mk64f12.o
                0x00001880                ENET_1588_Timer_IRQHandler
 .text.ENET_Transmit_IRQHandler
                0x00001888        0x8 ./SDK/startup/startup_mk64f12.o
                0x00001888                ENET_Transmit_IRQHandler
 .text.ENET_Receive_IRQHandler
                0x00001890        0x8 ./SDK/startup/startup_mk64f12.o
                0x00001890                ENET_Receive_IRQHandler
 .text.ENET_Error_IRQHandler
                0x00001898        0x8 ./SDK/startup/startup_mk64f12.o
                0x00001898                ENET_Error_IRQHandler
 .text.SystemInitHook
                0x000018a0        0xe ./SDK/CMSIS/system_MK64F12.o
                0x000018a0                SystemInitHook
 *(SORT_BY_ALIGNMENT(.rodata) SORT_BY_ALIGNMENT(.rodata.*) SORT_BY_ALIGNMENT(.constdata) SORT_BY_ALIGNMENT(.constdata.*))
 *fill*         0x000018ae        0x2 ff
 .rodata.PORT_PTRS
                0x000018b0       0x14 ./source/gpio.o
 .rodata.GPIO_PTRS
                0x000018c4       0x14 ./source/gpio.o
 .rodata.UART_ptrs
                0x000018d8       0x18 ./source/uart.o
 .rodata.addr_arrays
                0x000018f0       0x14 ./source/uart.o
 .rodata.TX_PINS
                0x00001904        0x5 ./source/uart.o
 *fill*         0x00001909        0x3 ff
 .rodata.RX_PINS
                0x0000190c        0x5 ./source/uart.o
                0x00001918                . = ALIGN (0x8)
 *fill*         0x00001911        0x7 ff

.glue_7         0x00001918        0x0
 .glue_7        0x00001918        0x0 linker stubs

.glue_7t        0x00001918        0x0
 .glue_7t       0x00001918        0x0 linker stubs

.vfp11_veneer   0x00001918        0x0
 .vfp11_veneer  0x00001918        0x0 linker stubs

.v4_bx          0x00001918        0x0
 .v4_bx         0x00001918        0x0 linker stubs

.iplt           0x00001918        0x0
 .iplt          0x00001918        0x0 ./source/App.o

.rel.dyn        0x00001918        0x0
 .rel.iplt      0x00001918        0x0 ./source/App.o

.ARM.extab
 *(SORT_BY_ALIGNMENT(.ARM.extab*) SORT_BY_ALIGNMENT(.gnu.linkonce.armextab.*))
                0x00001918                __exidx_start = .

.ARM.exidx
 *(SORT_BY_ALIGNMENT(.ARM.exidx*) SORT_BY_ALIGNMENT(.gnu.linkonce.armexidx.*))
                0x00001918                __exidx_end = .
                0x00001918                _etext = .

.m_usb_data
 *(SORT_BY_ALIGNMENT(m_usb_bdt))

.data_RAM2      0x1fff0000        0x0 load address 0x00001918
 FILL mask 0xff
                [!provide]                PROVIDE (__start_data_RAM2, .)
 *(SORT_BY_ALIGNMENT(.ramfunc.$RAM2))
 *(SORT_BY_ALIGNMENT(.ramfunc.$SRAM_LOWER))
 *(SORT_BY_ALIGNMENT(.data.$RAM2*))
 *(SORT_BY_ALIGNMENT(.data.$SRAM_LOWER*))
                0x1fff0000                . = ALIGN (0x8)
                [!provide]                PROVIDE (__end_data_RAM2, .)

.data_RAM3      0x14000000        0x0 load address 0x00001918
 FILL mask 0xff
                [!provide]                PROVIDE (__start_data_RAM3, .)
 *(SORT_BY_ALIGNMENT(.ramfunc.$RAM3))
 *(SORT_BY_ALIGNMENT(.ramfunc.$FLEX_RAM))
 *(SORT_BY_ALIGNMENT(.data.$RAM3*))
 *(SORT_BY_ALIGNMENT(.data.$FLEX_RAM*))
                0x14000000                . = ALIGN (0x8)
                [!provide]                PROVIDE (__end_data_RAM3, .)

.uninit_RESERVED
                0x20000000        0x0
 *(SORT_BY_ALIGNMENT(.bss.$RESERVED*))
                0x20000000                . = ALIGN (0x4)
                0x20000000                _end_uninit_RESERVED = .

.data           0x20000000        0x0 load address 0x00001918
 FILL mask 0xff
                0x20000000                _data = .
 *(SORT_BY_ALIGNMENT(vtable))
 *(SORT_BY_ALIGNMENT(.ramfunc*))
 *(SORT_BY_ALIGNMENT(.data*))
                0x20000000                . = ALIGN (0x8)
                0x20000000                _edata = .

.igot.plt       0x20000000        0x0 load address 0x00001918
 .igot.plt      0x20000000        0x0 ./source/App.o

.bss_RAM2       0x1fff0000        0x0
                [!provide]                PROVIDE (__start_bss_RAM2, .)
 *(SORT_BY_ALIGNMENT(.bss.$RAM2*))
 *(SORT_BY_ALIGNMENT(.bss.$SRAM_LOWER*))
                0x1fff0000                . = ALIGN ((. != 0x0)?0x8:0x1)
                [!provide]                PROVIDE (__end_bss_RAM2, .)

.bss_RAM3       0x14000000        0x0
                [!provide]                PROVIDE (__start_bss_RAM3, .)
 *(SORT_BY_ALIGNMENT(.bss.$RAM3*))
 *(SORT_BY_ALIGNMENT(.bss.$FLEX_RAM*))
                0x14000000                . = ALIGN ((. != 0x0)?0x8:0x1)
                [!provide]                PROVIDE (__end_bss_RAM3, .)

.bss            0x20000000     0x13a8
                0x20000000                _bss = .
 *(SORT_BY_ALIGNMENT(.bss*))
 .bss.current_board
                0x20000000        0x6 ./source/App.o
 *fill*         0x20000006        0x2 
 .bss.periferic
                0x20000008        0x6 ./source/App.o
 *fill*         0x2000000e        0x2 
 .bss.callback_ptr
                0x20000010        0x4 ./source/SysTick.o
                0x20000010                callback_ptr
 .bss.boards    0x20000014       0x1e ./source/data_manager.o
 *fill*         0x20000032        0x2 
 .bss.config    0x20000034        0xc ./source/data_manager.o
 .bss.FIFO_Array
                0x20000040     0x10c0 ./source/fifo.o
 .bss.CALLBACKS
                0x20001100      0x280 ./source/gpio.o
 .bss.uart_is_used
                0x20001380        0x5 ./source/uart.o
 *fill*         0x20001385        0x3 
 .bss.tx_fifo   0x20001388        0x5 ./source/uart.o
 *fill*         0x2000138d        0x3 
 .bss.rx_fifo   0x20001390        0x5 ./source/uart.o
 *fill*         0x20001395        0x3 
 .bss.__LDM_interruptDisableCount
                0x20001398        0x4 ./SDK/startup/hardware.o
 .bss.current_group
                0x2000139c        0x1 ./source/App.o
 .bss.rand_event
                0x2000139d        0x1 ./source/App.o
 .bss.position_event
                0x2000139e        0x1 ./source/App.o
 .bss.id        0x2000139f        0x1 ./source/data_manager.o
 .bss.fifo_n    0x200013a0        0x1 ./source/fifo.o
 *(SORT_BY_ALIGNMENT(COMMON))
                0x200013a8                . = ALIGN (0x8)
 *fill*         0x200013a1        0x7 
                0x200013a8                _ebss = .
                [!provide]                PROVIDE (end, .)

.noinit_RAM2    0x1fff0000        0x0
 *(SORT_BY_ALIGNMENT(.noinit.$RAM2*))
 *(SORT_BY_ALIGNMENT(.noinit.$SRAM_LOWER*))
                0x1fff0000                . = ALIGN (0x8)

.noinit_RAM3    0x14000000        0x0
 *(SORT_BY_ALIGNMENT(.noinit.$RAM3*))
 *(SORT_BY_ALIGNMENT(.noinit.$FLEX_RAM*))
                0x14000000                . = ALIGN (0x8)

.noinit         0x200013a8        0x0
                0x200013a8                _noinit = .
 *(SORT_BY_ALIGNMENT(.noinit*))
                0x200013a8                . = ALIGN (0x8)
                0x200013a8                _end_noinit = .
                0x00001000                _HeapSize = 0x1000

.heap           0x200013a8     0x1000
                0x200013a8                _pvHeapStart = .
                0x200023a8                . = (. + _HeapSize)
 *fill*         0x200013a8     0x1000 
                0x200023a8                . = ALIGN (0x8)
                0x200023a8                _pvHeapLimit = .
                0x00001000                _StackSize = 0x1000

.heap2stackfill
                0x200023a8     0x1000
                0x200033a8                . = (. + _StackSize)
 *fill*         0x200023a8     0x1000 

.stack          0x2002f000        0x0
                0x2002f000                _vStackBase = .
                0x2002f000                . = ALIGN (0x8)
                0x20030000                _vStackTop = (. + _StackSize)
                0x00000000                _image_start = LOADADDR (.text)
                0x00001918                _image_end = (LOADADDR (.data) + SIZEOF (.data))
                0x00001918                _image_size = (_image_end - _image_start)
OUTPUT(Blink.axf elf32-littlearm)

.debug_info     0x00000000     0x42e0
 .debug_info    0x00000000      0x272 ./source/App.o
 .debug_info    0x00000272      0x175 ./source/SysTick.o
 .debug_info    0x000003e7      0x2bc ./source/data_manager.o
 .debug_info    0x000006a3      0xc02 ./source/fifo.o
 .debug_info    0x000012a5      0xb0d ./source/gpio.o
 .debug_info    0x00001db2      0xf1b ./source/uart.o
 .debug_info    0x00002ccd      0x675 ./SDK/startup/hardware.o
 .debug_info    0x00003342       0xb7 ./SDK/startup/main.o
 .debug_info    0x000033f9       0x3b ./SDK/startup/semihost_hardfault.o
 .debug_info    0x00003434      0x8b0 ./SDK/startup/startup_mk64f12.o
 .debug_info    0x00003ce4      0x5fc ./SDK/CMSIS/system_MK64F12.o

.debug_abbrev   0x00000000      0xf31
 .debug_abbrev  0x00000000      0x110 ./source/App.o
 .debug_abbrev  0x00000110      0x120 ./source/SysTick.o
 .debug_abbrev  0x00000230      0x135 ./source/data_manager.o
 .debug_abbrev  0x00000365      0x250 ./source/fifo.o
 .debug_abbrev  0x000005b5      0x243 ./source/gpio.o
 .debug_abbrev  0x000007f8      0x2ba ./source/uart.o
 .debug_abbrev  0x00000ab2      0x138 ./SDK/startup/hardware.o
 .debug_abbrev  0x00000bea       0x7d ./SDK/startup/main.o
 .debug_abbrev  0x00000c67       0x2f ./SDK/startup/semihost_hardfault.o
 .debug_abbrev  0x00000c96      0x15c ./SDK/startup/startup_mk64f12.o
 .debug_abbrev  0x00000df2      0x13f ./SDK/CMSIS/system_MK64F12.o

.debug_aranges  0x00000000      0x658
 .debug_aranges
                0x00000000       0x68 ./source/App.o
 .debug_aranges
                0x00000068       0x28 ./source/SysTick.o
 .debug_aranges
                0x00000090       0x30 ./source/data_manager.o
 .debug_aranges
                0x000000c0       0x80 ./source/fifo.o
 .debug_aranges
                0x00000140       0x80 ./source/gpio.o
 .debug_aranges
                0x000001c0       0xc8 ./source/uart.o
 .debug_aranges
                0x00000288       0x30 ./SDK/startup/hardware.o
 .debug_aranges
                0x000002b8       0x20 ./SDK/startup/main.o
 .debug_aranges
                0x000002d8       0x20 ./SDK/startup/semihost_hardfault.o
 .debug_aranges
                0x000002f8      0x330 ./SDK/startup/startup_mk64f12.o
 .debug_aranges
                0x00000628       0x30 ./SDK/CMSIS/system_MK64F12.o

.debug_ranges   0x00000000      0x5a8
 .debug_ranges  0x00000000       0x58 ./source/App.o
 .debug_ranges  0x00000058       0x18 ./source/SysTick.o
 .debug_ranges  0x00000070       0x20 ./source/data_manager.o
 .debug_ranges  0x00000090       0x70 ./source/fifo.o
 .debug_ranges  0x00000100       0x70 ./source/gpio.o
 .debug_ranges  0x00000170       0xb8 ./source/uart.o
 .debug_ranges  0x00000228       0x20 ./SDK/startup/hardware.o
 .debug_ranges  0x00000248       0x10 ./SDK/startup/main.o
 .debug_ranges  0x00000258       0x10 ./SDK/startup/semihost_hardfault.o
 .debug_ranges  0x00000268      0x320 ./SDK/startup/startup_mk64f12.o
 .debug_ranges  0x00000588       0x20 ./SDK/CMSIS/system_MK64F12.o

.debug_macro    0x00000000    0x12a7e
 .debug_macro   0x00000000       0x40 ./source/App.o
 .debug_macro   0x00000040      0xa5a ./source/App.o
 .debug_macro   0x00000a9a      0x34e ./source/App.o
 .debug_macro   0x00000de8       0x22 ./source/App.o
 .debug_macro   0x00000e0a      0x174 ./source/App.o
 .debug_macro   0x00000f7e      0x10a ./source/SysTick.o
 .debug_macro   0x00001088       0x5c ./source/SysTick.o
 .debug_macro   0x000010e4       0x1c ./source/SysTick.o
 .debug_macro   0x00001100       0x22 ./source/SysTick.o
 .debug_macro   0x00001122       0xdf ./source/SysTick.o
 .debug_macro   0x00001201      0xecf ./source/SysTick.o
 .debug_macro   0x000020d0       0x48 ./source/SysTick.o
 .debug_macro   0x00002118     0xe07b ./source/SysTick.o
 .debug_macro   0x00010193       0x10 ./source/SysTick.o
 .debug_macro   0x000101a3     0x122b ./source/SysTick.o
 .debug_macro   0x000113ce       0x16 ./source/SysTick.o
 .debug_macro   0x000113e4       0x40 ./source/SysTick.o
 .debug_macro   0x00011424       0xee ./source/SysTick.o
 .debug_macro   0x00011512       0xa8 ./source/data_manager.o
 .debug_macro   0x000115ba       0x22 ./source/data_manager.o
 .debug_macro   0x000115dc      0x1c5 ./source/fifo.o
 .debug_macro   0x000117a1       0x22 ./source/fifo.o
 .debug_macro   0x000117c3       0x52 ./source/fifo.o
 .debug_macro   0x00011815       0x17 ./source/fifo.o
 .debug_macro   0x0001182c       0x8d ./source/fifo.o
 .debug_macro   0x000118b9       0x35 ./source/fifo.o
 .debug_macro   0x000118ee       0x9c ./source/fifo.o
 .debug_macro   0x0001198a       0x16 ./source/fifo.o
 .debug_macro   0x000119a0       0x57 ./source/fifo.o
 .debug_macro   0x000119f7       0x97 ./source/fifo.o
 .debug_macro   0x00011a8e      0x330 ./source/fifo.o
 .debug_macro   0x00011dbe       0xfd ./source/fifo.o
 .debug_macro   0x00011ebb       0x10 ./source/fifo.o
 .debug_macro   0x00011ecb       0x58 ./source/fifo.o
 .debug_macro   0x00011f23       0x1f ./source/fifo.o
 .debug_macro   0x00011f42       0x43 ./source/fifo.o
 .debug_macro   0x00011f85       0x20 ./source/fifo.o
 .debug_macro   0x00011fa5      0x18e ./source/fifo.o
 .debug_macro   0x00012133       0x10 ./source/fifo.o
 .debug_macro   0x00012143       0x6a ./source/fifo.o
 .debug_macro   0x000121ad       0x1c ./source/fifo.o
 .debug_macro   0x000121c9       0x52 ./source/fifo.o
 .debug_macro   0x0001221b       0x40 ./source/fifo.o
 .debug_macro   0x0001225b       0x10 ./source/fifo.o
 .debug_macro   0x0001226b       0x40 ./source/fifo.o
 .debug_macro   0x000122ab       0xd7 ./source/fifo.o
 .debug_macro   0x00012382       0x1c ./source/fifo.o
 .debug_macro   0x0001239e       0x3d ./source/fifo.o
 .debug_macro   0x000123db       0x16 ./source/fifo.o
 .debug_macro   0x000123f1      0x16f ./source/fifo.o
 .debug_macro   0x00012560       0x28 ./source/fifo.o
 .debug_macro   0x00012588       0xcd ./source/gpio.o
 .debug_macro   0x00012655      0x11b ./source/uart.o
 .debug_macro   0x00012770       0x28 ./source/uart.o
 .debug_macro   0x00012798       0xf4 ./source/uart.o
 .debug_macro   0x0001288c       0x9c ./SDK/startup/hardware.o
 .debug_macro   0x00012928       0x9c ./SDK/startup/main.o
 .debug_macro   0x000129c4       0x11 ./SDK/startup/semihost_hardfault.o
 .debug_macro   0x000129d5       0x29 ./SDK/startup/startup_mk64f12.o
 .debug_macro   0x000129fe       0x80 ./SDK/CMSIS/system_MK64F12.o

.debug_line     0x00000000     0x1c9d
 .debug_line    0x00000000      0x1be ./source/App.o
 .debug_line    0x000001be      0x1b3 ./source/SysTick.o
 .debug_line    0x00000371      0x1ab ./source/data_manager.o
 .debug_line    0x0000051c      0x462 ./source/fifo.o
 .debug_line    0x0000097e      0x2d9 ./source/gpio.o
 .debug_line    0x00000c57      0x411 ./source/uart.o
 .debug_line    0x00001068      0x1d0 ./SDK/startup/hardware.o
 .debug_line    0x00001238      0x171 ./SDK/startup/main.o
 .debug_line    0x000013a9       0x59 ./SDK/startup/semihost_hardfault.o
 .debug_line    0x00001402      0x6d8 ./SDK/startup/startup_mk64f12.o
 .debug_line    0x00001ada      0x1c3 ./SDK/CMSIS/system_MK64F12.o

.debug_str      0x00000000    0x7d455
 .debug_str     0x00000000     0x3a8f ./source/App.o
                               0x3c97 (size before relaxing)
 .debug_str     0x00003a8f    0x73da5 ./source/SysTick.o
                              0x775ff (size before relaxing)
 .debug_str     0x00077834      0x14e ./source/data_manager.o
                              0x70690 (size before relaxing)
 .debug_str     0x00077982     0x44ea ./source/fifo.o
                               0x80ff (size before relaxing)
 .debug_str     0x0007be6c      0x8cc ./source/gpio.o
                              0x779ce (size before relaxing)
 .debug_str     0x0007c738      0x3b0 ./source/uart.o
                              0x78331 (size before relaxing)
 .debug_str     0x0007cae8      0x16f ./SDK/startup/hardware.o
                              0x77235 (size before relaxing)
 .debug_str     0x0007cc57       0x1b ./SDK/startup/main.o
                              0x77009 (size before relaxing)
 .debug_str     0x0007cc72       0x36 ./SDK/startup/semihost_hardfault.o
                               0x2d6f (size before relaxing)
 .debug_str     0x0007cca8      0x74b ./SDK/startup/startup_mk64f12.o
                               0x35dd (size before relaxing)
 .debug_str     0x0007d3f3       0x62 ./SDK/CMSIS/system_MK64F12.o
                              0x77144 (size before relaxing)

.comment        0x00000000       0x7e
 .comment       0x00000000       0x7e ./source/App.o
                                 0x7f (size before relaxing)
 .comment       0x0000007e       0x7f ./source/SysTick.o
 .comment       0x0000007e       0x7f ./source/data_manager.o
 .comment       0x0000007e       0x7f ./source/fifo.o
 .comment       0x0000007e       0x7f ./source/gpio.o
 .comment       0x0000007e       0x7f ./source/uart.o
 .comment       0x0000007e       0x7f ./SDK/startup/hardware.o
 .comment       0x0000007e       0x7f ./SDK/startup/main.o
 .comment       0x0000007e       0x7f ./SDK/startup/semihost_hardfault.o
 .comment       0x0000007e       0x7f ./SDK/startup/startup_mk64f12.o
 .comment       0x0000007e       0x7f ./SDK/CMSIS/system_MK64F12.o

.ARM.attributes
                0x00000000       0x39
 .ARM.attributes
                0x00000000       0x39 ./source/App.o
 .ARM.attributes
                0x00000039       0x39 ./source/SysTick.o
 .ARM.attributes
                0x00000072       0x39 ./source/data_manager.o
 .ARM.attributes
                0x000000ab       0x39 ./source/fifo.o
 .ARM.attributes
                0x000000e4       0x39 ./source/gpio.o
 .ARM.attributes
                0x0000011d       0x39 ./source/uart.o
 .ARM.attributes
                0x00000156       0x39 ./SDK/startup/hardware.o
 .ARM.attributes
                0x0000018f       0x39 ./SDK/startup/main.o
 .ARM.attributes
                0x000001c8       0x39 ./SDK/startup/semihost_hardfault.o
 .ARM.attributes
                0x00000201       0x39 ./SDK/startup/startup_mk64f12.o
 .ARM.attributes
                0x0000023a       0x39 ./SDK/CMSIS/system_MK64F12.o

.debug_frame    0x00000000     0x140c
 .debug_frame   0x00000000      0x160 ./source/App.o
 .debug_frame   0x00000160       0x60 ./source/SysTick.o
 .debug_frame   0x000001c0       0x7c ./source/data_manager.o
 .debug_frame   0x0000023c      0x1f8 ./source/fifo.o
 .debug_frame   0x00000434      0x224 ./source/gpio.o
 .debug_frame   0x00000658      0x380 ./source/uart.o
 .debug_frame   0x000009d8       0x70 ./SDK/startup/hardware.o
 .debug_frame   0x00000a48       0x2c ./SDK/startup/main.o
 .debug_frame   0x00000a74       0x20 ./SDK/startup/semihost_hardfault.o
 .debug_frame   0x00000a94      0x904 ./SDK/startup/startup_mk64f12.o
 .debug_frame   0x00001398       0x74 ./SDK/CMSIS/system_MK64F12.o
