
Discarded input sections

 .group         0x00000000        0xc ./source/App.o
 .group         0x00000000        0xc ./source/App.o
 .group         0x00000000        0xc ./source/App.o
 .group         0x00000000        0xc ./source/App.o
 .group         0x00000000        0xc ./source/App.o
 .group         0x00000000        0xc ./source/App.o
 .text          0x00000000        0x0 ./source/App.o
 .data          0x00000000        0x0 ./source/App.o
 .bss           0x00000000        0x0 ./source/App.o
 .group         0x00000000        0xc ./source/ComunicacionCAN.o
 .group         0x00000000        0xc ./source/ComunicacionCAN.o
 .group         0x00000000        0xc ./source/ComunicacionCAN.o
 .group         0x00000000        0xc ./source/ComunicacionCAN.o
 .group         0x00000000        0xc ./source/ComunicacionCAN.o
 .group         0x00000000        0xc ./source/ComunicacionCAN.o
 .group         0x00000000        0xc ./source/ComunicacionCAN.o
 .group         0x00000000        0xc ./source/ComunicacionCAN.o
 .group         0x00000000        0xc ./source/ComunicacionCAN.o
 .group         0x00000000        0xc ./source/ComunicacionCAN.o
 .group         0x00000000        0xc ./source/ComunicacionCAN.o
 .text          0x00000000        0x0 ./source/ComunicacionCAN.o
 .data          0x00000000        0x0 ./source/ComunicacionCAN.o
 .bss           0x00000000        0x0 ./source/ComunicacionCAN.o
 .text.sendCanMessage
                0x00000000       0x8c ./source/ComunicacionCAN.o
 .debug_macro   0x00000000      0xa60 ./source/ComunicacionCAN.o
 .debug_macro   0x00000000       0x22 ./source/ComunicacionCAN.o
 .debug_macro   0x00000000      0x34e ./source/ComunicacionCAN.o
 .debug_macro   0x00000000       0x28 ./source/ComunicacionCAN.o
 .group         0x00000000        0xc ./source/SysTick.o
 .group         0x00000000        0xc ./source/SysTick.o
 .group         0x00000000        0xc ./source/SysTick.o
 .group         0x00000000        0xc ./source/SysTick.o
 .group         0x00000000        0xc ./source/SysTick.o
 .group         0x00000000        0xc ./source/SysTick.o
 .group         0x00000000        0xc ./source/SysTick.o
 .group         0x00000000        0xc ./source/SysTick.o
 .group         0x00000000        0xc ./source/SysTick.o
 .group         0x00000000        0xc ./source/SysTick.o
 .group         0x00000000        0xc ./source/SysTick.o
 .group         0x00000000        0xc ./source/SysTick.o
 .group         0x00000000        0xc ./source/SysTick.o
 .group         0x00000000        0xc ./source/SysTick.o
 .group         0x00000000        0xc ./source/SysTick.o
 .text          0x00000000        0x0 ./source/SysTick.o
 .data          0x00000000        0x0 ./source/SysTick.o
 .bss           0x00000000        0x0 ./source/SysTick.o
 .text.SysTick_Init
                0x00000000       0x44 ./source/SysTick.o
 .debug_macro   0x00000000      0xa60 ./source/SysTick.o
 .debug_macro   0x00000000       0x22 ./source/SysTick.o
 .debug_macro   0x00000000       0x5c ./source/SysTick.o
 .debug_macro   0x00000000      0x34e ./source/SysTick.o
 .debug_macro   0x00000000       0x1c ./source/SysTick.o
 .debug_macro   0x00000000       0x22 ./source/SysTick.o
 .debug_macro   0x00000000       0xdf ./source/SysTick.o
 .debug_macro   0x00000000      0xecf ./source/SysTick.o
 .debug_macro   0x00000000       0x48 ./source/SysTick.o
 .debug_macro   0x00000000     0xe07b ./source/SysTick.o
 .group         0x00000000        0xc ./source/can.o
 .group         0x00000000        0xc ./source/can.o
 .group         0x00000000        0xc ./source/can.o
 .group         0x00000000        0xc ./source/can.o
 .group         0x00000000        0xc ./source/can.o
 .group         0x00000000        0xc ./source/can.o
 .group         0x00000000        0xc ./source/can.o
 .group         0x00000000        0xc ./source/can.o
 .group         0x00000000        0xc ./source/can.o
 .group         0x00000000        0xc ./source/can.o
 .group         0x00000000        0xc ./source/can.o
 .group         0x00000000        0xc ./source/can.o
 .group         0x00000000        0xc ./source/can.o
 .group         0x00000000        0xc ./source/can.o
 .group         0x00000000        0xc ./source/can.o
 .group         0x00000000        0xc ./source/can.o
 .group         0x00000000        0xc ./source/can.o
 .group         0x00000000        0xc ./source/can.o
 .group         0x00000000        0xc ./source/can.o
 .group         0x00000000        0xc ./source/can.o
 .group         0x00000000        0xc ./source/can.o
 .group         0x00000000        0xc ./source/can.o
 .group         0x00000000        0xc ./source/can.o
 .group         0x00000000        0xc ./source/can.o
 .group         0x00000000        0xc ./source/can.o
 .group         0x00000000        0xc ./source/can.o
 .group         0x00000000        0xc ./source/can.o
 .group         0x00000000        0xc ./source/can.o
 .group         0x00000000        0xc ./source/can.o
 .group         0x00000000        0xc ./source/can.o
 .text          0x00000000        0x0 ./source/can.o
 .data          0x00000000        0x0 ./source/can.o
 .bss           0x00000000        0x0 ./source/can.o
 .text.CAN_WriteTxMB
                0x00000000       0xbc ./source/can.o
 .debug_macro   0x00000000      0xa60 ./source/can.o
 .debug_macro   0x00000000       0x22 ./source/can.o
 .debug_macro   0x00000000      0x34e ./source/can.o
 .debug_macro   0x00000000       0x5c ./source/can.o
 .debug_macro   0x00000000       0x1c ./source/can.o
 .debug_macro   0x00000000       0x22 ./source/can.o
 .debug_macro   0x00000000       0xdf ./source/can.o
 .debug_macro   0x00000000      0xecf ./source/can.o
 .debug_macro   0x00000000       0x48 ./source/can.o
 .debug_macro   0x00000000     0xe07b ./source/can.o
 .debug_macro   0x00000000       0x40 ./source/can.o
 .debug_macro   0x00000000       0xee ./source/can.o
 .group         0x00000000        0xc ./source/data_manager.o
 .group         0x00000000        0xc ./source/data_manager.o
 .group         0x00000000        0xc ./source/data_manager.o
 .group         0x00000000        0xc ./source/data_manager.o
 .group         0x00000000        0xc ./source/data_manager.o
 .group         0x00000000        0xc ./source/data_manager.o
 .group         0x00000000        0xc ./source/data_manager.o
 .group         0x00000000        0xc ./source/data_manager.o
 .group         0x00000000        0xc ./source/data_manager.o
 .group         0x00000000        0xc ./source/data_manager.o
 .group         0x00000000        0xc ./source/data_manager.o
 .group         0x00000000        0xc ./source/data_manager.o
 .text          0x00000000        0x0 ./source/data_manager.o
 .data          0x00000000        0x0 ./source/data_manager.o
 .bss           0x00000000        0x0 ./source/data_manager.o
 .debug_macro   0x00000000      0xa60 ./source/data_manager.o
 .debug_macro   0x00000000      0x34e ./source/data_manager.o
 .debug_macro   0x00000000       0x22 ./source/data_manager.o
 .debug_macro   0x00000000       0x22 ./source/data_manager.o
 .debug_macro   0x00000000       0x5c ./source/data_manager.o
 .debug_macro   0x00000000       0x1c ./source/data_manager.o
 .debug_macro   0x00000000       0x22 ./source/data_manager.o
 .debug_macro   0x00000000       0xdf ./source/data_manager.o
 .debug_macro   0x00000000      0xecf ./source/data_manager.o
 .debug_macro   0x00000000       0x48 ./source/data_manager.o
 .debug_macro   0x00000000     0xe07b ./source/data_manager.o
 .group         0x00000000        0xc ./source/fifo.o
 .group         0x00000000        0xc ./source/fifo.o
 .group         0x00000000        0xc ./source/fifo.o
 .group         0x00000000        0xc ./source/fifo.o
 .group         0x00000000        0xc ./source/fifo.o
 .group         0x00000000        0xc ./source/fifo.o
 .group         0x00000000        0xc ./source/fifo.o
 .group         0x00000000        0xc ./source/fifo.o
 .group         0x00000000        0xc ./source/fifo.o
 .group         0x00000000        0xc ./source/fifo.o
 .group         0x00000000        0xc ./source/fifo.o
 .group         0x00000000        0xc ./source/fifo.o
 .group         0x00000000        0xc ./source/fifo.o
 .group         0x00000000        0xc ./source/fifo.o
 .group         0x00000000        0xc ./source/fifo.o
 .group         0x00000000        0xc ./source/fifo.o
 .group         0x00000000        0xc ./source/fifo.o
 .group         0x00000000        0xc ./source/fifo.o
 .group         0x00000000        0xc ./source/fifo.o
 .group         0x00000000        0xc ./source/fifo.o
 .group         0x00000000        0xc ./source/fifo.o
 .group         0x00000000        0xc ./source/fifo.o
 .group         0x00000000        0xc ./source/fifo.o
 .group         0x00000000        0xc ./source/fifo.o
 .group         0x00000000        0xc ./source/fifo.o
 .group         0x00000000        0xc ./source/fifo.o
 .group         0x00000000        0xc ./source/fifo.o
 .group         0x00000000        0xc ./source/fifo.o
 .group         0x00000000        0xc ./source/fifo.o
 .group         0x00000000        0xc ./source/fifo.o
 .group         0x00000000        0xc ./source/fifo.o
 .group         0x00000000        0xc ./source/fifo.o
 .group         0x00000000        0xc ./source/fifo.o
 .text          0x00000000        0x0 ./source/fifo.o
 .data          0x00000000        0x0 ./source/fifo.o
 .bss           0x00000000        0x0 ./source/fifo.o
 .text.FIFO_ReadFromBuffer
                0x00000000       0x62 ./source/fifo.o
 .text.FIFO_ReadAll
                0x00000000       0x58 ./source/fifo.o
 .text.FIFO_GetBufferLength
                0x00000000       0x68 ./source/fifo.o
 .text.FIFO_Reset
                0x00000000       0x1a ./source/fifo.o
 .text.FIFO_ClearBuffer
                0x00000000       0x48 ./source/fifo.o
 .text.FIFO_FreeId
                0x00000000       0x30 ./source/fifo.o
 .debug_macro   0x00000000      0xa60 ./source/fifo.o
 .debug_macro   0x00000000       0x22 ./source/fifo.o
 .debug_macro   0x00000000       0x52 ./source/fifo.o
 .debug_macro   0x00000000       0x17 ./source/fifo.o
 .debug_macro   0x00000000       0x8d ./source/fifo.o
 .debug_macro   0x00000000       0x35 ./source/fifo.o
 .debug_macro   0x00000000       0x9c ./source/fifo.o
 .debug_macro   0x00000000       0x57 ./source/fifo.o
 .debug_macro   0x00000000       0x58 ./source/fifo.o
 .debug_macro   0x00000000       0x1f ./source/fifo.o
 .debug_macro   0x00000000       0x43 ./source/fifo.o
 .debug_macro   0x00000000       0x20 ./source/fifo.o
 .debug_macro   0x00000000      0x18e ./source/fifo.o
 .debug_macro   0x00000000      0x34e ./source/fifo.o
 .debug_macro   0x00000000       0x22 ./source/fifo.o
 .group         0x00000000        0xc ./source/gpio.o
 .group         0x00000000        0xc ./source/gpio.o
 .group         0x00000000        0xc ./source/gpio.o
 .group         0x00000000        0xc ./source/gpio.o
 .group         0x00000000        0xc ./source/gpio.o
 .group         0x00000000        0xc ./source/gpio.o
 .group         0x00000000        0xc ./source/gpio.o
 .group         0x00000000        0xc ./source/gpio.o
 .group         0x00000000        0xc ./source/gpio.o
 .group         0x00000000        0xc ./source/gpio.o
 .group         0x00000000        0xc ./source/gpio.o
 .group         0x00000000        0xc ./source/gpio.o
 .group         0x00000000        0xc ./source/gpio.o
 .group         0x00000000        0xc ./source/gpio.o
 .text          0x00000000        0x0 ./source/gpio.o
 .data          0x00000000        0x0 ./source/gpio.o
 .bss           0x00000000        0x0 ./source/gpio.o
 .text.__NVIC_EnableIRQ
                0x00000000       0x3c ./source/gpio.o
 .text.__NVIC_DisableIRQ
                0x00000000       0x44 ./source/gpio.o
 .rodata.IRQC_MODES
                0x00000000       0x18 ./source/gpio.o
 .text.gpioMode
                0x00000000      0x12c ./source/gpio.o
 .text.gpioRead
                0x00000000       0x58 ./source/gpio.o
 .text.gpioToggle
                0x00000000       0x40 ./source/gpio.o
 .text.gpioIRQ  0x00000000       0xc0 ./source/gpio.o
 .debug_macro   0x00000000      0xa60 ./source/gpio.o
 .debug_macro   0x00000000       0x5c ./source/gpio.o
 .debug_macro   0x00000000      0x34e ./source/gpio.o
 .debug_macro   0x00000000       0x1c ./source/gpio.o
 .debug_macro   0x00000000       0x22 ./source/gpio.o
 .debug_macro   0x00000000       0xdf ./source/gpio.o
 .debug_macro   0x00000000      0xecf ./source/gpio.o
 .debug_macro   0x00000000       0x48 ./source/gpio.o
 .debug_macro   0x00000000     0xe07b ./source/gpio.o
 .debug_macro   0x00000000       0x22 ./source/gpio.o
 .debug_macro   0x00000000       0x10 ./source/gpio.o
 .debug_macro   0x00000000     0x122b ./source/gpio.o
 .debug_macro   0x00000000       0x16 ./source/gpio.o
 .debug_macro   0x00000000       0x40 ./source/gpio.o
 .group         0x00000000        0xc ./source/timer.o
 .group         0x00000000        0xc ./source/timer.o
 .group         0x00000000        0xc ./source/timer.o
 .group         0x00000000        0xc ./source/timer.o
 .group         0x00000000        0xc ./source/timer.o
 .group         0x00000000        0xc ./source/timer.o
 .group         0x00000000        0xc ./source/timer.o
 .group         0x00000000        0xc ./source/timer.o
 .group         0x00000000        0xc ./source/timer.o
 .group         0x00000000        0xc ./source/timer.o
 .group         0x00000000        0xc ./source/timer.o
 .group         0x00000000        0xc ./source/timer.o
 .group         0x00000000        0xc ./source/timer.o
 .group         0x00000000        0xc ./source/timer.o
 .group         0x00000000        0xc ./source/timer.o
 .group         0x00000000        0xc ./source/timer.o
 .group         0x00000000        0xc ./source/timer.o
 .group         0x00000000        0xc ./source/timer.o
 .group         0x00000000        0xc ./source/timer.o
 .group         0x00000000        0xc ./source/timer.o
 .group         0x00000000        0xc ./source/timer.o
 .group         0x00000000        0xc ./source/timer.o
 .group         0x00000000        0xc ./source/timer.o
 .text          0x00000000        0x0 ./source/timer.o
 .data          0x00000000        0x0 ./source/timer.o
 .bss           0x00000000        0x0 ./source/timer.o
 .bss.timers    0x00000000      0x100 ./source/timer.o
 .data.timers_cant
                0x00000000        0x1 ./source/timer.o
 .bss.yaInit    0x00000000        0x1 ./source/timer.o
 .text.timerInit
                0x00000000       0x28 ./source/timer.o
 .text.timerGetId
                0x00000000       0x2c ./source/timer.o
 .text.timerCreate
                0x00000000       0x2e ./source/timer.o
 .text.timerStart
                0x00000000       0xa4 ./source/timer.o
 .text.timerStop
                0x00000000       0x44 ./source/timer.o
 .text.timerPlay
                0x00000000       0x30 ./source/timer.o
 .text.timerRestart
                0x00000000       0x6c ./source/timer.o
 .text.timerFinish
                0x00000000       0x5c ./source/timer.o
 .text.timerReset
                0x00000000       0x58 ./source/timer.o
 .text.timerActivate
                0x00000000       0x58 ./source/timer.o
 .text.timerChangePeriod
                0x00000000       0x74 ./source/timer.o
 .text.timerChangeCallback
                0x00000000       0x7c ./source/timer.o
 .text.timerExpired
                0x00000000       0x4c ./source/timer.o
 .text.timerDelay
                0x00000000       0x30 ./source/timer.o
 .text.timer_isr
                0x00000000       0xec ./source/timer.o
 .debug_info    0x00000000      0xc2a ./source/timer.o
 .debug_abbrev  0x00000000      0x281 ./source/timer.o
 .debug_aranges
                0x00000000       0x90 ./source/timer.o
 .debug_ranges  0x00000000       0x80 ./source/timer.o
 .debug_macro   0x00000000      0x136 ./source/timer.o
 .debug_macro   0x00000000      0xa60 ./source/timer.o
 .debug_macro   0x00000000      0x34e ./source/timer.o
 .debug_macro   0x00000000       0x22 ./source/timer.o
 .debug_macro   0x00000000       0x17 ./source/timer.o
 .debug_macro   0x00000000       0x22 ./source/timer.o
 .debug_macro   0x00000000       0x52 ./source/timer.o
 .debug_macro   0x00000000       0x8d ./source/timer.o
 .debug_macro   0x00000000       0x35 ./source/timer.o
 .debug_macro   0x00000000       0x9c ./source/timer.o
 .debug_macro   0x00000000       0x16 ./source/timer.o
 .debug_macro   0x00000000      0x10e ./source/timer.o
 .debug_macro   0x00000000       0x8d ./source/timer.o
 .debug_macro   0x00000000       0x57 ./source/timer.o
 .debug_macro   0x00000000       0x58 ./source/timer.o
 .debug_macro   0x00000000       0x1f ./source/timer.o
 .debug_macro   0x00000000       0x43 ./source/timer.o
 .debug_macro   0x00000000       0x20 ./source/timer.o
 .debug_macro   0x00000000      0x18e ./source/timer.o
 .debug_macro   0x00000000      0x330 ./source/timer.o
 .debug_macro   0x00000000       0x16 ./source/timer.o
 .debug_macro   0x00000000       0x29 ./source/timer.o
 .debug_macro   0x00000000       0x1c ./source/timer.o
 .debug_macro   0x00000000       0x10 ./source/timer.o
 .debug_line    0x00000000      0x3b9 ./source/timer.o
 .debug_str     0x00000000     0x6eaf ./source/timer.o
 .comment       0x00000000       0x7f ./source/timer.o
 .debug_frame   0x00000000      0x244 ./source/timer.o
 .ARM.attributes
                0x00000000       0x39 ./source/timer.o
 .group         0x00000000        0xc ./source/uart.o
 .group         0x00000000        0xc ./source/uart.o
 .group         0x00000000        0xc ./source/uart.o
 .group         0x00000000        0xc ./source/uart.o
 .group         0x00000000        0xc ./source/uart.o
 .group         0x00000000        0xc ./source/uart.o
 .group         0x00000000        0xc ./source/uart.o
 .group         0x00000000        0xc ./source/uart.o
 .group         0x00000000        0xc ./source/uart.o
 .group         0x00000000        0xc ./source/uart.o
 .group         0x00000000        0xc ./source/uart.o
 .group         0x00000000        0xc ./source/uart.o
 .group         0x00000000        0xc ./source/uart.o
 .group         0x00000000        0xc ./source/uart.o
 .group         0x00000000        0xc ./source/uart.o
 .group         0x00000000        0xc ./source/uart.o
 .group         0x00000000        0xc ./source/uart.o
 .group         0x00000000        0xc ./source/uart.o
 .text          0x00000000        0x0 ./source/uart.o
 .data          0x00000000        0x0 ./source/uart.o
 .bss           0x00000000        0x0 ./source/uart.o
 .data.all_bytes_were_transfered
                0x00000000        0x1 ./source/uart.o
 .text.uartIsRxMsg
                0x00000000       0x26 ./source/uart.o
 .text.uartGetRxMsgLength
                0x00000000       0x1e ./source/uart.o
 .text.uartReadMsg
                0x00000000       0x54 ./source/uart.o
 .text.uartIsTxMsgComplete
                0x00000000       0x48 ./source/uart.o
 .debug_macro   0x00000000      0xa60 ./source/uart.o
 .debug_macro   0x00000000       0x22 ./source/uart.o
 .debug_macro   0x00000000       0x5c ./source/uart.o
 .debug_macro   0x00000000      0x34e ./source/uart.o
 .debug_macro   0x00000000       0x1c ./source/uart.o
 .debug_macro   0x00000000       0x22 ./source/uart.o
 .debug_macro   0x00000000       0xdf ./source/uart.o
 .debug_macro   0x00000000      0xecf ./source/uart.o
 .debug_macro   0x00000000       0x48 ./source/uart.o
 .debug_macro   0x00000000     0xe07b ./source/uart.o
 .debug_macro   0x00000000       0x10 ./source/uart.o
 .debug_macro   0x00000000     0x122b ./source/uart.o
 .debug_macro   0x00000000       0x16 ./source/uart.o
 .debug_macro   0x00000000       0x40 ./source/uart.o
 .debug_macro   0x00000000      0x174 ./source/uart.o
 .debug_macro   0x00000000       0x28 ./source/uart.o
 .group         0x00000000        0xc ./SDK/startup/hardware.o
 .group         0x00000000        0xc ./SDK/startup/hardware.o
 .group         0x00000000        0xc ./SDK/startup/hardware.o
 .group         0x00000000        0xc ./SDK/startup/hardware.o
 .group         0x00000000        0xc ./SDK/startup/hardware.o
 .group         0x00000000        0xc ./SDK/startup/hardware.o
 .group         0x00000000        0xc ./SDK/startup/hardware.o
 .group         0x00000000        0xc ./SDK/startup/hardware.o
 .group         0x00000000        0xc ./SDK/startup/hardware.o
 .group         0x00000000        0xc ./SDK/startup/hardware.o
 .group         0x00000000        0xc ./SDK/startup/hardware.o
 .group         0x00000000        0xc ./SDK/startup/hardware.o
 .group         0x00000000        0xc ./SDK/startup/hardware.o
 .text          0x00000000        0x0 ./SDK/startup/hardware.o
 .data          0x00000000        0x0 ./SDK/startup/hardware.o
 .bss           0x00000000        0x0 ./SDK/startup/hardware.o
 .debug_macro   0x00000000      0xa60 ./SDK/startup/hardware.o
 .debug_macro   0x00000000      0x34e ./SDK/startup/hardware.o
 .debug_macro   0x00000000       0x22 ./SDK/startup/hardware.o
 .debug_macro   0x00000000       0x10 ./SDK/startup/hardware.o
 .debug_macro   0x00000000       0x5c ./SDK/startup/hardware.o
 .debug_macro   0x00000000       0x1c ./SDK/startup/hardware.o
 .debug_macro   0x00000000       0x22 ./SDK/startup/hardware.o
 .debug_macro   0x00000000       0xdf ./SDK/startup/hardware.o
 .debug_macro   0x00000000      0xecf ./SDK/startup/hardware.o
 .debug_macro   0x00000000       0x48 ./SDK/startup/hardware.o
 .debug_macro   0x00000000     0xe07b ./SDK/startup/hardware.o
 .debug_macro   0x00000000     0x122b ./SDK/startup/hardware.o
 .debug_macro   0x00000000       0x16 ./SDK/startup/hardware.o
 .group         0x00000000        0xc ./SDK/startup/main.o
 .group         0x00000000        0xc ./SDK/startup/main.o
 .group         0x00000000        0xc ./SDK/startup/main.o
 .group         0x00000000        0xc ./SDK/startup/main.o
 .group         0x00000000        0xc ./SDK/startup/main.o
 .group         0x00000000        0xc ./SDK/startup/main.o
 .group         0x00000000        0xc ./SDK/startup/main.o
 .group         0x00000000        0xc ./SDK/startup/main.o
 .group         0x00000000        0xc ./SDK/startup/main.o
 .group         0x00000000        0xc ./SDK/startup/main.o
 .group         0x00000000        0xc ./SDK/startup/main.o
 .group         0x00000000        0xc ./SDK/startup/main.o
 .group         0x00000000        0xc ./SDK/startup/main.o
 .text          0x00000000        0x0 ./SDK/startup/main.o
 .data          0x00000000        0x0 ./SDK/startup/main.o
 .bss           0x00000000        0x0 ./SDK/startup/main.o
 .debug_macro   0x00000000      0xa60 ./SDK/startup/main.o
 .debug_macro   0x00000000      0x34e ./SDK/startup/main.o
 .debug_macro   0x00000000       0x22 ./SDK/startup/main.o
 .debug_macro   0x00000000       0x10 ./SDK/startup/main.o
 .debug_macro   0x00000000       0x5c ./SDK/startup/main.o
 .debug_macro   0x00000000       0x1c ./SDK/startup/main.o
 .debug_macro   0x00000000       0x22 ./SDK/startup/main.o
 .debug_macro   0x00000000       0xdf ./SDK/startup/main.o
 .debug_macro   0x00000000      0xecf ./SDK/startup/main.o
 .debug_macro   0x00000000       0x48 ./SDK/startup/main.o
 .debug_macro   0x00000000     0xe07b ./SDK/startup/main.o
 .debug_macro   0x00000000     0x122b ./SDK/startup/main.o
 .debug_macro   0x00000000       0x16 ./SDK/startup/main.o
 .group         0x00000000        0xc ./SDK/startup/semihost_hardfault.o
 .text          0x00000000        0x0 ./SDK/startup/semihost_hardfault.o
 .data          0x00000000        0x0 ./SDK/startup/semihost_hardfault.o
 .bss           0x00000000        0x0 ./SDK/startup/semihost_hardfault.o
 .debug_macro   0x00000000      0xa60 ./SDK/startup/semihost_hardfault.o
 .group         0x00000000        0xc ./SDK/startup/startup_mk64f12.o
 .text          0x00000000        0x0 ./SDK/startup/startup_mk64f12.o
 .data          0x00000000        0x0 ./SDK/startup/startup_mk64f12.o
 .bss           0x00000000        0x0 ./SDK/startup/startup_mk64f12.o
 .text.UART0_RX_TX_IRQHandler
                0x00000000        0x8 ./SDK/startup/startup_mk64f12.o
 .text.UART1_RX_TX_IRQHandler
                0x00000000        0x8 ./SDK/startup/startup_mk64f12.o
 .text.UART2_RX_TX_IRQHandler
                0x00000000        0x8 ./SDK/startup/startup_mk64f12.o
 .text.UART3_RX_TX_IRQHandler
                0x00000000        0x8 ./SDK/startup/startup_mk64f12.o
 .text.PORTA_IRQHandler
                0x00000000        0x8 ./SDK/startup/startup_mk64f12.o
 .text.PORTB_IRQHandler
                0x00000000        0x8 ./SDK/startup/startup_mk64f12.o
 .text.PORTC_IRQHandler
                0x00000000        0x8 ./SDK/startup/startup_mk64f12.o
 .text.PORTD_IRQHandler
                0x00000000        0x8 ./SDK/startup/startup_mk64f12.o
 .text.PORTE_IRQHandler
                0x00000000        0x8 ./SDK/startup/startup_mk64f12.o
 .text.UART4_RX_TX_IRQHandler
                0x00000000        0x8 ./SDK/startup/startup_mk64f12.o
 .text.UART5_RX_TX_IRQHandler
                0x00000000        0x8 ./SDK/startup/startup_mk64f12.o
 .debug_macro   0x00000000      0xa60 ./SDK/startup/startup_mk64f12.o
 .group         0x00000000        0xc ./SDK/CMSIS/system_MK64F12.o
 .group         0x00000000        0xc ./SDK/CMSIS/system_MK64F12.o
 .group         0x00000000        0xc ./SDK/CMSIS/system_MK64F12.o
 .group         0x00000000        0xc ./SDK/CMSIS/system_MK64F12.o
 .group         0x00000000        0xc ./SDK/CMSIS/system_MK64F12.o
 .group         0x00000000        0xc ./SDK/CMSIS/system_MK64F12.o
 .group         0x00000000        0xc ./SDK/CMSIS/system_MK64F12.o
 .group         0x00000000        0xc ./SDK/CMSIS/system_MK64F12.o
 .group         0x00000000        0xc ./SDK/CMSIS/system_MK64F12.o
 .group         0x00000000        0xc ./SDK/CMSIS/system_MK64F12.o
 .group         0x00000000        0xc ./SDK/CMSIS/system_MK64F12.o
 .text          0x00000000        0x0 ./SDK/CMSIS/system_MK64F12.o
 .data          0x00000000        0x0 ./SDK/CMSIS/system_MK64F12.o
 .bss           0x00000000        0x0 ./SDK/CMSIS/system_MK64F12.o
 .data.SystemCoreClock
                0x00000000        0x4 ./SDK/CMSIS/system_MK64F12.o
 .text.SystemCoreClockUpdate
                0x00000000      0x278 ./SDK/CMSIS/system_MK64F12.o
 .debug_macro   0x00000000      0xa60 ./SDK/CMSIS/system_MK64F12.o
 .debug_macro   0x00000000      0x34e ./SDK/CMSIS/system_MK64F12.o
 .debug_macro   0x00000000       0x10 ./SDK/CMSIS/system_MK64F12.o
 .debug_macro   0x00000000       0x5c ./SDK/CMSIS/system_MK64F12.o
 .debug_macro   0x00000000       0x1c ./SDK/CMSIS/system_MK64F12.o
 .debug_macro   0x00000000       0x22 ./SDK/CMSIS/system_MK64F12.o
 .debug_macro   0x00000000       0xdf ./SDK/CMSIS/system_MK64F12.o
 .debug_macro   0x00000000      0xecf ./SDK/CMSIS/system_MK64F12.o
 .debug_macro   0x00000000       0x48 ./SDK/CMSIS/system_MK64F12.o
 .debug_macro   0x00000000     0xe07b ./SDK/CMSIS/system_MK64F12.o
 .debug_macro   0x00000000     0x122b ./SDK/CMSIS/system_MK64F12.o

Memory Configuration

Name             Origin             Length             Attributes
PROGRAM_FLASH    0x00000000         0x00100000         xr
SRAM_UPPER       0x20000000         0x00030000         xrw
SRAM_LOWER       0x1fff0000         0x00010000         xrw
FLEX_RAM         0x14000000         0x00001000         xrw
*default*        0x00000000         0xffffffff

Linker script and memory map

LOAD ./source/App.o
LOAD ./source/ComunicacionCAN.o
LOAD ./source/SysTick.o
LOAD ./source/can.o
LOAD ./source/data_manager.o
LOAD ./source/fifo.o
LOAD ./source/gpio.o
LOAD ./source/timer.o
LOAD ./source/uart.o
LOAD ./SDK/startup/hardware.o
LOAD ./SDK/startup/main.o
LOAD ./SDK/startup/semihost_hardfault.o
LOAD ./SDK/startup/startup_mk64f12.o
LOAD ./SDK/CMSIS/system_MK64F12.o
START GROUP
LOAD c:/nxp/mcuxpressoide_10.2.0_759/ide/tools/bin/../lib/gcc/arm-none-eabi/7.2.1/../../../../arm-none-eabi/lib/thumb/v7e-m/fpv4-sp/hard\libcr_nohost_nf.a
LOAD c:/nxp/mcuxpressoide_10.2.0_759/ide/tools/bin/../lib/gcc/arm-none-eabi/7.2.1/../../../../arm-none-eabi/lib/thumb/v7e-m/fpv4-sp/hard\libcr_c.a
LOAD c:/nxp/mcuxpressoide_10.2.0_759/ide/tools/bin/../lib/gcc/arm-none-eabi/7.2.1/thumb/v7e-m/fpv4-sp/hard\libcr_eabihelpers.a
END GROUP
                0x00000000                __base_PROGRAM_FLASH = 0x0
                0x00000000                __base_Flash = 0x0
                0x00100000                __top_PROGRAM_FLASH = 0x100000
                0x00100000                __top_Flash = 0x100000
                0x20000000                __base_SRAM_UPPER = 0x20000000
                0x20000000                __base_RAM = 0x20000000
                0x20030000                __top_SRAM_UPPER = 0x20030000
                0x20030000                __top_RAM = 0x20030000
                0x1fff0000                __base_SRAM_LOWER = 0x1fff0000
                0x1fff0000                __base_RAM2 = 0x1fff0000
                0x20000000                __top_SRAM_LOWER = 0x20000000
                0x20000000                __top_RAM2 = 0x20000000
                0x14000000                __base_FLEX_RAM = 0x14000000
                0x14000000                __base_RAM3 = 0x14000000
                0x14001000                __top_FLEX_RAM = 0x14001000
                0x14001000                __top_RAM3 = 0x14001000

.text           0x00000000     0x1d10
 FILL mask 0xff
                0x00000000                __vectors_start__ = ABSOLUTE (.)
 *(SORT_BY_ALIGNMENT(.isr_vector))
 .isr_vector    0x00000000      0x198 ./SDK/startup/startup_mk64f12.o
                0x00000000                g_pfnVectors
                0x00000000                __Vectors
                0x00000198                . = ALIGN (0x4)
                0x00000198                __section_table_start = .
                0x00000198                __data_section_table = .
                0x00000198        0x4 LONG 0x1d10 LOADADDR (.data)
                0x0000019c        0x4 LONG 0x20000000 ADDR (.data)
                0x000001a0        0x4 LONG 0x0 SIZEOF (.data)
                0x000001a4        0x4 LONG 0x1d10 LOADADDR (.data_RAM2)
                0x000001a8        0x4 LONG 0x1fff0000 ADDR (.data_RAM2)
                0x000001ac        0x4 LONG 0x0 SIZEOF (.data_RAM2)
                0x000001b0        0x4 LONG 0x1d10 LOADADDR (.data_RAM3)
                0x000001b4        0x4 LONG 0x14000000 ADDR (.data_RAM3)
                0x000001b8        0x4 LONG 0x0 SIZEOF (.data_RAM3)
                0x000001bc                __data_section_table_end = .
                0x000001bc                __bss_section_table = .
                0x000001bc        0x4 LONG 0x20000000 ADDR (.bss)
                0x000001c0        0x4 LONG 0x13d0 SIZEOF (.bss)
                0x000001c4        0x4 LONG 0x1fff0000 ADDR (.bss_RAM2)
                0x000001c8        0x4 LONG 0x0 SIZEOF (.bss_RAM2)
                0x000001cc        0x4 LONG 0x14000000 ADDR (.bss_RAM3)
                0x000001d0        0x4 LONG 0x0 SIZEOF (.bss_RAM3)
                0x000001d4                __bss_section_table_end = .
                0x000001d4                __section_table_end = .
 *(SORT_BY_ALIGNMENT(.after_vectors*))
 .after_vectors.reset
                0x000001d4       0x4c ./SDK/startup/startup_mk64f12.o
                0x000001d4                ResetISR
 .after_vectors.init_data
                0x00000220       0x1e ./SDK/startup/startup_mk64f12.o
                0x00000220                data_init
 .after_vectors.init_bss
                0x0000023e       0x12 ./SDK/startup/startup_mk64f12.o
                0x0000023e                bss_init
 .after_vectors
                0x00000250       0x14 ./SDK/startup/startup_mk64f12.o
                0x00000250                NMI_Handler
                0x00000254                MemManage_Handler
                0x00000256                BusFault_Handler
                0x00000258                UsageFault_Handler
                0x0000025a                SVC_Handler
                0x0000025c                DebugMon_Handler
                0x0000025e                PendSV_Handler
                0x00000262                DMA_Error_DriverIRQHandler
                0x00000262                LPTMR0_DriverIRQHandler
                0x00000262                FTM1_DriverIRQHandler
                0x00000262                FTM2_DriverIRQHandler
                0x00000262                PIT2_DriverIRQHandler
                0x00000262                SDHC_DriverIRQHandler
                0x00000262                I2S0_Tx_DriverIRQHandler
                0x00000262                RTC_Seconds_DriverIRQHandler
                0x00000262                DMA6_DriverIRQHandler
                0x00000262                LLWU_DriverIRQHandler
                0x00000262                MCM_DriverIRQHandler
                0x00000262                MCG_DriverIRQHandler
                0x00000262                ENET_1588_Timer_DriverIRQHandler
                0x00000262                I2C2_DriverIRQHandler
                0x00000262                DAC1_DriverIRQHandler
                0x00000262                SPI1_DriverIRQHandler
                0x00000262                CMP1_DriverIRQHandler
                0x00000262                UART5_RX_TX_DriverIRQHandler
                0x00000262                FTM0_DriverIRQHandler
                0x00000262                IntDefaultHandler
                0x00000262                USB0_DriverIRQHandler
                0x00000262                UART5_ERR_DriverIRQHandler
                0x00000262                PORTC_DriverIRQHandler
                0x00000262                DMA11_DriverIRQHandler
                0x00000262                DAC0_DriverIRQHandler
                0x00000262                DMA10_DriverIRQHandler
                0x00000262                CMP2_DriverIRQHandler
                0x00000262                UART2_ERR_DriverIRQHandler
                0x00000262                SPI2_DriverIRQHandler
                0x00000262                LVD_LVW_DriverIRQHandler
                0x00000262                PIT0_DriverIRQHandler
                0x00000262                RNG_DriverIRQHandler
                0x00000262                DMA5_DriverIRQHandler
                0x00000262                DMA12_DriverIRQHandler
                0x00000262                UART2_RX_TX_DriverIRQHandler
                0x00000262                USBDCD_DriverIRQHandler
                0x00000262                UART3_ERR_DriverIRQHandler
                0x00000262                DMA3_DriverIRQHandler
                0x00000262                DMA8_DriverIRQHandler
                0x00000262                DMA9_DriverIRQHandler
                0x00000262                UART0_ERR_DriverIRQHandler
                0x00000262                CMT_DriverIRQHandler
                0x00000262                Reserved71_DriverIRQHandler
                0x00000262                ADC1_DriverIRQHandler
                0x00000262                PORTA_DriverIRQHandler
                0x00000262                DMA14_DriverIRQHandler
                0x00000262                PIT3_DriverIRQHandler
                0x00000262                PIT1_DriverIRQHandler
                0x00000262                WDOG_EWM_DriverIRQHandler
                0x00000262                PDB0_DriverIRQHandler
                0x00000262                RTC_DriverIRQHandler
                0x00000262                I2S0_Rx_DriverIRQHandler
                0x00000262                Read_Collision_DriverIRQHandler
                0x00000262                SWI_DriverIRQHandler
                0x00000262                UART4_RX_TX_DriverIRQHandler
                0x00000262                UART4_ERR_DriverIRQHandler
                0x00000262                PORTB_DriverIRQHandler
                0x00000262                UART0_LON_DriverIRQHandler
                0x00000262                DMA0_DriverIRQHandler
                0x00000262                DMA1_DriverIRQHandler
                0x00000262                I2C1_DriverIRQHandler
                0x00000262                UART3_RX_TX_DriverIRQHandler
                0x00000262                ENET_Receive_DriverIRQHandler
                0x00000262                DMA13_DriverIRQHandler
                0x00000262                ENET_Error_DriverIRQHandler
                0x00000262                DMA15_DriverIRQHandler
                0x00000262                UART0_RX_TX_DriverIRQHandler
                0x00000262                SPI0_DriverIRQHandler
                0x00000262                ADC0_DriverIRQHandler
                0x00000262                CMP0_DriverIRQHandler
                0x00000262                CAN0_DriverIRQHandler
                0x00000262                FTM3_DriverIRQHandler
                0x00000262                DMA4_DriverIRQHandler
                0x00000262                UART1_ERR_DriverIRQHandler
                0x00000262                DMA2_DriverIRQHandler
                0x00000262                ENET_Transmit_DriverIRQHandler
                0x00000262                PORTD_DriverIRQHandler
                0x00000262                PORTE_DriverIRQHandler
                0x00000262                FTFE_DriverIRQHandler
                0x00000262                I2C0_DriverIRQHandler
                0x00000262                DMA7_DriverIRQHandler
                0x00000262                UART1_RX_TX_DriverIRQHandler
                0x00000400                . = 0x400
 *fill*         0x00000264      0x19c ff
                0x00000400                PROVIDE (__FLASH_CONFIG_START__, .)
 *(SORT_BY_ALIGNMENT(.FlashConfig))
 .FlashConfig   0x00000400       0x10 ./SDK/startup/startup_mk64f12.o
                0x00000400                Flash_Config
                0x00000410                PROVIDE (__FLASH_CONFIG_END__, .)
                0x00000001                ASSERT (! ((__FLASH_CONFIG_START__ == __FLASH_CONFIG_END__)), Linker Flash Config Support Enabled, but no .FlashConfig section provided within application)
 *(SORT_BY_ALIGNMENT(.text*))
 .text.updateBoard
                0x00000410       0xb8 ./source/App.o
                0x00000410                updateBoard
 .text.setBoard
                0x000004c8      0x144 ./source/App.o
                0x000004c8                setBoard
 .text.receiveCanMessage
                0x0000060c       0x84 ./source/ComunicacionCAN.o
                0x0000060c                receiveCanMessage
 .text.getBoardStatus
                0x00000690       0x2c ./source/ComunicacionCAN.o
                0x00000690                getBoardStatus
 .text.SysTick_Handler
                0x000006bc       0x34 ./source/SysTick.o
                0x000006bc                SysTick_Handler
 .text.CAN_Init
                0x000006f0      0x138 ./source/can.o
                0x000006f0                CAN_Init
 .text.CAN_ConfigureRxMB
                0x00000828       0x70 ./source/can.o
                0x00000828                CAN_ConfigureRxMB
 .text.CAN_ReadRxMB
                0x00000898      0x118 ./source/can.o
                0x00000898                CAN_ReadRxMB
 .text.dataManager_init
                0x000009b0       0x54 ./source/data_manager.o
                0x000009b0                dataManager_init
 .text.sendData
                0x00000a04       0xcc ./source/data_manager.o
                0x00000a04                sendData
 .text.getBoard
                0x00000ad0       0x38 ./source/data_manager.o
                0x00000ad0                getBoard
 .text.add_angle
                0x00000b08       0xd0 ./source/data_manager.o
                0x00000b08                add_angle
 .text.FIFO_GetId
                0x00000bd8       0x30 ./source/fifo.o
                0x00000bd8                FIFO_GetId
 .text.FIFO_IsBufferFull
                0x00000c08       0x30 ./source/fifo.o
                0x00000c08                FIFO_IsBufferFull
 .text.FIFO_IsBufferEmpty
                0x00000c38       0x70 ./source/fifo.o
                0x00000c38                FIFO_IsBufferEmpty
 .text.FIFO_PushToBuffer
                0x00000ca8      0x118 ./source/fifo.o
                0x00000ca8                FIFO_PushToBuffer
 .text.FIFO_PullFromBuffer
                0x00000dc0      0x13c ./source/fifo.o
                0x00000dc0                FIFO_PullFromBuffer
 .text.init_fifo
                0x00000efc       0x5c ./source/fifo.o
                0x00000efc                init_fifo
 .text.gpioWrite
                0x00000f58       0x54 ./source/gpio.o
                0x00000f58                gpioWrite
 .text.IRQHandler
                0x00000fac       0x74 ./source/gpio.o
 .text.__NVIC_EnableIRQ
                0x00001020       0x3c ./source/uart.o
 .text.uartInit
                0x0000105c      0x1ac ./source/uart.o
                0x0000105c                uartInit
 .text.uartWriteMsg
                0x00001208       0x58 ./source/uart.o
                0x00001208                uartWriteMsg
 .text.UART_EnableClockGating
                0x00001260       0xdc ./source/uart.o
                0x00001260                UART_EnableClockGating
 .text.UART_SetBaudRate
                0x0000133c       0xb8 ./source/uart.o
                0x0000133c                UART_SetBaudRate
 .text.UART_SetEnableIRQ
                0x000013f4       0x60 ./source/uart.o
                0x000013f4                UART_SetEnableIRQ
 .text.uart_irq_handler
                0x00001454       0xbc ./source/uart.o
                0x00001454                uart_irq_handler
 .text.hw_Init  0x00001510      0x10c ./SDK/startup/hardware.o
                0x00001510                hw_Init
 .text.hw_EnableInterrupts
                0x0000161c       0x30 ./SDK/startup/hardware.o
                0x0000161c                hw_EnableInterrupts
 .text.hw_DisableInterrupts
                0x0000164c       0x20 ./SDK/startup/hardware.o
                0x0000164c                hw_DisableInterrupts
 .text.SystemInit
                0x0000166c       0x3c ./SDK/CMSIS/system_MK64F12.o
                0x0000166c                SystemInit
 .text.App_Init
                0x000016a8       0x16 ./source/App.o
                0x000016a8                App_Init
 .text.App_Run  0x000016be        0xc ./source/App.o
                0x000016be                App_Run
 .text.checkAngle
                0x000016ca       0x32 ./source/App.o
                0x000016ca                checkAngle
 .text.canComunicationInit
                0x000016fc        0xc ./source/ComunicacionCAN.o
                0x000016fc                canComunicationInit
 .text.canMBInit
                0x00001708       0x1e ./source/ComunicacionCAN.o
                0x00001708                canMBInit
 .text.FIFO_WriteToBuffer
                0x00001726       0x4e ./source/fifo.o
                0x00001726                FIFO_WriteToBuffer
 .text.PORTA_IRQHandler
                0x00001774       0x1e ./source/gpio.o
                0x00001774                PORTA_IRQHandler
 .text.PORTB_IRQHandler
                0x00001792       0x1e ./source/gpio.o
                0x00001792                PORTB_IRQHandler
 .text.PORTC_IRQHandler
                0x000017b0       0x1e ./source/gpio.o
                0x000017b0                PORTC_IRQHandler
 .text.PORTD_IRQHandler
                0x000017ce       0x1e ./source/gpio.o
                0x000017ce                PORTD_IRQHandler
 .text.PORTE_IRQHandler
                0x000017ec       0x1e ./source/gpio.o
                0x000017ec                PORTE_IRQHandler
 .text.UART_DisableTxRx
                0x0000180a       0x24 ./source/uart.o
                0x0000180a                UART_DisableTxRx
 .text.UART_EnableTxRx
                0x0000182e       0x1a ./source/uart.o
                0x0000182e                UART_EnableTxRx
 .text.UART_SetParity
                0x00001848       0x6c ./source/uart.o
                0x00001848                UART_SetParity
 .text.UART_SetDataSize
                0x000018b4       0x40 ./source/uart.o
                0x000018b4                UART_SetDataSize
 .text.UART_SetStopBit
                0x000018f4       0x40 ./source/uart.o
                0x000018f4                UART_SetStopBit
 .text.UART0_RX_TX_IRQHandler
                0x00001934       0x1e ./source/uart.o
                0x00001934                UART0_RX_TX_IRQHandler
 .text.UART1_RX_TX_IRQHandler
                0x00001952       0x1e ./source/uart.o
                0x00001952                UART1_RX_TX_IRQHandler
 .text.UART2_RX_TX_IRQHandler
                0x00001970       0x1e ./source/uart.o
                0x00001970                UART2_RX_TX_IRQHandler
 .text.UART3_RX_TX_IRQHandler
                0x0000198e       0x1e ./source/uart.o
                0x0000198e                UART3_RX_TX_IRQHandler
 .text.UART4_RX_TX_IRQHandler
                0x000019ac       0x1e ./source/uart.o
                0x000019ac                UART4_RX_TX_IRQHandler
 .text.UART5_RX_TX_IRQHandler
                0x000019ca       0x1e ./source/uart.o
                0x000019ca                UART5_RX_TX_IRQHandler
 .text.main     0x000019e8       0x1a ./SDK/startup/main.o
                0x000019e8                main
 .text.HardFault_Handler
                0x00001a02       0x2c ./SDK/startup/semihost_hardfault.o
                0x00001a02                HardFault_Handler
 .text.DMA0_IRQHandler
                0x00001a2e        0x8 ./SDK/startup/startup_mk64f12.o
                0x00001a2e                DMA0_IRQHandler
 .text.DMA1_IRQHandler
                0x00001a36        0x8 ./SDK/startup/startup_mk64f12.o
                0x00001a36                DMA1_IRQHandler
 .text.DMA2_IRQHandler
                0x00001a3e        0x8 ./SDK/startup/startup_mk64f12.o
                0x00001a3e                DMA2_IRQHandler
 .text.DMA3_IRQHandler
                0x00001a46        0x8 ./SDK/startup/startup_mk64f12.o
                0x00001a46                DMA3_IRQHandler
 .text.DMA4_IRQHandler
                0x00001a4e        0x8 ./SDK/startup/startup_mk64f12.o
                0x00001a4e                DMA4_IRQHandler
 .text.DMA5_IRQHandler
                0x00001a56        0x8 ./SDK/startup/startup_mk64f12.o
                0x00001a56                DMA5_IRQHandler
 .text.DMA6_IRQHandler
                0x00001a5e        0x8 ./SDK/startup/startup_mk64f12.o
                0x00001a5e                DMA6_IRQHandler
 .text.DMA7_IRQHandler
                0x00001a66        0x8 ./SDK/startup/startup_mk64f12.o
                0x00001a66                DMA7_IRQHandler
 .text.DMA8_IRQHandler
                0x00001a6e        0x8 ./SDK/startup/startup_mk64f12.o
                0x00001a6e                DMA8_IRQHandler
 .text.DMA9_IRQHandler
                0x00001a76        0x8 ./SDK/startup/startup_mk64f12.o
                0x00001a76                DMA9_IRQHandler
 .text.DMA10_IRQHandler
                0x00001a7e        0x8 ./SDK/startup/startup_mk64f12.o
                0x00001a7e                DMA10_IRQHandler
 .text.DMA11_IRQHandler
                0x00001a86        0x8 ./SDK/startup/startup_mk64f12.o
                0x00001a86                DMA11_IRQHandler
 .text.DMA12_IRQHandler
                0x00001a8e        0x8 ./SDK/startup/startup_mk64f12.o
                0x00001a8e                DMA12_IRQHandler
 .text.DMA13_IRQHandler
                0x00001a96        0x8 ./SDK/startup/startup_mk64f12.o
                0x00001a96                DMA13_IRQHandler
 .text.DMA14_IRQHandler
                0x00001a9e        0x8 ./SDK/startup/startup_mk64f12.o
                0x00001a9e                DMA14_IRQHandler
 .text.DMA15_IRQHandler
                0x00001aa6        0x8 ./SDK/startup/startup_mk64f12.o
                0x00001aa6                DMA15_IRQHandler
 .text.DMA_Error_IRQHandler
                0x00001aae        0x8 ./SDK/startup/startup_mk64f12.o
                0x00001aae                DMA_Error_IRQHandler
 .text.MCM_IRQHandler
                0x00001ab6        0x8 ./SDK/startup/startup_mk64f12.o
                0x00001ab6                MCM_IRQHandler
 .text.FTFE_IRQHandler
                0x00001abe        0x8 ./SDK/startup/startup_mk64f12.o
                0x00001abe                FTFE_IRQHandler
 .text.Read_Collision_IRQHandler
                0x00001ac6        0x8 ./SDK/startup/startup_mk64f12.o
                0x00001ac6                Read_Collision_IRQHandler
 .text.LVD_LVW_IRQHandler
                0x00001ace        0x8 ./SDK/startup/startup_mk64f12.o
                0x00001ace                LVD_LVW_IRQHandler
 .text.LLWU_IRQHandler
                0x00001ad6        0x8 ./SDK/startup/startup_mk64f12.o
                0x00001ad6                LLWU_IRQHandler
 .text.WDOG_EWM_IRQHandler
                0x00001ade        0x8 ./SDK/startup/startup_mk64f12.o
                0x00001ade                WDOG_EWM_IRQHandler
 .text.RNG_IRQHandler
                0x00001ae6        0x8 ./SDK/startup/startup_mk64f12.o
                0x00001ae6                RNG_IRQHandler
 .text.I2C0_IRQHandler
                0x00001aee        0x8 ./SDK/startup/startup_mk64f12.o
                0x00001aee                I2C0_IRQHandler
 .text.I2C1_IRQHandler
                0x00001af6        0x8 ./SDK/startup/startup_mk64f12.o
                0x00001af6                I2C1_IRQHandler
 .text.SPI0_IRQHandler
                0x00001afe        0x8 ./SDK/startup/startup_mk64f12.o
                0x00001afe                SPI0_IRQHandler
 .text.SPI1_IRQHandler
                0x00001b06        0x8 ./SDK/startup/startup_mk64f12.o
                0x00001b06                SPI1_IRQHandler
 .text.I2S0_Tx_IRQHandler
                0x00001b0e        0x8 ./SDK/startup/startup_mk64f12.o
                0x00001b0e                I2S0_Tx_IRQHandler
 .text.I2S0_Rx_IRQHandler
                0x00001b16        0x8 ./SDK/startup/startup_mk64f12.o
                0x00001b16                I2S0_Rx_IRQHandler
 .text.UART0_LON_IRQHandler
                0x00001b1e        0x8 ./SDK/startup/startup_mk64f12.o
                0x00001b1e                UART0_LON_IRQHandler
 .text.UART0_ERR_IRQHandler
                0x00001b26        0x8 ./SDK/startup/startup_mk64f12.o
                0x00001b26                UART0_ERR_IRQHandler
 .text.UART1_ERR_IRQHandler
                0x00001b2e        0x8 ./SDK/startup/startup_mk64f12.o
                0x00001b2e                UART1_ERR_IRQHandler
 .text.UART2_ERR_IRQHandler
                0x00001b36        0x8 ./SDK/startup/startup_mk64f12.o
                0x00001b36                UART2_ERR_IRQHandler
 .text.UART3_ERR_IRQHandler
                0x00001b3e        0x8 ./SDK/startup/startup_mk64f12.o
                0x00001b3e                UART3_ERR_IRQHandler
 .text.ADC0_IRQHandler
                0x00001b46        0x8 ./SDK/startup/startup_mk64f12.o
                0x00001b46                ADC0_IRQHandler
 .text.CMP0_IRQHandler
                0x00001b4e        0x8 ./SDK/startup/startup_mk64f12.o
                0x00001b4e                CMP0_IRQHandler
 .text.CMP1_IRQHandler
                0x00001b56        0x8 ./SDK/startup/startup_mk64f12.o
                0x00001b56                CMP1_IRQHandler
 .text.FTM0_IRQHandler
                0x00001b5e        0x8 ./SDK/startup/startup_mk64f12.o
                0x00001b5e                FTM0_IRQHandler
 .text.FTM1_IRQHandler
                0x00001b66        0x8 ./SDK/startup/startup_mk64f12.o
                0x00001b66                FTM1_IRQHandler
 .text.FTM2_IRQHandler
                0x00001b6e        0x8 ./SDK/startup/startup_mk64f12.o
                0x00001b6e                FTM2_IRQHandler
 .text.CMT_IRQHandler
                0x00001b76        0x8 ./SDK/startup/startup_mk64f12.o
                0x00001b76                CMT_IRQHandler
 .text.RTC_IRQHandler
                0x00001b7e        0x8 ./SDK/startup/startup_mk64f12.o
                0x00001b7e                RTC_IRQHandler
 .text.RTC_Seconds_IRQHandler
                0x00001b86        0x8 ./SDK/startup/startup_mk64f12.o
                0x00001b86                RTC_Seconds_IRQHandler
 .text.PIT0_IRQHandler
                0x00001b8e        0x8 ./SDK/startup/startup_mk64f12.o
                0x00001b8e                PIT0_IRQHandler
 .text.PIT1_IRQHandler
                0x00001b96        0x8 ./SDK/startup/startup_mk64f12.o
                0x00001b96                PIT1_IRQHandler
 .text.PIT2_IRQHandler
                0x00001b9e        0x8 ./SDK/startup/startup_mk64f12.o
                0x00001b9e                PIT2_IRQHandler
 .text.PIT3_IRQHandler
                0x00001ba6        0x8 ./SDK/startup/startup_mk64f12.o
                0x00001ba6                PIT3_IRQHandler
 .text.PDB0_IRQHandler
                0x00001bae        0x8 ./SDK/startup/startup_mk64f12.o
                0x00001bae                PDB0_IRQHandler
 .text.USB0_IRQHandler
                0x00001bb6        0x8 ./SDK/startup/startup_mk64f12.o
                0x00001bb6                USB0_IRQHandler
 .text.USBDCD_IRQHandler
                0x00001bbe        0x8 ./SDK/startup/startup_mk64f12.o
                0x00001bbe                USBDCD_IRQHandler
 .text.Reserved71_IRQHandler
                0x00001bc6        0x8 ./SDK/startup/startup_mk64f12.o
                0x00001bc6                Reserved71_IRQHandler
 .text.DAC0_IRQHandler
                0x00001bce        0x8 ./SDK/startup/startup_mk64f12.o
                0x00001bce                DAC0_IRQHandler
 .text.MCG_IRQHandler
                0x00001bd6        0x8 ./SDK/startup/startup_mk64f12.o
                0x00001bd6                MCG_IRQHandler
 .text.LPTMR0_IRQHandler
                0x00001bde        0x8 ./SDK/startup/startup_mk64f12.o
                0x00001bde                LPTMR0_IRQHandler
 .text.SWI_IRQHandler
                0x00001be6        0x8 ./SDK/startup/startup_mk64f12.o
                0x00001be6                SWI_IRQHandler
 .text.SPI2_IRQHandler
                0x00001bee        0x8 ./SDK/startup/startup_mk64f12.o
                0x00001bee                SPI2_IRQHandler
 .text.UART4_ERR_IRQHandler
                0x00001bf6        0x8 ./SDK/startup/startup_mk64f12.o
                0x00001bf6                UART4_ERR_IRQHandler
 .text.UART5_ERR_IRQHandler
                0x00001bfe        0x8 ./SDK/startup/startup_mk64f12.o
                0x00001bfe                UART5_ERR_IRQHandler
 .text.CMP2_IRQHandler
                0x00001c06        0x8 ./SDK/startup/startup_mk64f12.o
                0x00001c06                CMP2_IRQHandler
 .text.FTM3_IRQHandler
                0x00001c0e        0x8 ./SDK/startup/startup_mk64f12.o
                0x00001c0e                FTM3_IRQHandler
 .text.DAC1_IRQHandler
                0x00001c16        0x8 ./SDK/startup/startup_mk64f12.o
                0x00001c16                DAC1_IRQHandler
 .text.ADC1_IRQHandler
                0x00001c1e        0x8 ./SDK/startup/startup_mk64f12.o
                0x00001c1e                ADC1_IRQHandler
 .text.I2C2_IRQHandler
                0x00001c26        0x8 ./SDK/startup/startup_mk64f12.o
                0x00001c26                I2C2_IRQHandler
 .text.CAN0_ORed_Message_buffer_IRQHandler
                0x00001c2e        0x8 ./SDK/startup/startup_mk64f12.o
                0x00001c2e                CAN0_ORed_Message_buffer_IRQHandler
 .text.CAN0_Bus_Off_IRQHandler
                0x00001c36        0x8 ./SDK/startup/startup_mk64f12.o
                0x00001c36                CAN0_Bus_Off_IRQHandler
 .text.CAN0_Error_IRQHandler
                0x00001c3e        0x8 ./SDK/startup/startup_mk64f12.o
                0x00001c3e                CAN0_Error_IRQHandler
 .text.CAN0_Tx_Warning_IRQHandler
                0x00001c46        0x8 ./SDK/startup/startup_mk64f12.o
                0x00001c46                CAN0_Tx_Warning_IRQHandler
 .text.CAN0_Rx_Warning_IRQHandler
                0x00001c4e        0x8 ./SDK/startup/startup_mk64f12.o
                0x00001c4e                CAN0_Rx_Warning_IRQHandler
 .text.CAN0_Wake_Up_IRQHandler
                0x00001c56        0x8 ./SDK/startup/startup_mk64f12.o
                0x00001c56                CAN0_Wake_Up_IRQHandler
 .text.SDHC_IRQHandler
                0x00001c5e        0x8 ./SDK/startup/startup_mk64f12.o
                0x00001c5e                SDHC_IRQHandler
 .text.ENET_1588_Timer_IRQHandler
                0x00001c66        0x8 ./SDK/startup/startup_mk64f12.o
                0x00001c66                ENET_1588_Timer_IRQHandler
 .text.ENET_Transmit_IRQHandler
                0x00001c6e        0x8 ./SDK/startup/startup_mk64f12.o
                0x00001c6e                ENET_Transmit_IRQHandler
 .text.ENET_Receive_IRQHandler
                0x00001c76        0x8 ./SDK/startup/startup_mk64f12.o
                0x00001c76                ENET_Receive_IRQHandler
 .text.ENET_Error_IRQHandler
                0x00001c7e        0x8 ./SDK/startup/startup_mk64f12.o
                0x00001c7e                ENET_Error_IRQHandler
 .text.SystemInitHook
                0x00001c86        0xe ./SDK/CMSIS/system_MK64F12.o
                0x00001c86                SystemInitHook
 *(SORT_BY_ALIGNMENT(.rodata) SORT_BY_ALIGNMENT(.rodata.*) SORT_BY_ALIGNMENT(.constdata) SORT_BY_ALIGNMENT(.constdata.*))
 .rodata        0x00001c94        0x9 ./source/App.o
 *fill*         0x00001c9d        0x3 ff
 .rodata.PORT_PTRS
                0x00001ca0       0x14 ./source/gpio.o
 .rodata.GPIO_PTRS
                0x00001cb4       0x14 ./source/gpio.o
 .rodata.PORT_SCG
                0x00001cc8        0xa ./source/uart.o
                0x00001cc8                PORT_SCG
 *fill*         0x00001cd2        0x2 ff
 .rodata.UART_ptrs
                0x00001cd4       0x18 ./source/uart.o
 .rodata.addr_arrays
                0x00001cec       0x14 ./source/uart.o
 .rodata.TX_PINS
                0x00001d00        0x5 ./source/uart.o
 *fill*         0x00001d05        0x3 ff
 .rodata.RX_PINS
                0x00001d08        0x5 ./source/uart.o
                0x00001d10                . = ALIGN (0x8)
 *fill*         0x00001d0d        0x3 ff

.glue_7         0x00001d10        0x0
 .glue_7        0x00001d10        0x0 linker stubs

.glue_7t        0x00001d10        0x0
 .glue_7t       0x00001d10        0x0 linker stubs

.vfp11_veneer   0x00001d10        0x0
 .vfp11_veneer  0x00001d10        0x0 linker stubs

.v4_bx          0x00001d10        0x0
 .v4_bx         0x00001d10        0x0 linker stubs

.iplt           0x00001d10        0x0
 .iplt          0x00001d10        0x0 ./source/App.o

.rel.dyn        0x00001d10        0x0
 .rel.iplt      0x00001d10        0x0 ./source/App.o

.ARM.extab
 *(SORT_BY_ALIGNMENT(.ARM.extab*) SORT_BY_ALIGNMENT(.gnu.linkonce.armextab.*))
                0x00001d10                __exidx_start = .

.ARM.exidx
 *(SORT_BY_ALIGNMENT(.ARM.exidx*) SORT_BY_ALIGNMENT(.gnu.linkonce.armexidx.*))
                0x00001d10                __exidx_end = .
                0x00001d10                _etext = .

.m_usb_data
 *(SORT_BY_ALIGNMENT(m_usb_bdt))

.data_RAM2      0x1fff0000        0x0 load address 0x00001d10
 FILL mask 0xff
                [!provide]                PROVIDE (__start_data_RAM2, .)
 *(SORT_BY_ALIGNMENT(.ramfunc.$RAM2))
 *(SORT_BY_ALIGNMENT(.ramfunc.$SRAM_LOWER))
 *(SORT_BY_ALIGNMENT(.data.$RAM2*))
 *(SORT_BY_ALIGNMENT(.data.$SRAM_LOWER*))
                0x1fff0000                . = ALIGN (0x8)
                [!provide]                PROVIDE (__end_data_RAM2, .)

.data_RAM3      0x14000000        0x0 load address 0x00001d10
 FILL mask 0xff
                [!provide]                PROVIDE (__start_data_RAM3, .)
 *(SORT_BY_ALIGNMENT(.ramfunc.$RAM3))
 *(SORT_BY_ALIGNMENT(.ramfunc.$FLEX_RAM))
 *(SORT_BY_ALIGNMENT(.data.$RAM3*))
 *(SORT_BY_ALIGNMENT(.data.$FLEX_RAM*))
                0x14000000                . = ALIGN (0x8)
                [!provide]                PROVIDE (__end_data_RAM3, .)

.uninit_RESERVED
                0x20000000        0x0
 *(SORT_BY_ALIGNMENT(.bss.$RESERVED*))
                0x20000000                . = ALIGN (0x4)
                0x20000000                _end_uninit_RESERVED = .

.data           0x20000000        0x0 load address 0x00001d10
 FILL mask 0xff
                0x20000000                _data = .
 *(SORT_BY_ALIGNMENT(vtable))
 *(SORT_BY_ALIGNMENT(.ramfunc*))
 *(SORT_BY_ALIGNMENT(.data*))
                0x20000000                . = ALIGN (0x8)
                0x20000000                _edata = .

.igot.plt       0x20000000        0x0 load address 0x00001d10
 .igot.plt      0x20000000        0x0 ./source/App.o

.bss_RAM2       0x1fff0000        0x0
                [!provide]                PROVIDE (__start_bss_RAM2, .)
 *(SORT_BY_ALIGNMENT(.bss.$RAM2*))
 *(SORT_BY_ALIGNMENT(.bss.$SRAM_LOWER*))
                0x1fff0000                . = ALIGN ((. != 0x0)?0x8:0x1)
                [!provide]                PROVIDE (__end_bss_RAM2, .)

.bss_RAM3       0x14000000        0x0
                [!provide]                PROVIDE (__start_bss_RAM3, .)
 *(SORT_BY_ALIGNMENT(.bss.$RAM3*))
 *(SORT_BY_ALIGNMENT(.bss.$FLEX_RAM*))
                0x14000000                . = ALIGN ((. != 0x0)?0x8:0x1)
                [!provide]                PROVIDE (__end_bss_RAM3, .)

.bss            0x20000000     0x13d0
                0x20000000                _bss = .
 *(SORT_BY_ALIGNMENT(.bss*))
 .bss.current_board
                0x20000000        0x6 ./source/App.o
 *fill*         0x20000006        0x2 
 .bss.can_message_ptr
                0x20000008        0x4 ./source/App.o
 .bss.mbStatus  0x2000000c       0x18 ./source/ComunicacionCAN.o
 .bss.callback_ptr
                0x20000024        0x4 ./source/SysTick.o
                0x20000024                callback_ptr
 .bss.boards    0x20000028       0x24 ./source/data_manager.o
 .bss.config    0x2000004c        0xc ./source/data_manager.o
 .bss.message   0x20000058       0x12 ./source/data_manager.o
 *fill*         0x2000006a        0x2 
 .bss.FIFO_Array
                0x2000006c     0x10c0 ./source/fifo.o
 .bss.CALLBACKS
                0x2000112c      0x280 ./source/gpio.o
 .bss.uart_is_used
                0x200013ac        0x5 ./source/uart.o
 *fill*         0x200013b1        0x3 
 .bss.tx_fifo   0x200013b4        0x5 ./source/uart.o
 *fill*         0x200013b9        0x3 
 .bss.rx_fifo   0x200013bc        0x5 ./source/uart.o
 *fill*         0x200013c1        0x3 
 .bss.__LDM_interruptDisableCount
                0x200013c4        0x4 ./SDK/startup/hardware.o
 .bss.current_group
                0x200013c8        0x1 ./source/App.o
 .bss.message_error
                0x200013c9        0x1 ./source/App.o
 .bss.id        0x200013ca        0x1 ./source/data_manager.o
 .bss.fifo_n    0x200013cb        0x1 ./source/fifo.o
 *(SORT_BY_ALIGNMENT(COMMON))
                0x200013d0                . = ALIGN (0x8)
 *fill*         0x200013cc        0x4 
                0x200013d0                _ebss = .
                [!provide]                PROVIDE (end, .)

.noinit_RAM2    0x1fff0000        0x0
 *(SORT_BY_ALIGNMENT(.noinit.$RAM2*))
 *(SORT_BY_ALIGNMENT(.noinit.$SRAM_LOWER*))
                0x1fff0000                . = ALIGN (0x8)

.noinit_RAM3    0x14000000        0x0
 *(SORT_BY_ALIGNMENT(.noinit.$RAM3*))
 *(SORT_BY_ALIGNMENT(.noinit.$FLEX_RAM*))
                0x14000000                . = ALIGN (0x8)

.noinit         0x200013d0        0x0
                0x200013d0                _noinit = .
 *(SORT_BY_ALIGNMENT(.noinit*))
                0x200013d0                . = ALIGN (0x8)
                0x200013d0                _end_noinit = .
                0x00001000                _HeapSize = 0x1000

.heap           0x200013d0     0x1000
                0x200013d0                _pvHeapStart = .
                0x200023d0                . = (. + _HeapSize)
 *fill*         0x200013d0     0x1000 
                0x200023d0                . = ALIGN (0x8)
                0x200023d0                _pvHeapLimit = .
                0x00001000                _StackSize = 0x1000

.heap2stackfill
                0x200023d0     0x1000
                0x200033d0                . = (. + _StackSize)
 *fill*         0x200023d0     0x1000 

.stack          0x2002f000        0x0
                0x2002f000                _vStackBase = .
                0x2002f000                . = ALIGN (0x8)
                0x20030000                _vStackTop = (. + _StackSize)
                0x00000000                _image_start = LOADADDR (.text)
                0x00001d10                _image_end = (LOADADDR (.data) + SIZEOF (.data))
                0x00001d10                _image_size = (_image_end - _image_start)
OUTPUT(Blink.axf elf32-littlearm)

.debug_info     0x00000000     0x542d
 .debug_info    0x00000000      0x219 ./source/App.o
 .debug_info    0x00000219      0x2db ./source/ComunicacionCAN.o
 .debug_info    0x000004f4      0x175 ./source/SysTick.o
 .debug_info    0x00000669      0xec0 ./source/can.o
 .debug_info    0x00001529      0x2bd ./source/data_manager.o
 .debug_info    0x000017e6      0xc02 ./source/fifo.o
 .debug_info    0x000023e8      0xb0d ./source/gpio.o
 .debug_info    0x00002ef5      0xf25 ./source/uart.o
 .debug_info    0x00003e1a      0x675 ./SDK/startup/hardware.o
 .debug_info    0x0000448f       0xb7 ./SDK/startup/main.o
 .debug_info    0x00004546       0x3b ./SDK/startup/semihost_hardfault.o
 .debug_info    0x00004581      0x8b0 ./SDK/startup/startup_mk64f12.o
 .debug_info    0x00004e31      0x5fc ./SDK/CMSIS/system_MK64F12.o

.debug_abbrev   0x00000000     0x12ff
 .debug_abbrev  0x00000000      0x11a ./source/App.o
 .debug_abbrev  0x0000011a      0x16a ./source/ComunicacionCAN.o
 .debug_abbrev  0x00000284      0x120 ./source/SysTick.o
 .debug_abbrev  0x000003a4      0x249 ./source/can.o
 .debug_abbrev  0x000005ed      0x135 ./source/data_manager.o
 .debug_abbrev  0x00000722      0x250 ./source/fifo.o
 .debug_abbrev  0x00000972      0x243 ./source/gpio.o
 .debug_abbrev  0x00000bb5      0x2cb ./source/uart.o
 .debug_abbrev  0x00000e80      0x138 ./SDK/startup/hardware.o
 .debug_abbrev  0x00000fb8       0x7d ./SDK/startup/main.o
 .debug_abbrev  0x00001035       0x2f ./SDK/startup/semihost_hardfault.o
 .debug_abbrev  0x00001064      0x15c ./SDK/startup/startup_mk64f12.o
 .debug_abbrev  0x000011c0      0x13f ./SDK/CMSIS/system_MK64F12.o

.debug_aranges  0x00000000      0x6b0
 .debug_aranges
                0x00000000       0x40 ./source/App.o
 .debug_aranges
                0x00000040       0x40 ./source/ComunicacionCAN.o
 .debug_aranges
                0x00000080       0x28 ./source/SysTick.o
 .debug_aranges
                0x000000a8       0x38 ./source/can.o
 .debug_aranges
                0x000000e0       0x38 ./source/data_manager.o
 .debug_aranges
                0x00000118       0x80 ./source/fifo.o
 .debug_aranges
                0x00000198       0x80 ./source/gpio.o
 .debug_aranges
                0x00000218       0xc8 ./source/uart.o
 .debug_aranges
                0x000002e0       0x30 ./SDK/startup/hardware.o
 .debug_aranges
                0x00000310       0x20 ./SDK/startup/main.o
 .debug_aranges
                0x00000330       0x20 ./SDK/startup/semihost_hardfault.o
 .debug_aranges
                0x00000350      0x330 ./SDK/startup/startup_mk64f12.o
 .debug_aranges
                0x00000680       0x30 ./SDK/CMSIS/system_MK64F12.o

.debug_ranges   0x00000000      0x600
 .debug_ranges  0x00000000       0x50 ./source/App.o
 .debug_ranges  0x00000050       0x30 ./source/ComunicacionCAN.o
 .debug_ranges  0x00000080       0x18 ./source/SysTick.o
 .debug_ranges  0x00000098       0x28 ./source/can.o
 .debug_ranges  0x000000c0       0x28 ./source/data_manager.o
 .debug_ranges  0x000000e8       0x70 ./source/fifo.o
 .debug_ranges  0x00000158       0x70 ./source/gpio.o
 .debug_ranges  0x000001c8       0xb8 ./source/uart.o
 .debug_ranges  0x00000280       0x20 ./SDK/startup/hardware.o
 .debug_ranges  0x000002a0       0x10 ./SDK/startup/main.o
 .debug_ranges  0x000002b0       0x10 ./SDK/startup/semihost_hardfault.o
 .debug_ranges  0x000002c0      0x320 ./SDK/startup/startup_mk64f12.o
 .debug_ranges  0x000005e0       0x20 ./SDK/CMSIS/system_MK64F12.o

.debug_macro    0x00000000    0x13233
 .debug_macro   0x00000000       0x4e ./source/App.o
 .debug_macro   0x0000004e      0xa60 ./source/App.o
 .debug_macro   0x00000aae      0x34e ./source/App.o
 .debug_macro   0x00000dfc       0x22 ./source/App.o
 .debug_macro   0x00000e1e       0x22 ./source/App.o
 .debug_macro   0x00000e40       0x28 ./source/App.o
 .debug_macro   0x00000e68      0x174 ./source/App.o
 .debug_macro   0x00000fdc       0x8a ./source/ComunicacionCAN.o
 .debug_macro   0x00001066       0x5c ./source/ComunicacionCAN.o
 .debug_macro   0x000010c2       0x1c ./source/ComunicacionCAN.o
 .debug_macro   0x000010de       0x22 ./source/ComunicacionCAN.o
 .debug_macro   0x00001100       0xdf ./source/ComunicacionCAN.o
 .debug_macro   0x000011df      0xecf ./source/ComunicacionCAN.o
 .debug_macro   0x000020ae       0x48 ./source/ComunicacionCAN.o
 .debug_macro   0x000020f6     0xe07b ./source/ComunicacionCAN.o
 .debug_macro   0x00010171      0x10a ./source/SysTick.o
 .debug_macro   0x0001027b       0x10 ./source/SysTick.o
 .debug_macro   0x0001028b     0x122b ./source/SysTick.o
 .debug_macro   0x000114b6       0x16 ./source/SysTick.o
 .debug_macro   0x000114cc       0x40 ./source/SysTick.o
 .debug_macro   0x0001150c       0xee ./source/SysTick.o
 .debug_macro   0x000115fa      0x1b4 ./source/can.o
 .debug_macro   0x000117ae       0x17 ./source/can.o
 .debug_macro   0x000117c5       0x22 ./source/can.o
 .debug_macro   0x000117e7       0x52 ./source/can.o
 .debug_macro   0x00011839       0x8d ./source/can.o
 .debug_macro   0x000118c6       0x35 ./source/can.o
 .debug_macro   0x000118fb       0x9c ./source/can.o
 .debug_macro   0x00011997       0x16 ./source/can.o
 .debug_macro   0x000119ad      0x10e ./source/can.o
 .debug_macro   0x00011abb       0x8d ./source/can.o
 .debug_macro   0x00011b48       0x57 ./source/can.o
 .debug_macro   0x00011b9f       0x58 ./source/can.o
 .debug_macro   0x00011bf7       0x1f ./source/can.o
 .debug_macro   0x00011c16       0x43 ./source/can.o
 .debug_macro   0x00011c59       0x20 ./source/can.o
 .debug_macro   0x00011c79      0x18e ./source/can.o
 .debug_macro   0x00011e07      0x32a ./source/can.o
 .debug_macro   0x00012131       0x16 ./source/can.o
 .debug_macro   0x00012147       0x29 ./source/can.o
 .debug_macro   0x00012170       0xa7 ./source/data_manager.o
 .debug_macro   0x00012217       0x22 ./source/data_manager.o
 .debug_macro   0x00012239      0x1c5 ./source/fifo.o
 .debug_macro   0x000123fe       0x16 ./source/fifo.o
 .debug_macro   0x00012414       0x97 ./source/fifo.o
 .debug_macro   0x000124ab      0x330 ./source/fifo.o
 .debug_macro   0x000127db       0xfd ./source/fifo.o
 .debug_macro   0x000128d8       0x10 ./source/fifo.o
 .debug_macro   0x000128e8       0x10 ./source/fifo.o
 .debug_macro   0x000128f8       0x6a ./source/fifo.o
 .debug_macro   0x00012962       0x1c ./source/fifo.o
 .debug_macro   0x0001297e       0x52 ./source/fifo.o
 .debug_macro   0x000129d0       0x40 ./source/fifo.o
 .debug_macro   0x00012a10       0x10 ./source/fifo.o
 .debug_macro   0x00012a20       0x40 ./source/fifo.o
 .debug_macro   0x00012a60       0xd7 ./source/fifo.o
 .debug_macro   0x00012b37       0x1c ./source/fifo.o
 .debug_macro   0x00012b53       0x3d ./source/fifo.o
 .debug_macro   0x00012b90       0x16 ./source/fifo.o
 .debug_macro   0x00012ba6      0x16f ./source/fifo.o
 .debug_macro   0x00012d15       0x28 ./source/fifo.o
 .debug_macro   0x00012d3d       0xcd ./source/gpio.o
 .debug_macro   0x00012e0a      0x11b ./source/uart.o
 .debug_macro   0x00012f25       0x28 ./source/uart.o
 .debug_macro   0x00012f4d       0xf4 ./source/uart.o
 .debug_macro   0x00013041       0x9c ./SDK/startup/hardware.o
 .debug_macro   0x000130dd       0x9c ./SDK/startup/main.o
 .debug_macro   0x00013179       0x11 ./SDK/startup/semihost_hardfault.o
 .debug_macro   0x0001318a       0x29 ./SDK/startup/startup_mk64f12.o
 .debug_macro   0x000131b3       0x80 ./SDK/CMSIS/system_MK64F12.o

.debug_line     0x00000000     0x21c5
 .debug_line    0x00000000      0x181 ./source/App.o
 .debug_line    0x00000181      0x1af ./source/ComunicacionCAN.o
 .debug_line    0x00000330      0x1b7 ./source/SysTick.o
 .debug_line    0x000004e7      0x390 ./source/can.o
 .debug_line    0x00000877      0x1a8 ./source/data_manager.o
 .debug_line    0x00000a1f      0x472 ./source/fifo.o
 .debug_line    0x00000e91      0x2dd ./source/gpio.o
 .debug_line    0x0000116e      0x416 ./source/uart.o
 .debug_line    0x00001584      0x1d4 ./SDK/startup/hardware.o
 .debug_line    0x00001758      0x175 ./SDK/startup/main.o
 .debug_line    0x000018cd       0x59 ./SDK/startup/semihost_hardfault.o
 .debug_line    0x00001926      0x6d8 ./SDK/startup/startup_mk64f12.o
 .debug_line    0x00001ffe      0x1c7 ./SDK/CMSIS/system_MK64F12.o

.debug_str      0x00000000    0x7d81b
 .debug_str     0x00000000     0x3abb ./source/App.o
                               0x3cc0 (size before relaxing)
 .debug_str     0x00003abb    0x6cd97 ./source/ComunicacionCAN.o
                              0x7067a (size before relaxing)
 .debug_str     0x00070852     0x7146 ./source/SysTick.o
                              0x77601 (size before relaxing)
 .debug_str     0x00077998     0x32d7 ./source/can.o
                              0x74039 (size before relaxing)
 .debug_str     0x0007ac6f      0x153 ./source/data_manager.o
                              0x706a3 (size before relaxing)
 .debug_str     0x0007adc2     0x1548 ./source/fifo.o
                               0x80ff (size before relaxing)
 .debug_str     0x0007c30a      0x7e5 ./source/gpio.o
                              0x779ce (size before relaxing)
 .debug_str     0x0007caef      0x3bf ./source/uart.o
                              0x78342 (size before relaxing)
 .debug_str     0x0007ceae      0x16f ./SDK/startup/hardware.o
                              0x77235 (size before relaxing)
 .debug_str     0x0007d01d       0x1b ./SDK/startup/main.o
                              0x77009 (size before relaxing)
 .debug_str     0x0007d038       0x36 ./SDK/startup/semihost_hardfault.o
                               0x2d6f (size before relaxing)
 .debug_str     0x0007d06e      0x74b ./SDK/startup/startup_mk64f12.o
                               0x35dd (size before relaxing)
 .debug_str     0x0007d7b9       0x62 ./SDK/CMSIS/system_MK64F12.o
                              0x77144 (size before relaxing)

.comment        0x00000000       0x7e
 .comment       0x00000000       0x7e ./source/App.o
                                 0x7f (size before relaxing)
 .comment       0x0000007e       0x7f ./source/ComunicacionCAN.o
 .comment       0x0000007e       0x7f ./source/SysTick.o
 .comment       0x0000007e       0x7f ./source/can.o
 .comment       0x0000007e       0x7f ./source/data_manager.o
 .comment       0x0000007e       0x7f ./source/fifo.o
 .comment       0x0000007e       0x7f ./source/gpio.o
 .comment       0x0000007e       0x7f ./source/uart.o
 .comment       0x0000007e       0x7f ./SDK/startup/hardware.o
 .comment       0x0000007e       0x7f ./SDK/startup/main.o
 .comment       0x0000007e       0x7f ./SDK/startup/semihost_hardfault.o
 .comment       0x0000007e       0x7f ./SDK/startup/startup_mk64f12.o
 .comment       0x0000007e       0x7f ./SDK/CMSIS/system_MK64F12.o

.ARM.attributes
                0x00000000       0x39
 .ARM.attributes
                0x00000000       0x39 ./source/App.o
 .ARM.attributes
                0x00000039       0x39 ./source/ComunicacionCAN.o
 .ARM.attributes
                0x00000072       0x39 ./source/SysTick.o
 .ARM.attributes
                0x000000ab       0x39 ./source/can.o
 .ARM.attributes
                0x000000e4       0x39 ./source/data_manager.o
 .ARM.attributes
                0x0000011d       0x39 ./source/fifo.o
 .ARM.attributes
                0x00000156       0x39 ./source/gpio.o
 .ARM.attributes
                0x0000018f       0x39 ./source/uart.o
 .ARM.attributes
                0x000001c8       0x39 ./SDK/startup/hardware.o
 .ARM.attributes
                0x00000201       0x39 ./SDK/startup/main.o
 .ARM.attributes
                0x0000023a       0x39 ./SDK/startup/semihost_hardfault.o
 .ARM.attributes
                0x00000273       0x39 ./SDK/startup/startup_mk64f12.o
 .ARM.attributes
                0x000002ac       0x39 ./SDK/CMSIS/system_MK64F12.o

.debug_frame    0x00000000     0x14fc
 .debug_frame   0x00000000       0xbc ./source/App.o
 .debug_frame   0x000000bc       0xc0 ./source/ComunicacionCAN.o
 .debug_frame   0x0000017c       0x60 ./source/SysTick.o
 .debug_frame   0x000001dc       0xb0 ./source/can.o
 .debug_frame   0x0000028c       0xa0 ./source/data_manager.o
 .debug_frame   0x0000032c      0x1f8 ./source/fifo.o
 .debug_frame   0x00000524      0x224 ./source/gpio.o
 .debug_frame   0x00000748      0x380 ./source/uart.o
 .debug_frame   0x00000ac8       0x70 ./SDK/startup/hardware.o
 .debug_frame   0x00000b38       0x2c ./SDK/startup/main.o
 .debug_frame   0x00000b64       0x20 ./SDK/startup/semihost_hardfault.o
 .debug_frame   0x00000b84      0x904 ./SDK/startup/startup_mk64f12.o
 .debug_frame   0x00001488       0x74 ./SDK/CMSIS/system_MK64F12.o
