Archive member included to satisfy reference by file (symbol)

c:/nxp/mcuxpressoide_10.2.0_759/ide/tools/bin/../lib/gcc/arm-none-eabi/7.2.1/../../../../arm-none-eabi/lib/thumb/v7e-m/fpv4-sp/hard\libcr_c.a(atan2.o)
                              ./source/orientation.o (atan2)
c:/nxp/mcuxpressoide_10.2.0_759/ide/tools/bin/../lib/gcc/arm-none-eabi/7.2.1/../../../../arm-none-eabi/lib/thumb/v7e-m/fpv4-sp/hard\libcr_c.a(cos.o)
                              ./source/orientation.o (cos)
c:/nxp/mcuxpressoide_10.2.0_759/ide/tools/bin/../lib/gcc/arm-none-eabi/7.2.1/../../../../arm-none-eabi/lib/thumb/v7e-m/fpv4-sp/hard\libcr_c.a(errno.o)
                              c:/nxp/mcuxpressoide_10.2.0_759/ide/tools/bin/../lib/gcc/arm-none-eabi/7.2.1/../../../../arm-none-eabi/lib/thumb/v7e-m/fpv4-sp/hard\libcr_c.a(atan2.o) (errno)
c:/nxp/mcuxpressoide_10.2.0_759/ide/tools/bin/../lib/gcc/arm-none-eabi/7.2.1/../../../../arm-none-eabi/lib/thumb/v7e-m/fpv4-sp/hard\libcr_c.a(fabs.o)
                              c:/nxp/mcuxpressoide_10.2.0_759/ide/tools/bin/../lib/gcc/arm-none-eabi/7.2.1/../../../../arm-none-eabi/lib/thumb/v7e-m/fpv4-sp/hard\libcr_c.a(atan2.o) (fabs)
c:/nxp/mcuxpressoide_10.2.0_759/ide/tools/bin/../lib/gcc/arm-none-eabi/7.2.1/../../../../arm-none-eabi/lib/thumb/v7e-m/fpv4-sp/hard\libcr_c.a(fpprintf.o)
                              ./source/orientation.o (printf)
c:/nxp/mcuxpressoide_10.2.0_759/ide/tools/bin/../lib/gcc/arm-none-eabi/7.2.1/../../../../arm-none-eabi/lib/thumb/v7e-m/fpv4-sp/hard\libcr_c.a(printf.o)
                              c:/nxp/mcuxpressoide_10.2.0_759/ide/tools/bin/../lib/gcc/arm-none-eabi/7.2.1/../../../../arm-none-eabi/lib/thumb/v7e-m/fpv4-sp/hard\libcr_c.a(fpprintf.o) (__vfprintf)
c:/nxp/mcuxpressoide_10.2.0_759/ide/tools/bin/../lib/gcc/arm-none-eabi/7.2.1/../../../../arm-none-eabi/lib/thumb/v7e-m/fpv4-sp/hard\libcr_c.a(sin.o)
                              ./source/orientation.o (sin)
c:/nxp/mcuxpressoide_10.2.0_759/ide/tools/bin/../lib/gcc/arm-none-eabi/7.2.1/../../../../arm-none-eabi/lib/thumb/v7e-m/fpv4-sp/hard\libcr_c.a(strlen.o)
                              c:/nxp/mcuxpressoide_10.2.0_759/ide/tools/bin/../lib/gcc/arm-none-eabi/7.2.1/../../../../arm-none-eabi/lib/thumb/v7e-m/fpv4-sp/hard\libcr_c.a(printf.o) (strlen)
c:/nxp/mcuxpressoide_10.2.0_759/ide/tools/bin/../lib/gcc/arm-none-eabi/7.2.1/../../../../arm-none-eabi/lib/thumb/v7e-m/fpv4-sp/hard\libcr_c.a(memset.o)
                              c:/nxp/mcuxpressoide_10.2.0_759/ide/tools/bin/../lib/gcc/arm-none-eabi/7.2.1/../../../../arm-none-eabi/lib/thumb/v7e-m/fpv4-sp/hard\libcr_c.a(fpprintf.o) (memset)
c:/nxp/mcuxpressoide_10.2.0_759/ide/tools/bin/../lib/gcc/arm-none-eabi/7.2.1/../../../../arm-none-eabi/lib/thumb/v7e-m/fpv4-sp/hard\libcr_c.a(_deferredlazyseek.o)
                              c:/nxp/mcuxpressoide_10.2.0_759/ide/tools/bin/../lib/gcc/arm-none-eabi/7.2.1/../../../../arm-none-eabi/lib/thumb/v7e-m/fpv4-sp/hard\libcr_c.a(fpprintf.o) (__flsbuf)
c:/nxp/mcuxpressoide_10.2.0_759/ide/tools/bin/../lib/gcc/arm-none-eabi/7.2.1/../../../../arm-none-eabi/lib/thumb/v7e-m/fpv4-sp/hard\libcr_c.a(_fflush.o)
                              c:/nxp/mcuxpressoide_10.2.0_759/ide/tools/bin/../lib/gcc/arm-none-eabi/7.2.1/../../../../arm-none-eabi/lib/thumb/v7e-m/fpv4-sp/hard\libcr_c.a(_deferredlazyseek.o) (_fflush)
c:/nxp/mcuxpressoide_10.2.0_759/ide/tools/bin/../lib/gcc/arm-none-eabi/7.2.1/../../../../arm-none-eabi/lib/thumb/v7e-m/fpv4-sp/hard\libcr_c.a(_frexpl.o)
                              c:/nxp/mcuxpressoide_10.2.0_759/ide/tools/bin/../lib/gcc/arm-none-eabi/7.2.1/../../../../arm-none-eabi/lib/thumb/v7e-m/fpv4-sp/hard\libcr_c.a(fpprintf.o) (_frexpl)
c:/nxp/mcuxpressoide_10.2.0_759/ide/tools/bin/../lib/gcc/arm-none-eabi/7.2.1/../../../../arm-none-eabi/lib/thumb/v7e-m/fpv4-sp/hard\libcr_c.a(_hugeval.o)
                              c:/nxp/mcuxpressoide_10.2.0_759/ide/tools/bin/../lib/gcc/arm-none-eabi/7.2.1/../../../../arm-none-eabi/lib/thumb/v7e-m/fpv4-sp/hard\libcr_c.a(atan2.o) (__huge_val)
c:/nxp/mcuxpressoide_10.2.0_759/ide/tools/bin/../lib/gcc/arm-none-eabi/7.2.1/../../../../arm-none-eabi/lib/thumb/v7e-m/fpv4-sp/hard\libcr_c.a(_ldexpl.o)
                              c:/nxp/mcuxpressoide_10.2.0_759/ide/tools/bin/../lib/gcc/arm-none-eabi/7.2.1/../../../../arm-none-eabi/lib/thumb/v7e-m/fpv4-sp/hard\libcr_c.a(fpprintf.o) (_ldexpl)
c:/nxp/mcuxpressoide_10.2.0_759/ide/tools/bin/../lib/gcc/arm-none-eabi/7.2.1/../../../../arm-none-eabi/lib/thumb/v7e-m/fpv4-sp/hard\libcr_c.a(_sincos.o)
                              c:/nxp/mcuxpressoide_10.2.0_759/ide/tools/bin/../lib/gcc/arm-none-eabi/7.2.1/../../../../arm-none-eabi/lib/thumb/v7e-m/fpv4-sp/hard\libcr_c.a(cos.o) (_sincos)
c:/nxp/mcuxpressoide_10.2.0_759/ide/tools/bin/../lib/gcc/arm-none-eabi/7.2.1/../../../../arm-none-eabi/lib/thumb/v7e-m/fpv4-sp/hard\libcr_c.a(_writebuf.o)
[...]
Memory Configuration

Name             Origin             Length             Attributes
PROGRAM_FLASH    0x00000000         0x00100000         xr
SRAM_UPPER       0x20000000         0x00030000         xrw
SRAM_LOWER       0x1fff0000         0x00010000         xrw
FLEX_RAM         0x14000000         0x00001000         xrw
*default*        0x00000000         0xffffffff

Linker script and memory map

LOAD ./source/App.o
LOAD ./source/ComunicacionCAN.o
LOAD ./source/SysTick.o
LOAD ./source/can.o
LOAD ./source/data_manager.o
LOAD ./source/fifo.o
LOAD ./source/fifo_i2c.o
LOAD ./source/gpio.o
LOAD ./source/i2cm.o
LOAD ./source/orientation.o
LOAD ./source/timer.o
LOAD ./source/uart.o
LOAD ./SDK/startup/hardware.o
LOAD ./SDK/startup/main.o
LOAD ./SDK/startup/semihost_hardfault.o
LOAD ./SDK/startup/startup_mk64f12.o
LOAD ./SDK/CMSIS/system_MK64F12.o
START GROUP
LOAD c:/nxp/mcuxpressoide_10.2.0_759/ide/tools/bin/../lib/gcc/arm-none-eabi/7.2.1/../../../../arm-none-eabi/lib/thumb/v7e-m/fpv4-sp/hard\libcr_nohost_nf.a
LOAD c:/nxp/mcuxpressoide_10.2.0_759/ide/tools/bin/../lib/gcc/arm-none-eabi/7.2.1/../../../../arm-none-eabi/lib/thumb/v7e-m/fpv4-sp/hard\libcr_c.a
LOAD c:/nxp/mcuxpressoide_10.2.0_759/ide/tools/bin/../lib/gcc/arm-none-eabi/7.2.1/thumb/v7e-m/fpv4-sp/hard\libcr_eabihelpers.a
END GROUP
                0x00000000                __base_PROGRAM_FLASH = 0x0
                0x00000000                __base_Flash = 0x0
                0x00100000                __top_PROGRAM_FLASH = 0x100000
                0x00100000                __top_Flash = 0x100000
                0x20000000                __base_SRAM_UPPER = 0x20000000
                0x20000000                __base_RAM = 0x20000000
                0x20030000                __top_SRAM_UPPER = 0x20030000
                0x20030000                __top_RAM = 0x20030000
                0x1fff0000                __base_SRAM_LOWER = 0x1fff0000
                0x1fff0000                __base_RAM2 = 0x1fff0000
                0x20000000                __top_SRAM_LOWER = 0x20000000
                0x20000000                __top_RAM2 = 0x20000000
                0x14000000                __base_FLEX_RAM = 0x14000000
                0x14000000                __base_RAM3 = 0x14000000
                0x14001000                __top_FLEX_RAM = 0x14001000
                0x14001000                __top_RAM3 = 0x14001000

.text           0x00000000     0x32b8
 FILL mask 0xff
                0x00000000                __vectors_start__ = ABSOLUTE (.)
 *(SORT_BY_ALIGNMENT(.isr_vector))
 .isr_vector    0x00000000      0x198 ./SDK/startup/startup_mk64f12.o
                0x00000000                g_pfnVectors
                0x00000000                __Vectors
                0x00000198                . = ALIGN (0x4)
                0x00000198                __section_table_start = .
                0x00000198                __data_section_table = .
                0x00000198        0x4 LONG 0x32b8 LOADADDR (.data)
                0x0000019c        0x4 LONG 0x20000000 ADDR (.data)
                0x000001a0        0x4 LONG 0x28 SIZEOF (.data)
                0x000001a4        0x4 LONG 0x32b8 LOADADDR (.data_RAM2)
                0x000001a8        0x4 LONG 0x1fff0000 ADDR (.data_RAM2)
                0x000001ac        0x4 LONG 0x0 SIZEOF (.data_RAM2)
                0x000001b0        0x4 LONG 0x32b8 LOADADDR (.data_RAM3)
                0x000001b4        0x4 LONG 0x14000000 ADDR (.data_RAM3)
                0x000001b8        0x4 LONG 0x0 SIZEOF (.data_RAM3)
                0x000001bc                __data_section_table_end = .
                0x000001bc                __bss_section_table = .
                0x000001bc        0x4 LONG 0x20000028 ADDR (.bss)
                0x000001c0        0x4 LONG 0x3940 SIZEOF (.bss)
                0x000001c4        0x4 LONG 0x1fff0000 ADDR (.bss_RAM2)
                0x000001c8        0x4 LONG 0x0 SIZEOF (.bss_RAM2)
                0x000001cc        0x4 LONG 0x14000000 ADDR (.bss_RAM3)
                0x000001d0        0x4 LONG 0x0 SIZEOF (.bss_RAM3)
                0x000001d4                __bss_section_table_end = .
                0x000001d4                __section_table_end = .
 *(SORT_BY_ALIGNMENT(.after_vectors*))
 .after_vectors.reset
                0x000001d4       0x4c ./SDK/startup/startup_mk64f12.o
                0x000001d4                ResetISR
 .after_vectors.init_data
                0x00000220       0x1e ./SDK/startup/startup_mk64f12.o
                0x00000220                data_init
 .after_vectors.init_bss
                0x0000023e       0x12 ./SDK/startup/startup_mk64f12.o
                0x0000023e                bss_init
 .after_vectors
                0x00000250       0x14 ./SDK/startup/startup_mk64f12.o
                0x00000250                NMI_Handler
                0x00000254                MemManage_Handler
                0x00000256                BusFault_Handler
                0x00000258                UsageFault_Handler
                0x0000025a                SVC_Handler
                0x0000025c                DebugMon_Handler
                0x0000025e                PendSV_Handler
                0x00000262                DMA_Error_DriverIRQHandler
                0x00000262                LPTMR0_DriverIRQHandler
                0x00000262                FTM1_DriverIRQHandler
                0x00000262                FTM2_DriverIRQHandler
                0x00000262                PIT2_DriverIRQHandler
                0x00000262                SDHC_DriverIRQHandler
                0x00000262                I2S0_Tx_DriverIRQHandler
                0x00000262                RTC_Seconds_DriverIRQHandler
                0x00000262                DMA6_DriverIRQHandler
                0x00000262                LLWU_DriverIRQHandler
                0x00000262                MCM_DriverIRQHandler
                0x00000262                MCG_DriverIRQHandler
                0x00000262                ENET_1588_Timer_DriverIRQHandler
                0x00000262                I2C2_DriverIRQHandler
                0x00000262                DAC1_DriverIRQHandler
                0x00000262                SPI1_DriverIRQHandler
                0x00000262                CMP1_DriverIRQHandler
                0x00000262                UART5_RX_TX_DriverIRQHandler
                0x00000262                FTM0_DriverIRQHandler
                0x00000262                IntDefaultHandler
                0x00000262                USB0_DriverIRQHandler
                0x00000262                UART5_ERR_DriverIRQHandler
                0x00000262                PORTC_DriverIRQHandler
                0x00000262                DMA11_DriverIRQHandler
                0x00000262                DAC0_DriverIRQHandler
                0x00000262                DMA10_DriverIRQHandler
                0x00000262                CMP2_DriverIRQHandler
                0x00000262                UART2_ERR_DriverIRQHandler
                0x00000262                SPI2_DriverIRQHandler
                0x00000262                LVD_LVW_DriverIRQHandler
                0x00000262                PIT0_DriverIRQHandler
                0x00000262                RNG_DriverIRQHandler
                0x00000262                DMA5_DriverIRQHandler
                0x00000262                DMA12_DriverIRQHandler
                0x00000262                UART2_RX_TX_DriverIRQHandler
                0x00000262                USBDCD_DriverIRQHandler
                0x00000262                UART3_ERR_DriverIRQHandler
                0x00000262                DMA3_DriverIRQHandler
                0x00000262                DMA8_DriverIRQHandler
                0x00000262                DMA9_DriverIRQHandler
                0x00000262                UART0_ERR_DriverIRQHandler
                0x00000262                CMT_DriverIRQHandler
                0x00000262                Reserved71_DriverIRQHandler
                0x00000262                ADC1_DriverIRQHandler
                0x00000262                PORTA_DriverIRQHandler
                0x00000262                DMA14_DriverIRQHandler
                0x00000262                PIT3_DriverIRQHandler
                0x00000262                PIT1_DriverIRQHandler
                0x00000262                WDOG_EWM_DriverIRQHandler
                0x00000262                PDB0_DriverIRQHandler
                0x00000262                RTC_DriverIRQHandler
                0x00000262                I2S0_Rx_DriverIRQHandler
                0x00000262                Read_Collision_DriverIRQHandler
                0x00000262                SWI_DriverIRQHandler
                0x00000262                UART4_RX_TX_DriverIRQHandler
                0x00000262                UART4_ERR_DriverIRQHandler
                0x00000262                PORTB_DriverIRQHandler
                0x00000262                UART0_LON_DriverIRQHandler
                0x00000262                DMA0_DriverIRQHandler
                0x00000262                DMA1_DriverIRQHandler
                0x00000262                I2C1_DriverIRQHandler
                0x00000262                UART3_RX_TX_DriverIRQHandler
                0x00000262                ENET_Receive_DriverIRQHandler
                0x00000262                DMA13_DriverIRQHandler
                0x00000262                ENET_Error_DriverIRQHandler
                0x00000262                DMA15_DriverIRQHandler
                0x00000262                UART0_RX_TX_DriverIRQHandler
                0x00000262                SPI0_DriverIRQHandler
                0x00000262                ADC0_DriverIRQHandler
                0x00000262                CMP0_DriverIRQHandler
                0x00000262                CAN0_DriverIRQHandler
                0x00000262                FTM3_DriverIRQHandler
                0x00000262                DMA4_DriverIRQHandler
                0x00000262                UART1_ERR_DriverIRQHandler
                0x00000262                DMA2_DriverIRQHandler
                0x00000262                ENET_Transmit_DriverIRQHandler
                0x00000262                PORTD_DriverIRQHandler
                0x00000262                PORTE_DriverIRQHandler
                0x00000262                FTFE_DriverIRQHandler
                0x00000262                I2C0_DriverIRQHandler
                0x00000262                DMA7_DriverIRQHandler
                0x00000262                UART1_RX_TX_DriverIRQHandler
                0x00000400                . = 0x400
 *fill*         0x00000264      0x19c ff
                0x00000400                PROVIDE (__FLASH_CONFIG_START__, .)
 *(SORT_BY_ALIGNMENT(.FlashConfig))
 .FlashConfig   0x00000400       0x10 ./SDK/startup/startup_mk64f12.o
                0x00000400                Flash_Config
                0x00000410                PROVIDE (__FLASH_CONFIG_END__, .)
                0x00000001                ASSERT (! ((__FLASH_CONFIG_START__ == __FLASH_CONFIG_END__)), Linker Flash Config Support Enabled, but no .FlashConfig section provided within application)
 *(SORT_BY_ALIGNMENT(.text*))
 .text.App_Init
                0x00000410       0x44 ./source/App.o
                0x00000410                App_Init
 .text.App_Run  0x00000454       0xb4 ./source/App.o
                0x00000454                App_Run
 .text.updateBoard
                0x00000508       0xb8 ./source/App.o
                0x00000508                updateBoard
 .text.setBoard
                0x000005c0      0x144 ./source/App.o
                0x000005c0                setBoard
 .text.sendCanMessage
                0x00000704       0x8c ./source/ComunicacionCAN.o
                0x00000704                sendCanMessage
 .text.receiveCanMessage
                0x00000790       0x88 ./source/ComunicacionCAN.o
                0x00000790                receiveCanMessage
 .text.getBoardStatus
                0x00000818       0x2c ./source/ComunicacionCAN.o
                0x00000818                getBoardStatus
 .text.SysTick_Init
                0x00000844       0x44 ./source/SysTick.o
                0x00000844                SysTick_Init
 .text.SysTick_Handler
                0x00000888       0x34 ./source/SysTick.o
                0x00000888                SysTick_Handler
 .text.CAN_Init
                0x000008bc      0x138 ./source/can.o
                0x000008bc                CAN_Init
 .text.CAN_ConfigureRxMB
                0x000009f4       0x70 ./source/can.o
                0x000009f4                CAN_ConfigureRxMB
 .text.CAN_WriteTxMB
                0x00000a64       0xbc ./source/can.o
                0x00000a64                CAN_WriteTxMB
 .text.CAN_ReadRxMB
                0x00000b20      0x118 ./source/can.o
                0x00000b20                CAN_ReadRxMB
 .text.dataManager_init
                0x00000c38       0x54 ./source/data_manager.o
                0x00000c38                dataManager_init
 .text.sendData
                0x00000c8c       0xcc ./source/data_manager.o
                0x00000c8c                sendData
 .text.getBoard
                0x00000d58       0x38 ./source/data_manager.o
                0x00000d58                getBoard
 .text.add_angle
                0x00000d90       0xd0 ./source/data_manager.o
                0x00000d90                add_angle
 .text.FIFO_GetId
                0x00000e60       0x30 ./source/fifo.o
                0x00000e60                FIFO_GetId
 .text.FIFO_IsBufferFull
                0x00000e90       0x30 ./source/fifo.o
                0x00000e90                FIFO_IsBufferFull
 .text.FIFO_IsBufferEmpty
                0x00000ec0       0x70 ./source/fifo.o
                0x00000ec0                FIFO_IsBufferEmpty
 .text.FIFO_PushToBuffer
                0x00000f30      0x118 ./source/fifo.o
                0x00000f30                FIFO_PushToBuffer
 .text.FIFO_PullFromBuffer
                0x00001048      0x13c ./source/fifo.o
                0x00001048                FIFO_PullFromBuffer
 .text.init_fifo
                0x00001184       0x5c ./source/fifo.o
                0x00001184                init_fifo
 .text.I2C_FIFO_GetId
                0x000011e0       0x30 ./source/fifo_i2c.o
                0x000011e0                I2C_FIFO_GetId
 .text.I2C_FIFO_IsBufferEmpty
                0x00001210       0x70 ./source/fifo_i2c.o
                0x00001210                I2C_FIFO_IsBufferEmpty
 .text.I2C_FIFO_PushToBuffer
                0x00001280      0x120 ./source/fifo_i2c.o
                0x00001280                I2C_FIFO_PushToBuffer
 .text.I2C_FIFO_PullFromBuffer
                0x000013a0      0x118 ./source/fifo_i2c.o
                0x000013a0                I2C_FIFO_PullFromBuffer
 .text.I2C_FIFO_GetBufferLength
                0x000014b8       0x68 ./source/fifo_i2c.o
                0x000014b8                I2C_FIFO_GetBufferLength
 .text.I2C_init_fifo
                0x00001520       0x5c ./source/fifo_i2c.o
                0x00001520                I2C_init_fifo
 .text.gpioMode
                0x0000157c      0x12c ./source/gpio.o
                0x0000157c                gpioMode
 .text.gpioWrite
                0x000016a8       0x54 ./source/gpio.o
                0x000016a8                gpioWrite
 .text.IRQHandler
                0x000016fc       0x74 ./source/gpio.o
 .text.__NVIC_EnableIRQ
                0x00001770       0x3c ./source/i2cm.o
 .text.I2C_Init
                0x000017ac      0x1d8 ./source/i2cm.o
                0x000017ac                I2C_Init
 .text.I2C_NewTransaction
                0x00001984       0x60 ./source/i2cm.o
                0x00001984                I2C_NewTransaction
 .text.I2C_IsBusFree
                0x000019e4       0x48 ./source/i2cm.o
                0x000019e4                I2C_IsBusFree
 .text.I2C_ISR  0x00001a2c       0xb0 ./source/i2cm.o
                0x00001a2c                I2C_ISR
 .text.I2C_fsm  0x00001adc      0x254 ./source/i2cm.o
                0x00001adc                I2C_fsm
 .text.I2C_start_transaction
                0x00001d30       0xe8 ./source/i2cm.o
                0x00001d30                I2C_start_transaction
 .text.orientation_Init
                0x00001e18       0x58 ./source/orientation.o
                0x00001e18                orientation_Init
 .text.orientation_Config
                0x00001e70      0x12c ./source/orientation.o
                0x00001e70                orientation_Config
 .text.orientation_Start
                0x00001f9c       0x34 ./source/orientation.o
                0x00001f9c                orientation_Start
 .text.refactor_data
                0x00001fd0       0xbc ./source/orientation.o
                0x00001fd0                refactor_data
 .text.get_accel_data
                0x0000208c       0x44 ./source/orientation.o
                0x0000208c                get_accel_data
 .text.get_accel_magnet_data
                0x000020d0       0x44 ./source/orientation.o
                0x000020d0                get_accel_magnet_data
 .text.timerInit
                0x00002114       0x28 ./source/timer.o
                0x00002114                timerInit
 .text.timerGetId
                0x0000213c       0x2c ./source/timer.o
                0x0000213c                timerGetId
 .text.timerStart
                0x00002168       0xa4 ./source/timer.o
                0x00002168                timerStart
 .text.timerReset
                0x0000220c       0x58 ./source/timer.o
                0x0000220c                timerReset
 .text.timerActivate
                0x00002264       0x58 ./source/timer.o
                0x00002264                timerActivate
 .text.timer_isr
                0x000022bc       0xec ./source/timer.o
                0x000022bc                timer_isr
 .text.__NVIC_EnableIRQ
                0x000023a8       0x3c ./source/uart.o
 .text.uartInit
                0x000023e4      0x1ac ./source/uart.o
                0x000023e4                uartInit
 .text.uartWriteMsg
                0x00002590       0x58 ./source/uart.o
                0x00002590                uartWriteMsg
 .text.UART_EnableClockGating
                0x000025e8       0xdc ./source/uart.o
                0x000025e8                UART_EnableClockGating
 .text.UART_SetBaudRate
                0x000026c4       0xb8 ./source/uart.o
                0x000026c4                UART_SetBaudRate
 .text.UART_SetEnableIRQ
                0x0000277c       0x60 ./source/uart.o
                0x0000277c                UART_SetEnableIRQ
 .text.uart_irq_handler
                0x000027dc       0xbc ./source/uart.o
                0x000027dc                uart_irq_handler
 .text.hw_Init  0x00002898      0x10c ./SDK/startup/hardware.o
                0x00002898                hw_Init
 .text.hw_EnableInterrupts
                0x000029a4       0x30 ./SDK/startup/hardware.o
                0x000029a4                hw_EnableInterrupts
 .text.hw_DisableInterrupts
                0x000029d4       0x20 ./SDK/startup/hardware.o
                0x000029d4                hw_DisableInterrupts
 .text.SystemInit
                0x000029f4       0x3c ./SDK/CMSIS/system_MK64F12.o
                0x000029f4                SystemInit
 .text.checkAngle
                0x00002a30       0x32 ./source/App.o
                0x00002a30                checkAngle
 .text.canComunicationInit
                0x00002a62        0xc ./source/ComunicacionCAN.o
                0x00002a62                canComunicationInit
 .text.canMBInit
                0x00002a6e       0x1e ./source/ComunicacionCAN.o
                0x00002a6e                canMBInit
 .text.FIFO_WriteToBuffer
                0x00002a8c       0x4e ./source/fifo.o
                0x00002a8c                FIFO_WriteToBuffer
 .text.PORTA_IRQHandler
                0x00002ada       0x1e ./source/gpio.o
                0x00002ada                PORTA_IRQHandler
 .text.PORTB_IRQHandler
                0x00002af8       0x1e ./source/gpio.o
                0x00002af8                PORTB_IRQHandler
 .text.PORTC_IRQHandler
                0x00002b16       0x1e ./source/gpio.o
                0x00002b16                PORTC_IRQHandler
 .text.PORTD_IRQHandler
                0x00002b34       0x1e ./source/gpio.o
                0x00002b34                PORTD_IRQHandler
 .text.PORTE_IRQHandler
                0x00002b52       0x1e ./source/gpio.o
                0x00002b52                PORTE_IRQHandler
 .text.I2C0_IRQHandler
                0x00002b70       0x2e ./source/i2cm.o
                0x00002b70                I2C0_IRQHandler
 .text.I2C1_IRQHandler
                0x00002b9e       0x2e ./source/i2cm.o
                0x00002b9e                I2C1_IRQHandler
 .text.I2C2_IRQHandler
                0x00002bcc       0x2e ./source/i2cm.o
                0x00002bcc                I2C2_IRQHandler
 .text.isOrientationReady
                0x00002bfa       0x1a ./source/orientation.o
                0x00002bfa                isOrientationReady
 .text.orientation_ISR
                0x00002c14       0x10 ./source/orientation.o
                0x00002c14                orientation_ISR
 .text.read_reg
                0x00002c24       0x5a ./source/orientation.o
                0x00002c24                read_reg
 .text.write_reg
                0x00002c7e       0x3a ./source/orientation.o
                0x00002c7e                write_reg
 .text.timerCreate
                0x00002cb8       0x2e ./source/timer.o
                0x00002cb8                timerCreate
 .text.UART_DisableTxRx
                0x00002ce6       0x24 ./source/uart.o
                0x00002ce6                UART_DisableTxRx
 .text.UART_EnableTxRx
                0x00002d0a       0x1a ./source/uart.o
                0x00002d0a                UART_EnableTxRx
 .text.UART_SetParity
                0x00002d24       0x6c ./source/uart.o
                0x00002d24                UART_SetParity
 .text.UART_SetDataSize
                0x00002d90       0x40 ./source/uart.o
                0x00002d90                UART_SetDataSize
 .text.UART_SetStopBit
                0x00002dd0       0x40 ./source/uart.o
                0x00002dd0                UART_SetStopBit
 .text.UART0_RX_TX_IRQHandler
                0x00002e10       0x1e ./source/uart.o
                0x00002e10                UART0_RX_TX_IRQHandler
 .text.UART1_RX_TX_IRQHandler
                0x00002e2e       0x1e ./source/uart.o
                0x00002e2e                UART1_RX_TX_IRQHandler
 .text.UART2_RX_TX_IRQHandler
                0x00002e4c       0x1e ./source/uart.o
                0x00002e4c                UART2_RX_TX_IRQHandler
 .text.UART3_RX_TX_IRQHandler
                0x00002e6a       0x1e ./source/uart.o
                0x00002e6a                UART3_RX_TX_IRQHandler
 .text.UART4_RX_TX_IRQHandler
                0x00002e88       0x1e ./source/uart.o
                0x00002e88                UART4_RX_TX_IRQHandler
 .text.UART5_RX_TX_IRQHandler
                0x00002ea6       0x1e ./source/uart.o
                0x00002ea6                UART5_RX_TX_IRQHandler
 .text.main     0x00002ec4       0x1a ./SDK/startup/main.o
                0x00002ec4                main
 .text.HardFault_Handler
                0x00002ede       0x2c ./SDK/startup/semihost_hardfault.o
                0x00002ede                HardFault_Handler
 .text.DMA0_IRQHandler
                0x00002f0a        0x8 ./SDK/startup/startup_mk64f12.o
                0x00002f0a                DMA0_IRQHandler
 .text.DMA1_IRQHandler
                0x00002f12        0x8 ./SDK/startup/startup_mk64f12.o
                0x00002f12                DMA1_IRQHandler
 .text.DMA2_IRQHandler
                0x00002f1a        0x8 ./SDK/startup/startup_mk64f12.o
                0x00002f1a                DMA2_IRQHandler
 .text.DMA3_IRQHandler
                0x00002f22        0x8 ./SDK/startup/startup_mk64f12.o
                0x00002f22                DMA3_IRQHandler
 .text.DMA4_IRQHandler
                0x00002f2a        0x8 ./SDK/startup/startup_mk64f12.o
                0x00002f2a                DMA4_IRQHandler
 .text.DMA5_IRQHandler
                0x00002f32        0x8 ./SDK/startup/startup_mk64f12.o
                0x00002f32                DMA5_IRQHandler
 .text.DMA6_IRQHandler
                0x00002f3a        0x8 ./SDK/startup/startup_mk64f12.o
                0x00002f3a                DMA6_IRQHandler
 .text.DMA7_IRQHandler
                0x00002f42        0x8 ./SDK/startup/startup_mk64f12.o
                0x00002f42                DMA7_IRQHandler
 .text.DMA8_IRQHandler
                0x00002f4a        0x8 ./SDK/startup/startup_mk64f12.o
                0x00002f4a                DMA8_IRQHandler
 .text.DMA9_IRQHandler
                0x00002f52        0x8 ./SDK/startup/startup_mk64f12.o
                0x00002f52                DMA9_IRQHandler
 .text.DMA10_IRQHandler
                0x00002f5a        0x8 ./SDK/startup/startup_mk64f12.o
                0x00002f5a                DMA10_IRQHandler
 .text.DMA11_IRQHandler
                0x00002f62        0x8 ./SDK/startup/startup_mk64f12.o
                0x00002f62                DMA11_IRQHandler
 .text.DMA12_IRQHandler
                0x00002f6a        0x8 ./SDK/startup/startup_mk64f12.o
                0x00002f6a                DMA12_IRQHandler
 .text.DMA13_IRQHandler
                0x00002f72        0x8 ./SDK/startup/startup_mk64f12.o
                0x00002f72                DMA13_IRQHandler
 .text.DMA14_IRQHandler
                0x00002f7a        0x8 ./SDK/startup/startup_mk64f12.o
                0x00002f7a                DMA14_IRQHandler
 .text.DMA15_IRQHandler
                0x00002f82        0x8 ./SDK/startup/startup_mk64f12.o
                0x00002f82                DMA15_IRQHandler
 .text.DMA_Error_IRQHandler
                0x00002f8a        0x8 ./SDK/startup/startup_mk64f12.o
                0x00002f8a                DMA_Error_IRQHandler
 .text.MCM_IRQHandler
                0x00002f92        0x8 ./SDK/startup/startup_mk64f12.o
                0x00002f92                MCM_IRQHandler
 .text.FTFE_IRQHandler
                0x00002f9a        0x8 ./SDK/startup/startup_mk64f12.o
                0x00002f9a                FTFE_IRQHandler
 .text.Read_Collision_IRQHandler
                0x00002fa2        0x8 ./SDK/startup/startup_mk64f12.o
                0x00002fa2                Read_Collision_IRQHandler
 .text.LVD_LVW_IRQHandler
                0x00002faa        0x8 ./SDK/startup/startup_mk64f12.o
                0x00002faa                LVD_LVW_IRQHandler
 .text.LLWU_IRQHandler
                0x00002fb2        0x8 ./SDK/startup/startup_mk64f12.o
                0x00002fb2                LLWU_IRQHandler
 .text.WDOG_EWM_IRQHandler
                0x00002fba        0x8 ./SDK/startup/startup_mk64f12.o
                0x00002fba                WDOG_EWM_IRQHandler
 .text.RNG_IRQHandler
                0x00002fc2        0x8 ./SDK/startup/startup_mk64f12.o
                0x00002fc2                RNG_IRQHandler
 .text.SPI0_IRQHandler
                0x00002fca        0x8 ./SDK/startup/startup_mk64f12.o
                0x00002fca                SPI0_IRQHandler
 .text.SPI1_IRQHandler
                0x00002fd2        0x8 ./SDK/startup/startup_mk64f12.o
                0x00002fd2                SPI1_IRQHandler
 .text.I2S0_Tx_IRQHandler
                0x00002fda        0x8 ./SDK/startup/startup_mk64f12.o
                0x00002fda                I2S0_Tx_IRQHandler
 .text.I2S0_Rx_IRQHandler
                0x00002fe2        0x8 ./SDK/startup/startup_mk64f12.o
                0x00002fe2                I2S0_Rx_IRQHandler
 .text.UART0_LON_IRQHandler
                0x00002fea        0x8 ./SDK/startup/startup_mk64f12.o
                0x00002fea                UART0_LON_IRQHandler
 .text.UART0_ERR_IRQHandler
                0x00002ff2        0x8 ./SDK/startup/startup_mk64f12.o
                0x00002ff2                UART0_ERR_IRQHandler
 .text.UART1_ERR_IRQHandler
                0x00002ffa        0x8 ./SDK/startup/startup_mk64f12.o
                0x00002ffa                UART1_ERR_IRQHandler
 .text.UART2_ERR_IRQHandler
                0x00003002        0x8 ./SDK/startup/startup_mk64f12.o
                0x00003002                UART2_ERR_IRQHandler
 .text.UART3_ERR_IRQHandler
                0x0000300a        0x8 ./SDK/startup/startup_mk64f12.o
                0x0000300a                UART3_ERR_IRQHandler
 .text.ADC0_IRQHandler
                0x00003012        0x8 ./SDK/startup/startup_mk64f12.o
                0x00003012                ADC0_IRQHandler
 .text.CMP0_IRQHandler
                0x0000301a        0x8 ./SDK/startup/startup_mk64f12.o
                0x0000301a                CMP0_IRQHandler
 .text.CMP1_IRQHandler
                0x00003022        0x8 ./SDK/startup/startup_mk64f12.o
                0x00003022                CMP1_IRQHandler
 .text.FTM0_IRQHandler
                0x0000302a        0x8 ./SDK/startup/startup_mk64f12.o
                0x0000302a                FTM0_IRQHandler
 .text.FTM1_IRQHandler
                0x00003032        0x8 ./SDK/startup/startup_mk64f12.o
                0x00003032                FTM1_IRQHandler
 .text.FTM2_IRQHandler
                0x0000303a        0x8 ./SDK/startup/startup_mk64f12.o
                0x0000303a                FTM2_IRQHandler
 .text.CMT_IRQHandler
                0x00003042        0x8 ./SDK/startup/startup_mk64f12.o
                0x00003042                CMT_IRQHandler
 .text.RTC_IRQHandler
                0x0000304a        0x8 ./SDK/startup/startup_mk64f12.o
                0x0000304a                RTC_IRQHandler
 .text.RTC_Seconds_IRQHandler
                0x00003052        0x8 ./SDK/startup/startup_mk64f12.o
                0x00003052                RTC_Seconds_IRQHandler
 .text.PIT0_IRQHandler
                0x0000305a        0x8 ./SDK/startup/startup_mk64f12.o
                0x0000305a                PIT0_IRQHandler
 .text.PIT1_IRQHandler
                0x00003062        0x8 ./SDK/startup/startup_mk64f12.o
                0x00003062                PIT1_IRQHandler
 .text.PIT2_IRQHandler
                0x0000306a        0x8 ./SDK/startup/startup_mk64f12.o
                0x0000306a                PIT2_IRQHandler
 .text.PIT3_IRQHandler
                0x00003072        0x8 ./SDK/startup/startup_mk64f12.o
                0x00003072                PIT3_IRQHandler
 .text.PDB0_IRQHandler
                0x0000307a        0x8 ./SDK/startup/startup_mk64f12.o
                0x0000307a                PDB0_IRQHandler
 .text.USB0_IRQHandler
                0x00003082        0x8 ./SDK/startup/startup_mk64f12.o
                0x00003082                USB0_IRQHandler
 .text.USBDCD_IRQHandler
                0x0000308a        0x8 ./SDK/startup/startup_mk64f12.o
                0x0000308a                USBDCD_IRQHandler
 .text.Reserved71_IRQHandler
                0x00003092        0x8 ./SDK/startup/startup_mk64f12.o
                0x00003092                Reserved71_IRQHandler
 .text.DAC0_IRQHandler
                0x0000309a        0x8 ./SDK/startup/startup_mk64f12.o
                0x0000309a                DAC0_IRQHandler
 .text.MCG_IRQHandler
                0x000030a2        0x8 ./SDK/startup/startup_mk64f12.o
                0x000030a2                MCG_IRQHandler
 .text.LPTMR0_IRQHandler
                0x000030aa        0x8 ./SDK/startup/startup_mk64f12.o
                0x000030aa                LPTMR0_IRQHandler
 .text.SWI_IRQHandler
                0x000030b2        0x8 ./SDK/startup/startup_mk64f12.o
                0x000030b2                SWI_IRQHandler
 .text.SPI2_IRQHandler
                0x000030ba        0x8 ./SDK/startup/startup_mk64f12.o
                0x000030ba                SPI2_IRQHandler
 .text.UART4_ERR_IRQHandler
                0x000030c2        0x8 ./SDK/startup/startup_mk64f12.o
                0x000030c2                UART4_ERR_IRQHandler
 .text.UART5_ERR_IRQHandler
                0x000030ca        0x8 ./SDK/startup/startup_mk64f12.o
                0x000030ca                UART5_ERR_IRQHandler
 .text.CMP2_IRQHandler
                0x000030d2        0x8 ./SDK/startup/startup_mk64f12.o
                0x000030d2                CMP2_IRQHandler
 .text.FTM3_IRQHandler
                0x000030da        0x8 ./SDK/startup/startup_mk64f12.o
                0x000030da                FTM3_IRQHandler
 .text.DAC1_IRQHandler
                0x000030e2        0x8 ./SDK/startup/startup_mk64f12.o
                0x000030e2                DAC1_IRQHandler
 .text.ADC1_IRQHandler
                0x000030ea        0x8 ./SDK/startup/startup_mk64f12.o
                0x000030ea                ADC1_IRQHandler
 .text.CAN0_ORed_Message_buffer_IRQHandler
                0x000030f2        0x8 ./SDK/startup/startup_mk64f12.o
                0x000030f2                CAN0_ORed_Message_buffer_IRQHandler
 .text.CAN0_Bus_Off_IRQHandler
                0x000030fa        0x8 ./SDK/startup/startup_mk64f12.o
                0x000030fa                CAN0_Bus_Off_IRQHandler
 .text.CAN0_Error_IRQHandler
                0x00003102        0x8 ./SDK/startup/startup_mk64f12.o
                0x00003102                CAN0_Error_IRQHandler
 .text.CAN0_Tx_Warning_IRQHandler
                0x0000310a        0x8 ./SDK/startup/startup_mk64f12.o
                0x0000310a                CAN0_Tx_Warning_IRQHandler
 .text.CAN0_Rx_Warning_IRQHandler
                0x00003112        0x8 ./SDK/startup/startup_mk64f12.o
                0x00003112                CAN0_Rx_Warning_IRQHandler
 .text.CAN0_Wake_Up_IRQHandler
                0x0000311a        0x8 ./SDK/startup/startup_mk64f12.o
                0x0000311a                CAN0_Wake_Up_IRQHandler
 .text.SDHC_IRQHandler
                0x00003122        0x8 ./SDK/startup/startup_mk64f12.o
                0x00003122                SDHC_IRQHandler
 .text.ENET_1588_Timer_IRQHandler
                0x0000312a        0x8 ./SDK/startup/startup_mk64f12.o
                0x0000312a                ENET_1588_Timer_IRQHandler
 .text.ENET_Transmit_IRQHandler
                0x00003132        0x8 ./SDK/startup/startup_mk64f12.o
                0x00003132                ENET_Transmit_IRQHandler
 .text.ENET_Receive_IRQHandler
                0x0000313a        0x8 ./SDK/startup/startup_mk64f12.o
                0x0000313a                ENET_Receive_IRQHandler
 .text.ENET_Error_IRQHandler
                0x00003142        0x8 ./SDK/startup/startup_mk64f12.o
                0x00003142                ENET_Error_IRQHandler
 .text.SystemInitHook
                0x0000314a        0xe ./SDK/CMSIS/system_MK64F12.o
                0x0000314a                SystemInitHook
 *(SORT_BY_ALIGNMENT(.rodata) SORT_BY_ALIGNMENT(.rodata.*) SORT_BY_ALIGNMENT(.constdata) SORT_BY_ALIGNMENT(.constdata.*))
 .rodata        0x00003158       0x21 ./source/App.o
 *fill*         0x00003179        0x3 ff
 .rodata.PORT_PTRS
                0x0000317c       0x14 ./source/gpio.o
 .rodata.GPIO_PTRS
                0x00003190       0x14 ./source/gpio.o
 .rodata.I2C_SCL_pins
                0x000031a4        0x3 ./source/i2cm.o
 *fill*         0x000031a7        0x1 ff
 .rodata.I2C_SDA_pins
                0x000031a8        0x3 ./source/i2cm.o
 *fill*         0x000031ab        0x1 ff
 .rodata.I2C_SCL_MUX
                0x000031ac        0x3 ./source/i2cm.o
 *fill*         0x000031af        0x1 ff
 .rodata.I2C_SDA_MUX
                0x000031b0        0x3 ./source/i2cm.o
 *fill*         0x000031b3        0x1 ff
 .rodata.I2C_TEST_PIN
                0x000031b4        0x3 ./source/i2cm.o
 *fill*         0x000031b7        0x1 ff
 .rodata.PORT_PTRS
                0x000031b8       0x14 ./source/i2cm.o
 .rodata.I2C_PTRS
                0x000031cc        0xc ./source/i2cm.o
 .rodata.PORT_SCG
                0x000031d8        0xa ./source/i2cm.o
 *fill*         0x000031e2        0x2 ff
 .rodata.I2C_NVIC
                0x000031e4        0x3 ./source/i2cm.o
 *fill*         0x000031e7        0x1 ff
 .rodata        0x000031e8       0x81 ./source/orientation.o
 *fill*         0x00003269        0x3 ff
 .rodata.PORT_SCG
                0x0000326c        0xa ./source/uart.o
                0x0000326c                PORT_SCG
 *fill*         0x00003276        0x2 ff
 .rodata.UART_ptrs
                0x00003278       0x18 ./source/uart.o
 .rodata.addr_arrays
                0x00003290       0x14 ./source/uart.o
 .rodata.TX_PINS
                0x000032a4        0x5 ./source/uart.o
 *fill*         0x000032a9        0x3 ff
 .rodata.RX_PINS
                0x000032ac        0x5 ./source/uart.o
                0x000032b8                . = ALIGN (0x8)
 *fill*         0x000032b1        0x7 ff

.glue_7         0x000032b8        0x0
 .glue_7        0x000032b8        0x0 linker stubs

.glue_7t        0x000032b8        0x0
 .glue_7t       0x000032b8        0x0 linker stubs

.vfp11_veneer   0x000032b8        0x0
 .vfp11_veneer  0x000032b8        0x0 linker stubs

.v4_bx          0x000032b8        0x0
 .v4_bx         0x000032b8        0x0 linker stubs

.iplt           0x000032b8        0x0
 .iplt          0x000032b8        0x0 ./source/App.o

.rel.dyn        0x000032b8        0x0
 .rel.iplt      0x000032b8        0x0 ./source/App.o

.ARM.extab
 *(SORT_BY_ALIGNMENT(.ARM.extab*) SORT_BY_ALIGNMENT(.gnu.linkonce.armextab.*))
                0x000032b8                __exidx_start = .

.ARM.exidx
 *(SORT_BY_ALIGNMENT(.ARM.exidx*) SORT_BY_ALIGNMENT(.gnu.linkonce.armexidx.*))
                0x000032b8                __exidx_end = .
                0x000032b8                _etext = .

.m_usb_data
 *(SORT_BY_ALIGNMENT(m_usb_bdt))

.data_RAM2      0x1fff0000        0x0 load address 0x000032b8
 FILL mask 0xff
                [!provide]                PROVIDE (__start_data_RAM2, .)
 *(SORT_BY_ALIGNMENT(.ramfunc.$RAM2))
 *(SORT_BY_ALIGNMENT(.ramfunc.$SRAM_LOWER))
 *(SORT_BY_ALIGNMENT(.data.$RAM2*))
 *(SORT_BY_ALIGNMENT(.data.$SRAM_LOWER*))
                0x1fff0000                . = ALIGN (0x8)
                [!provide]                PROVIDE (__end_data_RAM2, .)

.data_RAM3      0x14000000        0x0 load address 0x000032b8
 FILL mask 0xff
                [!provide]                PROVIDE (__start_data_RAM3, .)
 *(SORT_BY_ALIGNMENT(.ramfunc.$RAM3))
 *(SORT_BY_ALIGNMENT(.ramfunc.$FLEX_RAM))
 *(SORT_BY_ALIGNMENT(.data.$RAM3*))
 *(SORT_BY_ALIGNMENT(.data.$FLEX_RAM*))
                0x14000000                . = ALIGN (0x8)
                [!provide]                PROVIDE (__end_data_RAM3, .)

.uninit_RESERVED
                0x20000000        0x0
 *(SORT_BY_ALIGNMENT(.bss.$RESERVED*))
                0x20000000                . = ALIGN (0x4)
                0x20000000                _end_uninit_RESERVED = .

.data           0x20000000       0x28 load address 0x000032b8
 FILL mask 0xff
                0x20000000                _data = .
 *(SORT_BY_ALIGNMENT(vtable))
 *(SORT_BY_ALIGNMENT(.ramfunc*))
 *(SORT_BY_ALIGNMENT(.data*))
 .data.i2c_empty_trans
                0x20000000        0xc ./source/i2cm.o
 .data.I2C_state
                0x2000000c        0x3 ./source/i2cm.o
 *fill*         0x2000000f        0x1 ff
 .data.i2c_fifo
                0x20000010        0x3 ./source/i2cm.o
 *fill*         0x20000013        0x1 ff
 .data.i2c_curr_trans
                0x20000014        0xc ./source/i2cm.o
 .data.first.5630
                0x20000020        0x1 ./source/App.o
 .data.timers_cant
                0x20000021        0x1 ./source/timer.o
                0x20000021                timers_cant
                0x20000028                . = ALIGN (0x8)
 *fill*         0x20000022        0x6 ff
                0x20000028                _edata = .

.igot.plt       0x20000028        0x0 load address 0x000032e0
 .igot.plt      0x20000028        0x0 ./source/App.o

.bss_RAM2       0x1fff0000        0x0
                [!provide]                PROVIDE (__start_bss_RAM2, .)
 *(SORT_BY_ALIGNMENT(.bss.$RAM2*))
 *(SORT_BY_ALIGNMENT(.bss.$SRAM_LOWER*))
                0x1fff0000                . = ALIGN ((. != 0x0)?0x8:0x1)
                [!provide]                PROVIDE (__end_bss_RAM2, .)

.bss_RAM3       0x14000000        0x0
                [!provide]                PROVIDE (__start_bss_RAM3, .)
 *(SORT_BY_ALIGNMENT(.bss.$RAM3*))
 *(SORT_BY_ALIGNMENT(.bss.$FLEX_RAM*))
                0x14000000                . = ALIGN ((. != 0x0)?0x8:0x1)
                [!provide]                PROVIDE (__end_bss_RAM3, .)

.bss            0x20000028     0x3940
                0x20000028                _bss = .
 *(SORT_BY_ALIGNMENT(.bss*))
 .bss.current_board
                0x20000028        0x6 ./source/App.o
 *fill*         0x2000002e        0x2 
 .bss.can_message_ptr
                0x20000030        0x4 ./source/App.o
 .bss.mbStatus  0x20000034       0x18 ./source/ComunicacionCAN.o
 .bss.callback_ptr
                0x2000004c        0x4 ./source/SysTick.o
                0x2000004c                callback_ptr
 .bss.boards    0x20000050       0x24 ./source/data_manager.o
 .bss.config    0x20000074        0xc ./source/data_manager.o
 .bss.message   0x20000080       0x12 ./source/data_manager.o
 *fill*         0x20000092        0x2 
 .bss.FIFO_Array
                0x20000094     0x10c0 ./source/fifo.o
 .bss.FIFO_Array
                0x20001154     0x2424 ./source/fifo_i2c.o
 .bss.CALLBACKS
                0x20003578      0x280 ./source/gpio.o
 .bss.I2C_init  0x200037f8        0x3 ./source/i2cm.o
 *fill*         0x200037fb        0x1 
 .bss.I2C_error_reg
                0x200037fc        0x3 ./source/i2cm.o
 *fill*         0x200037ff        0x1 
 .bss.raw_axis_data
                0x20003800        0xd ./source/orientation.o
 *fill*         0x2000380d        0x3 
 .bss.axis_data
                0x20003810        0xc ./source/orientation.o
 .bss.orientation_config
                0x2000381c       0x10 ./source/orientation.o
 .bss.reg_test  0x2000382c       0x10 ./source/orientation.o
 .bss.timers    0x2000383c      0x100 ./source/timer.o
                0x2000383c                timers
 .bss.uart_is_used
                0x2000393c        0x5 ./source/uart.o
 *fill*         0x20003941        0x3 
 .bss.tx_fifo   0x20003944        0x5 ./source/uart.o
 *fill*         0x20003949        0x3 
 .bss.rx_fifo   0x2000394c        0x5 ./source/uart.o
 *fill*         0x20003951        0x3 
 .bss.__LDM_interruptDisableCount
                0x20003954        0x4 ./SDK/startup/hardware.o
 .bss.current_group
                0x20003958        0x1 ./source/App.o
 .bss.message_error
                0x20003959        0x1 ./source/App.o
 .bss.id        0x2000395a        0x1 ./source/data_manager.o
 .bss.fifo_n    0x2000395b        0x1 ./source/fifo.o
 .bss.fifo_n    0x2000395c        0x1 ./source/fifo_i2c.o
 .bss.orientation_init
                0x2000395d        0x1 ./source/orientation.o
 .bss.orientation_timer
                0x2000395e        0x1 ./source/orientation.o
 .bss.axis_reg  0x2000395f        0x1 ./source/orientation.o
 .bss.yaInit    0x20003960        0x1 ./source/timer.o
 *(SORT_BY_ALIGNMENT(COMMON))
                0x20003968                . = ALIGN (0x8)
 *fill*         0x20003961        0x7 
                0x20003968                _ebss = .
                [!provide]                PROVIDE (end, .)

.noinit_RAM2    0x1fff0000        0x0
 *(SORT_BY_ALIGNMENT(.noinit.$RAM2*))
 *(SORT_BY_ALIGNMENT(.noinit.$SRAM_LOWER*))
                0x1fff0000                . = ALIGN (0x8)

.noinit_RAM3    0x14000000        0x0
 *(SORT_BY_ALIGNMENT(.noinit.$RAM3*))
 *(SORT_BY_ALIGNMENT(.noinit.$FLEX_RAM*))
                0x14000000                . = ALIGN (0x8)

.noinit         0x20003968        0x0
                0x20003968                _noinit = .
 *(SORT_BY_ALIGNMENT(.noinit*))
                0x20003968                . = ALIGN (0x8)
                0x20003968                _end_noinit = .
                0x00001000                _HeapSize = 0x1000

.heap           0x20003968     0x1000
                0x20003968                _pvHeapStart = .
                0x20004968                . = (. + _HeapSize)
 *fill*         0x20003968     0x1000 
                0x20004968                . = ALIGN (0x8)
                0x20004968                _pvHeapLimit = .
                0x00001000                _StackSize = 0x1000

.heap2stackfill
                0x20004968     0x1000
                0x20005968                . = (. + _StackSize)
 *fill*         0x20004968     0x1000 

.stack          0x2002f000        0x0
                0x2002f000                _vStackBase = .
                0x2002f000                . = ALIGN (0x8)
                0x20030000                _vStackTop = (. + _StackSize)
                0x00000000                _image_start = LOADADDR (.text)
                0x000032e0                _image_end = (LOADADDR (.data) + SIZEOF (.data))
                0x000032e0                _image_size = (_image_end - _image_start)
OUTPUT(Blink.axf elf32-littlearm)

.debug_info     0x00000000     0x9a6d
 .debug_info    0x00000000      0xaa3 ./source/App.o
 .debug_info    0x00000aa3      0x2db ./source/ComunicacionCAN.o
 .debug_info    0x00000d7e      0x175 ./source/SysTick.o
 .debug_info    0x00000ef3      0xec0 ./source/can.o
 .debug_info    0x00001db3      0x349 ./source/data_manager.o
 .debug_info    0x000020fc      0xc02 ./source/fifo.o
 .debug_info    0x00002cfe      0xc74 ./source/fifo_i2c.o
 .debug_info    0x00003972      0xb0d ./source/gpio.o
 .debug_info    0x0000447f     0x148a ./source/i2cm.o
 .debug_info    0x00005909     0x1002 ./source/orientation.o
 .debug_info    0x0000690b      0xc2a ./source/timer.o
 .debug_info    0x00007535      0xf25 ./source/uart.o
 .debug_info    0x0000845a      0x675 ./SDK/startup/hardware.o
 .debug_info    0x00008acf       0xb7 ./SDK/startup/main.o
 .debug_info    0x00008b86       0x3b ./SDK/startup/semihost_hardfault.o
 .debug_info    0x00008bc1      0x8b0 ./SDK/startup/startup_mk64f12.o
 .debug_info    0x00009471      0x5fc ./SDK/CMSIS/system_MK64F12.o

.debug_abbrev   0x00000000     0x1f4c
 .debug_abbrev  0x00000000      0x250 ./source/App.o
 .debug_abbrev  0x00000250      0x16a ./source/ComunicacionCAN.o
 .debug_abbrev  0x000003ba      0x120 ./source/SysTick.o
 .debug_abbrev  0x000004da      0x249 ./source/can.o
 .debug_abbrev  0x00000723      0x13e ./source/data_manager.o
 .debug_abbrev  0x00000861      0x250 ./source/fifo.o
 .debug_abbrev  0x00000ab1      0x261 ./source/fifo_i2c.o
 .debug_abbrev  0x00000d12      0x243 ./source/gpio.o
 .debug_abbrev  0x00000f55      0x318 ./source/i2cm.o
 .debug_abbrev  0x0000126d      0x314 ./source/orientation.o
 .debug_abbrev  0x00001581      0x281 ./source/timer.o
 .debug_abbrev  0x00001802      0x2cb ./source/uart.o
 .debug_abbrev  0x00001acd      0x138 ./SDK/startup/hardware.o
 .debug_abbrev  0x00001c05       0x7d ./SDK/startup/main.o
 .debug_abbrev  0x00001c82       0x2f ./SDK/startup/semihost_hardfault.o
 .debug_abbrev  0x00001cb1      0x15c ./SDK/startup/startup_mk64f12.o
 .debug_abbrev  0x00001e0d      0x13f ./SDK/CMSIS/system_MK64F12.o

.debug_aranges  0x00000000      0x908
 .debug_aranges
                0x00000000       0x40 ./source/App.o
 .debug_aranges
                0x00000040       0x40 ./source/ComunicacionCAN.o
 .debug_aranges
                0x00000080       0x28 ./source/SysTick.o
 .debug_aranges
                0x000000a8       0x38 ./source/can.o
 .debug_aranges
                0x000000e0       0x40 ./source/data_manager.o
 .debug_aranges
                0x00000120       0x80 ./source/fifo.o
 .debug_aranges
                0x000001a0       0x80 ./source/fifo_i2c.o
 .debug_aranges
                0x00000220       0x80 ./source/gpio.o
 .debug_aranges
                0x000002a0       0x88 ./source/i2cm.o
 .debug_aranges
                0x00000328       0xb8 ./source/orientation.o
 .debug_aranges
                0x000003e0       0x90 ./source/timer.o
 .debug_aranges
                0x00000470       0xc8 ./source/uart.o
 .debug_aranges
                0x00000538       0x30 ./SDK/startup/hardware.o
 .debug_aranges
                0x00000568       0x20 ./SDK/startup/main.o
 .debug_aranges
                0x00000588       0x20 ./SDK/startup/semihost_hardfault.o
 .debug_aranges
                0x000005a8      0x330 ./SDK/startup/startup_mk64f12.o
 .debug_aranges
                0x000008d8       0x30 ./SDK/CMSIS/system_MK64F12.o

.debug_ranges   0x00000000      0x818
 .debug_ranges  0x00000000       0x50 ./source/App.o
 .debug_ranges  0x00000050       0x30 ./source/ComunicacionCAN.o
 .debug_ranges  0x00000080       0x18 ./source/SysTick.o
 .debug_ranges  0x00000098       0x28 ./source/can.o
 .debug_ranges  0x000000c0       0x30 ./source/data_manager.o
 .debug_ranges  0x000000f0       0x70 ./source/fifo.o
 .debug_ranges  0x00000160       0x70 ./source/fifo_i2c.o
 .debug_ranges  0x000001d0       0x70 ./source/gpio.o
 .debug_ranges  0x00000240       0x78 ./source/i2cm.o
 .debug_ranges  0x000002b8       0xa8 ./source/orientation.o
 .debug_ranges  0x00000360       0x80 ./source/timer.o
 .debug_ranges  0x000003e0       0xb8 ./source/uart.o
 .debug_ranges  0x00000498       0x20 ./SDK/startup/hardware.o
 .debug_ranges  0x000004b8       0x10 ./SDK/startup/main.o
 .debug_ranges  0x000004c8       0x10 ./SDK/startup/semihost_hardfault.o
 .debug_ranges  0x000004d8      0x320 ./SDK/startup/startup_mk64f12.o
 .debug_ranges  0x000007f8       0x20 ./SDK/CMSIS/system_MK64F12.o

.debug_macro    0x00000000    0x1419d
 .debug_macro   0x00000000      0x143 ./source/App.o
 .debug_macro   0x00000143      0xa60 ./source/App.o
 .debug_macro   0x00000ba3      0x34e ./source/App.o
 .debug_macro   0x00000ef1       0x22 ./source/App.o
 .debug_macro   0x00000f13       0x22 ./source/App.o
 .debug_macro   0x00000f35       0x28 ./source/App.o
 .debug_macro   0x00000f5d       0x17 ./source/App.o
 .debug_macro   0x00000f74       0x22 ./source/App.o
 .debug_macro   0x00000f96       0x52 ./source/App.o
 .debug_macro   0x00000fe8       0x8d ./source/App.o
 .debug_macro   0x00001075       0x35 ./source/App.o
 .debug_macro   0x000010aa       0x9c ./source/App.o
 .debug_macro   0x00001146       0x16 ./source/App.o
 .debug_macro   0x0000115c      0x10e ./source/App.o
 .debug_macro   0x0000126a       0x8d ./source/App.o
 .debug_macro   0x000012f7       0x57 ./source/App.o
 .debug_macro   0x0000134e       0x58 ./source/App.o
 .debug_macro   0x000013a6       0x1f ./source/App.o
 .debug_macro   0x000013c5       0x43 ./source/App.o
 .debug_macro   0x00001408       0x20 ./source/App.o
 .debug_macro   0x00001428      0x18e ./source/App.o
 .debug_macro   0x000015b6      0x330 ./source/App.o
 .debug_macro   0x000018e6       0x16 ./source/App.o
 .debug_macro   0x000018fc       0x29 ./source/App.o
 .debug_macro   0x00001925       0x16 ./source/App.o
 .debug_macro   0x0000193b       0x8a ./source/ComunicacionCAN.o
 .debug_macro   0x000019c5       0x5c ./source/ComunicacionCAN.o
 .debug_macro   0x00001a21       0x1c ./source/ComunicacionCAN.o
 .debug_macro   0x00001a3d       0x22 ./source/ComunicacionCAN.o
 .debug_macro   0x00001a5f       0xdf ./source/ComunicacionCAN.o
 .debug_macro   0x00001b3e      0xecf ./source/ComunicacionCAN.o
 .debug_macro   0x00002a0d       0x48 ./source/ComunicacionCAN.o
 .debug_macro   0x00002a55     0xe07b ./source/ComunicacionCAN.o
 .debug_macro   0x00010ad0      0x10a ./source/SysTick.o
 .debug_macro   0x00010bda       0x10 ./source/SysTick.o
 .debug_macro   0x00010bea     0x122b ./source/SysTick.o
 .debug_macro   0x00011e15       0x16 ./source/SysTick.o
 .debug_macro   0x00011e2b       0x40 ./source/SysTick.o
 .debug_macro   0x00011e6b       0xee ./source/SysTick.o
 .debug_macro   0x00011f59      0x1b4 ./source/can.o
 .debug_macro   0x0001210d      0x32a ./source/can.o
 .debug_macro   0x00012437       0xa7 ./source/data_manager.o
 .debug_macro   0x000124de       0x22 ./source/data_manager.o
 .debug_macro   0x00012500      0x1c5 ./source/fifo.o
 .debug_macro   0x000126c5       0x16 ./source/fifo.o
 .debug_macro   0x000126db       0x97 ./source/fifo.o
 .debug_macro   0x00012772       0xfd ./source/fifo.o
 .debug_macro   0x0001286f       0x10 ./source/fifo.o
 .debug_macro   0x0001287f       0x10 ./source/fifo.o
 .debug_macro   0x0001288f       0x6a ./source/fifo.o
 .debug_macro   0x000128f9       0x1c ./source/fifo.o
 .debug_macro   0x00012915       0x52 ./source/fifo.o
 .debug_macro   0x00012967       0x40 ./source/fifo.o
 .debug_macro   0x000129a7       0x10 ./source/fifo.o
 .debug_macro   0x000129b7       0x40 ./source/fifo.o
 .debug_macro   0x000129f7       0xd7 ./source/fifo.o
 .debug_macro   0x00012ace       0x1c ./source/fifo.o
 .debug_macro   0x00012aea       0x3d ./source/fifo.o
 .debug_macro   0x00012b27       0x16 ./source/fifo.o
 .debug_macro   0x00012b3d      0x16f ./source/fifo.o
 .debug_macro   0x00012cac       0x28 ./source/fifo.o
 .debug_macro   0x00012cd4      0x208 ./source/fifo_i2c.o
 .debug_macro   0x00012edc       0x35 ./source/fifo_i2c.o
 .debug_macro   0x00012f11       0x1c ./source/fifo_i2c.o
 .debug_macro   0x00012f2d       0x28 ./source/fifo_i2c.o
 .debug_macro   0x00012f55       0xcd ./source/gpio.o
 .debug_macro   0x00013022      0x243 ./source/i2cm.o
 .debug_macro   0x00013265      0x174 ./source/i2cm.o
 .debug_macro   0x000133d9       0xd9 ./source/i2cm.o
 .debug_macro   0x000134b2      0x26b ./source/orientation.o
 .debug_macro   0x0001371d       0x1c ./source/orientation.o
 .debug_macro   0x00013739       0x22 ./source/orientation.o
 .debug_macro   0x0001375b      0x2d6 ./source/orientation.o
 .debug_macro   0x00013a31      0x1e1 ./source/orientation.o
 .debug_macro   0x00013c12       0x1c ./source/orientation.o
 .debug_macro   0x00013c2e      0x136 ./source/timer.o
 .debug_macro   0x00013d64       0x10 ./source/timer.o
 .debug_macro   0x00013d74      0x11b ./source/uart.o
 .debug_macro   0x00013e8f       0x28 ./source/uart.o
 .debug_macro   0x00013eb7       0xf4 ./source/uart.o
 .debug_macro   0x00013fab       0x9c ./SDK/startup/hardware.o
 .debug_macro   0x00014047       0x9c ./SDK/startup/main.o
 .debug_macro   0x000140e3       0x11 ./SDK/startup/semihost_hardfault.o
 .debug_macro   0x000140f4       0x29 ./SDK/startup/startup_mk64f12.o
 .debug_macro   0x0001411d       0x80 ./SDK/CMSIS/system_MK64F12.o

.debug_line     0x00000000     0x3690
 .debug_line    0x00000000      0x35b ./source/App.o
 .debug_line    0x0000035b      0x1af ./source/ComunicacionCAN.o
 .debug_line    0x0000050a      0x1b7 ./source/SysTick.o
 .debug_line    0x000006c1      0x390 ./source/can.o
 .debug_line    0x00000a51      0x1cc ./source/data_manager.o
 .debug_line    0x00000c1d      0x472 ./source/fifo.o
 .debug_line    0x0000108f      0x4a2 ./source/fifo_i2c.o
 .debug_line    0x00001531      0x2dd ./source/gpio.o
 .debug_line    0x0000180e      0x4f9 ./source/i2cm.o
 .debug_line    0x00001d07      0x579 ./source/orientation.o
 .debug_line    0x00002280      0x3b9 ./source/timer.o
 .debug_line    0x00002639      0x416 ./source/uart.o
 .debug_line    0x00002a4f      0x1d4 ./SDK/startup/hardware.o
 .debug_line    0x00002c23      0x175 ./SDK/startup/main.o
 .debug_line    0x00002d98       0x59 ./SDK/startup/semihost_hardfault.o
 .debug_line    0x00002df1      0x6d8 ./SDK/startup/startup_mk64f12.o
 .debug_line    0x000034c9      0x1c7 ./SDK/CMSIS/system_MK64F12.o

.debug_str      0x00000000    0x7f828
 .debug_str     0x00000000     0x6b9f ./source/App.o
                               0x6e22 (size before relaxing)
 .debug_str     0x00006b9f    0x6cd8f ./source/ComunicacionCAN.o
                              0x7067a (size before relaxing)
 .debug_str     0x0007392e     0x7146 ./source/SysTick.o
                              0x77601 (size before relaxing)
 .debug_str     0x0007aa74      0x254 ./source/can.o
                              0x74039 (size before relaxing)
 .debug_str     0x0007acc8      0x165 ./source/data_manager.o
                              0x706c5 (size before relaxing)
 .debug_str     0x0007ae2d     0x143c ./source/fifo.o
                               0x80ff (size before relaxing)
 .debug_str     0x0007c269      0x1df ./source/fifo_i2c.o
                               0x82b8 (size before relaxing)
 .debug_str     0x0007c448      0x7e0 ./source/gpio.o
                              0x779ce (size before relaxing)
 .debug_str     0x0007cc28      0x3b9 ./source/i2cm.o
                              0x7b3c4 (size before relaxing)
 .debug_str     0x0007cfe1     0x1a00 ./source/orientation.o
                               0xa018 (size before relaxing)
 .debug_str     0x0007e9e1      0x159 ./source/timer.o
                               0x6eaf (size before relaxing)
 .debug_str     0x0007eb3a      0x3b1 ./source/uart.o
                              0x78342 (size before relaxing)
 .debug_str     0x0007eeeb      0x16f ./SDK/startup/hardware.o
                              0x77235 (size before relaxing)
 .debug_str     0x0007f05a       0x1b ./SDK/startup/main.o
                              0x77009 (size before relaxing)
 .debug_str     0x0007f075       0x36 ./SDK/startup/semihost_hardfault.o
                               0x2d6f (size before relaxing)
 .debug_str     0x0007f0ab      0x71b ./SDK/startup/startup_mk64f12.o
                               0x35dd (size before relaxing)
 .debug_str     0x0007f7c6       0x62 ./SDK/CMSIS/system_MK64F12.o
                              0x77144 (size before relaxing)

.comment        0x00000000       0x7e
 .comment       0x00000000       0x7e ./source/App.o
                                 0x7f (size before relaxing)
 .comment       0x0000007e       0x7f ./source/ComunicacionCAN.o
 .comment       0x0000007e       0x7f ./source/SysTick.o
 .comment       0x0000007e       0x7f ./source/can.o
 .comment       0x0000007e       0x7f ./source/data_manager.o
 .comment       0x0000007e       0x7f ./source/fifo.o
 .comment       0x0000007e       0x7f ./source/fifo_i2c.o
 .comment       0x0000007e       0x7f ./source/gpio.o
 .comment       0x0000007e       0x7f ./source/i2cm.o
 .comment       0x0000007e       0x7f ./source/orientation.o
 .comment       0x0000007e       0x7f ./source/timer.o
 .comment       0x0000007e       0x7f ./source/uart.o
 .comment       0x0000007e       0x7f ./SDK/startup/hardware.o
 .comment       0x0000007e       0x7f ./SDK/startup/main.o
 .comment       0x0000007e       0x7f ./SDK/startup/semihost_hardfault.o
 .comment       0x0000007e       0x7f ./SDK/startup/startup_mk64f12.o
 .comment       0x0000007e       0x7f ./SDK/CMSIS/system_MK64F12.o

.ARM.attributes
                0x00000000       0x37
 .ARM.attributes
                0x00000000       0x39 ./source/App.o
 .ARM.attributes
                0x00000039       0x39 ./source/ComunicacionCAN.o
 .ARM.attributes
                0x00000072       0x39 ./source/SysTick.o
 .ARM.attributes
                0x000000ab       0x39 ./source/can.o
 .ARM.attributes
                0x000000e4       0x39 ./source/data_manager.o
 .ARM.attributes
                0x0000011d       0x39 ./source/fifo.o
 .ARM.attributes
                0x00000156       0x39 ./source/fifo_i2c.o
 .ARM.attributes
                0x0000018f       0x39 ./source/gpio.o
 .ARM.attributes
                0x000001c8       0x39 ./source/i2cm.o
 .ARM.attributes
                0x00000201       0x39 ./source/orientation.o
 .ARM.attributes
                0x0000023a       0x39 ./source/timer.o
 .ARM.attributes
                0x00000273       0x39 ./source/uart.o
 .ARM.attributes
                0x000002ac       0x39 ./SDK/startup/hardware.o
 .ARM.attributes
                0x000002e5       0x39 ./SDK/startup/main.o
 .ARM.attributes
                0x0000031e       0x39 ./SDK/startup/semihost_hardfault.o
 .ARM.attributes
                0x00000357       0x39 ./SDK/startup/startup_mk64f12.o
 .ARM.attributes
                0x00000390       0x39 ./SDK/CMSIS/system_MK64F12.o

.debug_frame    0x00000000     0x1e44
 .debug_frame   0x00000000       0xc4 ./source/App.o
 .debug_frame   0x000000c4       0xc0 ./source/ComunicacionCAN.o
 .debug_frame   0x00000184       0x60 ./source/SysTick.o
 .debug_frame   0x000001e4       0xb0 ./source/can.o
 .debug_frame   0x00000294       0xc8 ./source/data_manager.o
 .debug_frame   0x0000035c      0x1f8 ./source/fifo.o
 .debug_frame   0x00000554      0x1f8 ./source/fifo_i2c.o
 .debug_frame   0x0000074c      0x224 ./source/gpio.o
 .debug_frame   0x00000970      0x234 ./source/i2cm.o
 .debug_frame   0x00000ba4      0x2a8 ./source/orientation.o
 .debug_frame   0x00000e4c      0x244 ./source/timer.o
 .debug_frame   0x00001090      0x380 ./source/uart.o
 .debug_frame   0x00001410       0x70 ./SDK/startup/hardware.o
 .debug_frame   0x00001480       0x2c ./SDK/startup/main.o
 .debug_frame   0x000014ac       0x20 ./SDK/startup/semihost_hardfault.o
 .debug_frame   0x000014cc      0x904 ./SDK/startup/startup_mk64f12.o
 .debug_frame   0x00001dd0       0x74 ./SDK/CMSIS/system_MK64F12.o
