
Discarded input sections

 .group         0x00000000        0xc ./source/App.o
 .group         0x00000000        0xc ./source/App.o
 .group         0x00000000        0xc ./source/App.o
 .group         0x00000000        0xc ./source/App.o
 .group         0x00000000        0xc ./source/App.o
 .group         0x00000000        0xc ./source/App.o
 .group         0x00000000        0xc ./source/App.o
 .group         0x00000000        0xc ./source/App.o
 .group         0x00000000        0xc ./source/App.o
 .group         0x00000000        0xc ./source/App.o
 .group         0x00000000        0xc ./source/App.o
 .group         0x00000000        0xc ./source/App.o
 .group         0x00000000        0xc ./source/App.o
 .group         0x00000000        0xc ./source/App.o
 .group         0x00000000        0xc ./source/App.o
 .group         0x00000000        0xc ./source/App.o
 .group         0x00000000        0xc ./source/App.o
 .group         0x00000000        0xc ./source/App.o
 .group         0x00000000        0xc ./source/App.o
 .group         0x00000000        0xc ./source/App.o
 .group         0x00000000        0xc ./source/App.o
 .group         0x00000000        0xc ./source/App.o
 .group         0x00000000        0xc ./source/App.o
 .group         0x00000000        0xc ./source/App.o
 .group         0x00000000        0xc ./source/App.o
 .group         0x00000000        0xc ./source/App.o
 .group         0x00000000        0xc ./source/App.o
 .group         0x00000000        0xc ./source/App.o
 .group         0x00000000        0xc ./source/App.o
 .group         0x00000000        0xc ./source/App.o
 .group         0x00000000        0xc ./source/App.o
 .group         0x00000000        0xc ./source/App.o
 .group         0x00000000        0xc ./source/App.o
 .group         0x00000000        0xc ./source/App.o
 .group         0x00000000        0xc ./source/App.o
 .group         0x00000000        0xc ./source/App.o
 .group         0x00000000        0xc ./source/App.o
 .group         0x00000000        0xc ./source/App.o
 .group         0x00000000        0xc ./source/App.o
 .group         0x00000000        0xc ./source/App.o
 .group         0x00000000        0xc ./source/App.o
 .group         0x00000000        0xc ./source/App.o
 .text          0x00000000        0x0 ./source/App.o
 .data          0x00000000        0x0 ./source/App.o
 .bss           0x00000000        0x0 ./source/App.o
 .group         0x00000000        0xc ./source/ComunicacionCAN.o
 .group         0x00000000        0xc ./source/ComunicacionCAN.o
 .group         0x00000000        0xc ./source/ComunicacionCAN.o
 .group         0x00000000        0xc ./source/ComunicacionCAN.o
 .group         0x00000000        0xc ./source/ComunicacionCAN.o
 .group         0x00000000        0xc ./source/ComunicacionCAN.o
 .group         0x00000000        0xc ./source/ComunicacionCAN.o
 .group         0x00000000        0xc ./source/ComunicacionCAN.o
 .group         0x00000000        0xc ./source/ComunicacionCAN.o
 .group         0x00000000        0xc ./source/ComunicacionCAN.o
 .group         0x00000000        0xc ./source/ComunicacionCAN.o
 .text          0x00000000        0x0 ./source/ComunicacionCAN.o
 .data          0x00000000        0x0 ./source/ComunicacionCAN.o
 .bss           0x00000000        0x0 ./source/ComunicacionCAN.o
 .debug_macro   0x00000000      0xa5a ./source/ComunicacionCAN.o
 .debug_macro   0x00000000       0x22 ./source/ComunicacionCAN.o
 .debug_macro   0x00000000      0x34e ./source/ComunicacionCAN.o
 .debug_macro   0x00000000       0x5c ./source/ComunicacionCAN.o
 .debug_macro   0x00000000       0x1c ./source/ComunicacionCAN.o
 .debug_macro   0x00000000       0x22 ./source/ComunicacionCAN.o
 .debug_macro   0x00000000      0xecf ./source/ComunicacionCAN.o
 .debug_macro   0x00000000       0x48 ./source/ComunicacionCAN.o
 .debug_macro   0x00000000     0xe07b ./source/ComunicacionCAN.o
 .debug_macro   0x00000000       0x16 ./source/ComunicacionCAN.o
 .group         0x00000000        0xc ./source/can.o
 .group         0x00000000        0xc ./source/can.o
 .group         0x00000000        0xc ./source/can.o
 .group         0x00000000        0xc ./source/can.o
 .group         0x00000000        0xc ./source/can.o
 .group         0x00000000        0xc ./source/can.o
 .group         0x00000000        0xc ./source/can.o
 .group         0x00000000        0xc ./source/can.o
 .group         0x00000000        0xc ./source/can.o
 .group         0x00000000        0xc ./source/can.o
 .group         0x00000000        0xc ./source/can.o
 .group         0x00000000        0xc ./source/can.o
 .group         0x00000000        0xc ./source/can.o
 .group         0x00000000        0xc ./source/can.o
 .group         0x00000000        0xc ./source/can.o
 .group         0x00000000        0xc ./source/can.o
 .group         0x00000000        0xc ./source/can.o
 .group         0x00000000        0xc ./source/can.o
 .group         0x00000000        0xc ./source/can.o
 .group         0x00000000        0xc ./source/can.o
 .group         0x00000000        0xc ./source/can.o
 .group         0x00000000        0xc ./source/can.o
 .group         0x00000000        0xc ./source/can.o
 .group         0x00000000        0xc ./source/can.o
 .group         0x00000000        0xc ./source/can.o
 .group         0x00000000        0xc ./source/can.o
 .group         0x00000000        0xc ./source/can.o
 .group         0x00000000        0xc ./source/can.o
 .group         0x00000000        0xc ./source/can.o
 .group         0x00000000        0xc ./source/can.o
 .text          0x00000000        0x0 ./source/can.o
 .data          0x00000000        0x0 ./source/can.o
 .bss           0x00000000        0x0 ./source/can.o
 .debug_macro   0x00000000      0xa5a ./source/can.o
 .debug_macro   0x00000000       0x22 ./source/can.o
 .debug_macro   0x00000000      0x34e ./source/can.o
 .debug_macro   0x00000000       0x5c ./source/can.o
 .debug_macro   0x00000000       0x1c ./source/can.o
 .debug_macro   0x00000000       0x22 ./source/can.o
 .debug_macro   0x00000000       0xdf ./source/can.o
 .debug_macro   0x00000000      0xecf ./source/can.o
 .debug_macro   0x00000000       0x48 ./source/can.o
 .debug_macro   0x00000000     0xe07b ./source/can.o
 .debug_macro   0x00000000       0xee ./source/can.o
 .debug_macro   0x00000000       0x17 ./source/can.o
 .debug_macro   0x00000000       0x22 ./source/can.o
 .debug_macro   0x00000000       0x52 ./source/can.o
 .debug_macro   0x00000000       0x8d ./source/can.o
 .debug_macro   0x00000000       0x35 ./source/can.o
 .debug_macro   0x00000000       0x9c ./source/can.o
 .debug_macro   0x00000000       0x57 ./source/can.o
 .debug_macro   0x00000000       0x58 ./source/can.o
 .debug_macro   0x00000000       0x1f ./source/can.o
 .debug_macro   0x00000000       0x43 ./source/can.o
 .debug_macro   0x00000000       0x20 ./source/can.o
 .debug_macro   0x00000000      0x18e ./source/can.o
 .group         0x00000000        0xc ./SDK/startup/hardware.o
 .group         0x00000000        0xc ./SDK/startup/hardware.o
 .group         0x00000000        0xc ./SDK/startup/hardware.o
 .group         0x00000000        0xc ./SDK/startup/hardware.o
 .group         0x00000000        0xc ./SDK/startup/hardware.o
 .group         0x00000000        0xc ./SDK/startup/hardware.o
 .group         0x00000000        0xc ./SDK/startup/hardware.o
 .group         0x00000000        0xc ./SDK/startup/hardware.o
 .group         0x00000000        0xc ./SDK/startup/hardware.o
 .group         0x00000000        0xc ./SDK/startup/hardware.o
 .group         0x00000000        0xc ./SDK/startup/hardware.o
 .group         0x00000000        0xc ./SDK/startup/hardware.o
 .group         0x00000000        0xc ./SDK/startup/hardware.o
 .text          0x00000000        0x0 ./SDK/startup/hardware.o
 .data          0x00000000        0x0 ./SDK/startup/hardware.o
 .bss           0x00000000        0x0 ./SDK/startup/hardware.o
 .debug_macro   0x00000000      0xa5a ./SDK/startup/hardware.o
 .debug_macro   0x00000000      0x34e ./SDK/startup/hardware.o
 .debug_macro   0x00000000       0x22 ./SDK/startup/hardware.o
 .debug_macro   0x00000000       0x5c ./SDK/startup/hardware.o
 .debug_macro   0x00000000       0x1c ./SDK/startup/hardware.o
 .debug_macro   0x00000000       0x22 ./SDK/startup/hardware.o
 .debug_macro   0x00000000       0xdf ./SDK/startup/hardware.o
 .debug_macro   0x00000000      0xecf ./SDK/startup/hardware.o
 .debug_macro   0x00000000       0x48 ./SDK/startup/hardware.o
 .debug_macro   0x00000000     0xe07b ./SDK/startup/hardware.o
 .group         0x00000000        0xc ./SDK/startup/main.o
 .group         0x00000000        0xc ./SDK/startup/main.o
 .group         0x00000000        0xc ./SDK/startup/main.o
 .group         0x00000000        0xc ./SDK/startup/main.o
 .group         0x00000000        0xc ./SDK/startup/main.o
 .group         0x00000000        0xc ./SDK/startup/main.o
 .group         0x00000000        0xc ./SDK/startup/main.o
 .group         0x00000000        0xc ./SDK/startup/main.o
 .group         0x00000000        0xc ./SDK/startup/main.o
 .group         0x00000000        0xc ./SDK/startup/main.o
 .group         0x00000000        0xc ./SDK/startup/main.o
 .group         0x00000000        0xc ./SDK/startup/main.o
 .group         0x00000000        0xc ./SDK/startup/main.o
 .text          0x00000000        0x0 ./SDK/startup/main.o
 .data          0x00000000        0x0 ./SDK/startup/main.o
 .bss           0x00000000        0x0 ./SDK/startup/main.o
 .debug_macro   0x00000000      0xa5a ./SDK/startup/main.o
 .debug_macro   0x00000000      0x34e ./SDK/startup/main.o
 .debug_macro   0x00000000       0x22 ./SDK/startup/main.o
 .debug_macro   0x00000000       0x10 ./SDK/startup/main.o
 .debug_macro   0x00000000       0x5c ./SDK/startup/main.o
 .debug_macro   0x00000000       0x1c ./SDK/startup/main.o
 .debug_macro   0x00000000       0x22 ./SDK/startup/main.o
 .debug_macro   0x00000000       0xdf ./SDK/startup/main.o
 .debug_macro   0x00000000      0xecf ./SDK/startup/main.o
 .debug_macro   0x00000000       0x48 ./SDK/startup/main.o
 .debug_macro   0x00000000     0xe07b ./SDK/startup/main.o
 .debug_macro   0x00000000     0x122b ./SDK/startup/main.o
 .debug_macro   0x00000000       0x16 ./SDK/startup/main.o
 .group         0x00000000        0xc ./SDK/startup/semihost_hardfault.o
 .text          0x00000000        0x0 ./SDK/startup/semihost_hardfault.o
 .data          0x00000000        0x0 ./SDK/startup/semihost_hardfault.o
 .bss           0x00000000        0x0 ./SDK/startup/semihost_hardfault.o
 .debug_macro   0x00000000      0xa5a ./SDK/startup/semihost_hardfault.o
 .group         0x00000000        0xc ./SDK/startup/startup_mk64f12.o
 .text          0x00000000        0x0 ./SDK/startup/startup_mk64f12.o
 .data          0x00000000        0x0 ./SDK/startup/startup_mk64f12.o
 .bss           0x00000000        0x0 ./SDK/startup/startup_mk64f12.o
 .debug_macro   0x00000000      0xa5a ./SDK/startup/startup_mk64f12.o
 .group         0x00000000        0xc ./SDK/CMSIS/system_MK64F12.o
 .group         0x00000000        0xc ./SDK/CMSIS/system_MK64F12.o
 .group         0x00000000        0xc ./SDK/CMSIS/system_MK64F12.o
 .group         0x00000000        0xc ./SDK/CMSIS/system_MK64F12.o
 .group         0x00000000        0xc ./SDK/CMSIS/system_MK64F12.o
 .group         0x00000000        0xc ./SDK/CMSIS/system_MK64F12.o
 .group         0x00000000        0xc ./SDK/CMSIS/system_MK64F12.o
 .group         0x00000000        0xc ./SDK/CMSIS/system_MK64F12.o
 .group         0x00000000        0xc ./SDK/CMSIS/system_MK64F12.o
 .group         0x00000000        0xc ./SDK/CMSIS/system_MK64F12.o
 .group         0x00000000        0xc ./SDK/CMSIS/system_MK64F12.o
 .text          0x00000000        0x0 ./SDK/CMSIS/system_MK64F12.o
 .data          0x00000000        0x0 ./SDK/CMSIS/system_MK64F12.o
 .bss           0x00000000        0x0 ./SDK/CMSIS/system_MK64F12.o
 .data.SystemCoreClock
                0x00000000        0x4 ./SDK/CMSIS/system_MK64F12.o
 .text.SystemCoreClockUpdate
                0x00000000      0x278 ./SDK/CMSIS/system_MK64F12.o
 .debug_macro   0x00000000      0xa5a ./SDK/CMSIS/system_MK64F12.o
 .debug_macro   0x00000000      0x34e ./SDK/CMSIS/system_MK64F12.o
 .debug_macro   0x00000000       0x10 ./SDK/CMSIS/system_MK64F12.o
 .debug_macro   0x00000000       0x5c ./SDK/CMSIS/system_MK64F12.o
 .debug_macro   0x00000000       0x1c ./SDK/CMSIS/system_MK64F12.o
 .debug_macro   0x00000000       0x22 ./SDK/CMSIS/system_MK64F12.o
 .debug_macro   0x00000000       0xdf ./SDK/CMSIS/system_MK64F12.o
 .debug_macro   0x00000000      0xecf ./SDK/CMSIS/system_MK64F12.o
 .debug_macro   0x00000000       0x48 ./SDK/CMSIS/system_MK64F12.o
 .debug_macro   0x00000000     0xe07b ./SDK/CMSIS/system_MK64F12.o
 .debug_macro   0x00000000     0x122b ./SDK/CMSIS/system_MK64F12.o
 .group         0x00000000        0xc C:/00 - Ignacio/Facultad/22.99 - Laboratorio de Microprocesadores/TPs/02 - TP2/Comunicacion sere - TP2 - G2/source/gpio.o
 .group         0x00000000        0xc C:/00 - Ignacio/Facultad/22.99 - Laboratorio de Microprocesadores/TPs/02 - TP2/Comunicacion sere - TP2 - G2/source/gpio.o
 .group         0x00000000        0xc C:/00 - Ignacio/Facultad/22.99 - Laboratorio de Microprocesadores/TPs/02 - TP2/Comunicacion sere - TP2 - G2/source/gpio.o
 .group         0x00000000        0xc C:/00 - Ignacio/Facultad/22.99 - Laboratorio de Microprocesadores/TPs/02 - TP2/Comunicacion sere - TP2 - G2/source/gpio.o
 .group         0x00000000        0xc C:/00 - Ignacio/Facultad/22.99 - Laboratorio de Microprocesadores/TPs/02 - TP2/Comunicacion sere - TP2 - G2/source/gpio.o
 .group         0x00000000        0xc C:/00 - Ignacio/Facultad/22.99 - Laboratorio de Microprocesadores/TPs/02 - TP2/Comunicacion sere - TP2 - G2/source/gpio.o
 .group         0x00000000        0xc C:/00 - Ignacio/Facultad/22.99 - Laboratorio de Microprocesadores/TPs/02 - TP2/Comunicacion sere - TP2 - G2/source/gpio.o
 .group         0x00000000        0xc C:/00 - Ignacio/Facultad/22.99 - Laboratorio de Microprocesadores/TPs/02 - TP2/Comunicacion sere - TP2 - G2/source/gpio.o
 .group         0x00000000        0xc C:/00 - Ignacio/Facultad/22.99 - Laboratorio de Microprocesadores/TPs/02 - TP2/Comunicacion sere - TP2 - G2/source/gpio.o
 .group         0x00000000        0xc C:/00 - Ignacio/Facultad/22.99 - Laboratorio de Microprocesadores/TPs/02 - TP2/Comunicacion sere - TP2 - G2/source/gpio.o
 .group         0x00000000        0xc C:/00 - Ignacio/Facultad/22.99 - Laboratorio de Microprocesadores/TPs/02 - TP2/Comunicacion sere - TP2 - G2/source/gpio.o
 .group         0x00000000        0xc C:/00 - Ignacio/Facultad/22.99 - Laboratorio de Microprocesadores/TPs/02 - TP2/Comunicacion sere - TP2 - G2/source/gpio.o
 .group         0x00000000        0xc C:/00 - Ignacio/Facultad/22.99 - Laboratorio de Microprocesadores/TPs/02 - TP2/Comunicacion sere - TP2 - G2/source/gpio.o
 .group         0x00000000        0xc C:/00 - Ignacio/Facultad/22.99 - Laboratorio de Microprocesadores/TPs/02 - TP2/Comunicacion sere - TP2 - G2/source/gpio.o
 .text          0x00000000        0x0 C:/00 - Ignacio/Facultad/22.99 - Laboratorio de Microprocesadores/TPs/02 - TP2/Comunicacion sere - TP2 - G2/source/gpio.o
 .data          0x00000000        0x0 C:/00 - Ignacio/Facultad/22.99 - Laboratorio de Microprocesadores/TPs/02 - TP2/Comunicacion sere - TP2 - G2/source/gpio.o
 .bss           0x00000000        0x0 C:/00 - Ignacio/Facultad/22.99 - Laboratorio de Microprocesadores/TPs/02 - TP2/Comunicacion sere - TP2 - G2/source/gpio.o
 .rodata.portPtrList
                0x00000000       0x14 C:/00 - Ignacio/Facultad/22.99 - Laboratorio de Microprocesadores/TPs/02 - TP2/Comunicacion sere - TP2 - G2/source/gpio.o
 .rodata.gpioPtrList
                0x00000000       0x14 C:/00 - Ignacio/Facultad/22.99 - Laboratorio de Microprocesadores/TPs/02 - TP2/Comunicacion sere - TP2 - G2/source/gpio.o
 .rodata.mode2pcr
                0x00000000       0x10 C:/00 - Ignacio/Facultad/22.99 - Laboratorio de Microprocesadores/TPs/02 - TP2/Comunicacion sere - TP2 - G2/source/gpio.o
 .text.gpioMode
                0x00000000       0x98 C:/00 - Ignacio/Facultad/22.99 - Laboratorio de Microprocesadores/TPs/02 - TP2/Comunicacion sere - TP2 - G2/source/gpio.o
 .text.gpioWrite
                0x00000000       0x5c C:/00 - Ignacio/Facultad/22.99 - Laboratorio de Microprocesadores/TPs/02 - TP2/Comunicacion sere - TP2 - G2/source/gpio.o
 .text.gpioToggle
                0x00000000       0x48 C:/00 - Ignacio/Facultad/22.99 - Laboratorio de Microprocesadores/TPs/02 - TP2/Comunicacion sere - TP2 - G2/source/gpio.o
 .text.gpioRead
                0x00000000       0x68 C:/00 - Ignacio/Facultad/22.99 - Laboratorio de Microprocesadores/TPs/02 - TP2/Comunicacion sere - TP2 - G2/source/gpio.o
 .text.parsePin
                0x00000000       0x42 C:/00 - Ignacio/Facultad/22.99 - Laboratorio de Microprocesadores/TPs/02 - TP2/Comunicacion sere - TP2 - G2/source/gpio.o
 .debug_info    0x00000000      0x48c C:/00 - Ignacio/Facultad/22.99 - Laboratorio de Microprocesadores/TPs/02 - TP2/Comunicacion sere - TP2 - G2/source/gpio.o
 .debug_abbrev  0x00000000      0x162 C:/00 - Ignacio/Facultad/22.99 - Laboratorio de Microprocesadores/TPs/02 - TP2/Comunicacion sere - TP2 - G2/source/gpio.o
 .debug_aranges
                0x00000000       0x40 C:/00 - Ignacio/Facultad/22.99 - Laboratorio de Microprocesadores/TPs/02 - TP2/Comunicacion sere - TP2 - G2/source/gpio.o
 .debug_ranges  0x00000000       0x60 C:/00 - Ignacio/Facultad/22.99 - Laboratorio de Microprocesadores/TPs/02 - TP2/Comunicacion sere - TP2 - G2/source/gpio.o
 .debug_macro   0x00000000       0xd5 C:/00 - Ignacio/Facultad/22.99 - Laboratorio de Microprocesadores/TPs/02 - TP2/Comunicacion sere - TP2 - G2/source/gpio.o
 .debug_macro   0x00000000      0xa5a C:/00 - Ignacio/Facultad/22.99 - Laboratorio de Microprocesadores/TPs/02 - TP2/Comunicacion sere - TP2 - G2/source/gpio.o
 .debug_macro   0x00000000      0x34e C:/00 - Ignacio/Facultad/22.99 - Laboratorio de Microprocesadores/TPs/02 - TP2/Comunicacion sere - TP2 - G2/source/gpio.o
 .debug_macro   0x00000000       0x22 C:/00 - Ignacio/Facultad/22.99 - Laboratorio de Microprocesadores/TPs/02 - TP2/Comunicacion sere - TP2 - G2/source/gpio.o
 .debug_macro   0x00000000       0x3a C:/00 - Ignacio/Facultad/22.99 - Laboratorio de Microprocesadores/TPs/02 - TP2/Comunicacion sere - TP2 - G2/source/gpio.o
 .debug_macro   0x00000000       0x10 C:/00 - Ignacio/Facultad/22.99 - Laboratorio de Microprocesadores/TPs/02 - TP2/Comunicacion sere - TP2 - G2/source/gpio.o
 .debug_macro   0x00000000       0x5c C:/00 - Ignacio/Facultad/22.99 - Laboratorio de Microprocesadores/TPs/02 - TP2/Comunicacion sere - TP2 - G2/source/gpio.o
 .debug_macro   0x00000000       0x1c C:/00 - Ignacio/Facultad/22.99 - Laboratorio de Microprocesadores/TPs/02 - TP2/Comunicacion sere - TP2 - G2/source/gpio.o
 .debug_macro   0x00000000       0x22 C:/00 - Ignacio/Facultad/22.99 - Laboratorio de Microprocesadores/TPs/02 - TP2/Comunicacion sere - TP2 - G2/source/gpio.o
 .debug_macro   0x00000000       0xdf C:/00 - Ignacio/Facultad/22.99 - Laboratorio de Microprocesadores/TPs/02 - TP2/Comunicacion sere - TP2 - G2/source/gpio.o
 .debug_macro   0x00000000      0xecf C:/00 - Ignacio/Facultad/22.99 - Laboratorio de Microprocesadores/TPs/02 - TP2/Comunicacion sere - TP2 - G2/source/gpio.o
 .debug_macro   0x00000000       0x48 C:/00 - Ignacio/Facultad/22.99 - Laboratorio de Microprocesadores/TPs/02 - TP2/Comunicacion sere - TP2 - G2/source/gpio.o
 .debug_macro   0x00000000     0xe07b C:/00 - Ignacio/Facultad/22.99 - Laboratorio de Microprocesadores/TPs/02 - TP2/Comunicacion sere - TP2 - G2/source/gpio.o
 .debug_macro   0x00000000     0x122b C:/00 - Ignacio/Facultad/22.99 - Laboratorio de Microprocesadores/TPs/02 - TP2/Comunicacion sere - TP2 - G2/source/gpio.o
 .debug_macro   0x00000000       0x16 C:/00 - Ignacio/Facultad/22.99 - Laboratorio de Microprocesadores/TPs/02 - TP2/Comunicacion sere - TP2 - G2/source/gpio.o
 .debug_line    0x00000000      0x1ec C:/00 - Ignacio/Facultad/22.99 - Laboratorio de Microprocesadores/TPs/02 - TP2/Comunicacion sere - TP2 - G2/source/gpio.o
 .debug_str     0x00000000    0x772d6 C:/00 - Ignacio/Facultad/22.99 - Laboratorio de Microprocesadores/TPs/02 - TP2/Comunicacion sere - TP2 - G2/source/gpio.o
 .comment       0x00000000       0x7f C:/00 - Ignacio/Facultad/22.99 - Laboratorio de Microprocesadores/TPs/02 - TP2/Comunicacion sere - TP2 - G2/source/gpio.o
 .debug_frame   0x00000000       0xc8 C:/00 - Ignacio/Facultad/22.99 - Laboratorio de Microprocesadores/TPs/02 - TP2/Comunicacion sere - TP2 - G2/source/gpio.o
 .ARM.attributes
                0x00000000       0x39 C:/00 - Ignacio/Facultad/22.99 - Laboratorio de Microprocesadores/TPs/02 - TP2/Comunicacion sere - TP2 - G2/source/gpio.o

Memory Configuration

Name             Origin             Length             Attributes
PROGRAM_FLASH    0x00000000         0x00100000         xr
SRAM_UPPER       0x20000000         0x00030000         xrw
SRAM_LOWER       0x1fff0000         0x00010000         xrw
FLEX_RAM         0x14000000         0x00001000         xrw
*default*        0x00000000         0xffffffff

Linker script and memory map

LOAD ./source/App.o
LOAD ./source/ComunicacionCAN.o
LOAD ./source/can.o
LOAD ./SDK/startup/hardware.o
LOAD ./SDK/startup/main.o
LOAD ./SDK/startup/semihost_hardfault.o
LOAD ./SDK/startup/startup_mk64f12.o
LOAD ./SDK/CMSIS/system_MK64F12.o
LOAD C:/00 - Ignacio/Facultad/22.99 - Laboratorio de Microprocesadores/TPs/02 - TP2/Comunicacion sere - TP2 - G2/source/gpio.o
START GROUP
LOAD c:/nxp/mcuxpressoide_10.2.0_759/ide/tools/bin/../lib/gcc/arm-none-eabi/7.2.1/../../../../arm-none-eabi/lib/thumb/v7e-m/fpv4-sp/hard\libcr_c.a
LOAD c:/nxp/mcuxpressoide_10.2.0_759/ide/tools/bin/../lib/gcc/arm-none-eabi/7.2.1/thumb/v7e-m/fpv4-sp/hard\libcr_eabihelpers.a
END GROUP
                0x00000000                __base_PROGRAM_FLASH = 0x0
                0x00000000                __base_Flash = 0x0
                0x00100000                __top_PROGRAM_FLASH = 0x100000
                0x00100000                __top_Flash = 0x100000
                0x20000000                __base_SRAM_UPPER = 0x20000000
                0x20000000                __base_RAM = 0x20000000
                0x20030000                __top_SRAM_UPPER = 0x20030000
                0x20030000                __top_RAM = 0x20030000
                0x1fff0000                __base_SRAM_LOWER = 0x1fff0000
                0x1fff0000                __base_RAM2 = 0x1fff0000
                0x20000000                __top_SRAM_LOWER = 0x20000000
                0x20000000                __top_RAM2 = 0x20000000
                0x14000000                __base_FLEX_RAM = 0x14000000
                0x14000000                __base_RAM3 = 0x14000000
                0x14001000                __top_FLEX_RAM = 0x14001000
                0x14001000                __top_RAM3 = 0x14001000

.text           0x00000000      0xe40
 FILL mask 0xff
                0x00000000                __vectors_start__ = ABSOLUTE (.)
 *(SORT_BY_ALIGNMENT(.isr_vector))
 .isr_vector    0x00000000      0x198 ./SDK/startup/startup_mk64f12.o
                0x00000000                g_pfnVectors
                0x00000000                __Vectors
                0x00000198                . = ALIGN (0x4)
                0x00000198                __section_table_start = .
                0x00000198                __data_section_table = .
                0x00000198        0x4 LONG 0xe40 LOADADDR (.data)
                0x0000019c        0x4 LONG 0x20000000 ADDR (.data)
                0x000001a0        0x4 LONG 0x0 SIZEOF (.data)
                0x000001a4        0x4 LONG 0xe40 LOADADDR (.data_RAM2)
                0x000001a8        0x4 LONG 0x1fff0000 ADDR (.data_RAM2)
                0x000001ac        0x4 LONG 0x0 SIZEOF (.data_RAM2)
                0x000001b0        0x4 LONG 0xe40 LOADADDR (.data_RAM3)
                0x000001b4        0x4 LONG 0x14000000 ADDR (.data_RAM3)
                0x000001b8        0x4 LONG 0x0 SIZEOF (.data_RAM3)
                0x000001bc                __data_section_table_end = .
                0x000001bc                __bss_section_table = .
                0x000001bc        0x4 LONG 0x20000000 ADDR (.bss)
                0x000001c0        0x4 LONG 0x18 SIZEOF (.bss)
                0x000001c4        0x4 LONG 0x1fff0000 ADDR (.bss_RAM2)
                0x000001c8        0x4 LONG 0x0 SIZEOF (.bss_RAM2)
                0x000001cc        0x4 LONG 0x14000000 ADDR (.bss_RAM3)
                0x000001d0        0x4 LONG 0x0 SIZEOF (.bss_RAM3)
                0x000001d4                __bss_section_table_end = .
                0x000001d4                __section_table_end = .
 *(SORT_BY_ALIGNMENT(.after_vectors*))
 .after_vectors.reset
                0x000001d4       0x4c ./SDK/startup/startup_mk64f12.o
                0x000001d4                ResetISR
 .after_vectors.init_data
                0x00000220       0x1e ./SDK/startup/startup_mk64f12.o
                0x00000220                data_init
 .after_vectors.init_bss
                0x0000023e       0x12 ./SDK/startup/startup_mk64f12.o
                0x0000023e                bss_init
 .after_vectors
                0x00000250       0x14 ./SDK/startup/startup_mk64f12.o
                0x00000250                NMI_Handler
                0x00000254                MemManage_Handler
                0x00000256                BusFault_Handler
                0x00000258                UsageFault_Handler
                0x0000025a                SVC_Handler
                0x0000025c                DebugMon_Handler
                0x0000025e                PendSV_Handler
                0x00000260                SysTick_Handler
                0x00000262                DMA_Error_DriverIRQHandler
                0x00000262                LPTMR0_DriverIRQHandler
                0x00000262                FTM1_DriverIRQHandler
                0x00000262                FTM2_DriverIRQHandler
                0x00000262                PIT2_DriverIRQHandler
                0x00000262                SDHC_DriverIRQHandler
                0x00000262                I2S0_Tx_DriverIRQHandler
                0x00000262                RTC_Seconds_DriverIRQHandler
                0x00000262                DMA6_DriverIRQHandler
                0x00000262                LLWU_DriverIRQHandler
                0x00000262                MCM_DriverIRQHandler
                0x00000262                MCG_DriverIRQHandler
                0x00000262                ENET_1588_Timer_DriverIRQHandler
                0x00000262                I2C2_DriverIRQHandler
                0x00000262                DAC1_DriverIRQHandler
                0x00000262                SPI1_DriverIRQHandler
                0x00000262                CMP1_DriverIRQHandler
                0x00000262                UART5_RX_TX_DriverIRQHandler
                0x00000262                FTM0_DriverIRQHandler
                0x00000262                IntDefaultHandler
                0x00000262                USB0_DriverIRQHandler
                0x00000262                UART5_ERR_DriverIRQHandler
                0x00000262                PORTC_DriverIRQHandler
                0x00000262                DMA11_DriverIRQHandler
                0x00000262                DAC0_DriverIRQHandler
                0x00000262                DMA10_DriverIRQHandler
                0x00000262                CMP2_DriverIRQHandler
                0x00000262                UART2_ERR_DriverIRQHandler
                0x00000262                SPI2_DriverIRQHandler
                0x00000262                LVD_LVW_DriverIRQHandler
                0x00000262                PIT0_DriverIRQHandler
                0x00000262                RNG_DriverIRQHandler
                0x00000262                DMA12_DriverIRQHandler
                0x00000262                DMA4_DriverIRQHandler
                0x00000262                UART2_RX_TX_DriverIRQHandler
                0x00000262                USBDCD_DriverIRQHandler
                0x00000262                UART3_ERR_DriverIRQHandler
                0x00000262                DMA3_DriverIRQHandler
                0x00000262                DMA8_DriverIRQHandler
                0x00000262                DMA9_DriverIRQHandler
                0x00000262                UART0_ERR_DriverIRQHandler
                0x00000262                CMT_DriverIRQHandler
                0x00000262                Reserved71_DriverIRQHandler
                0x00000262                ADC1_DriverIRQHandler
                0x00000262                PORTA_DriverIRQHandler
                0x00000262                DMA14_DriverIRQHandler
                0x00000262                PIT3_DriverIRQHandler
                0x00000262                PIT1_DriverIRQHandler
                0x00000262                WDOG_EWM_DriverIRQHandler
                0x00000262                PDB0_DriverIRQHandler
                0x00000262                RTC_DriverIRQHandler
                0x00000262                I2S0_Rx_DriverIRQHandler
                0x00000262                Read_Collision_DriverIRQHandler
                0x00000262                SWI_DriverIRQHandler
                0x00000262                UART4_RX_TX_DriverIRQHandler
                0x00000262                UART4_ERR_DriverIRQHandler
                0x00000262                PORTB_DriverIRQHandler
                0x00000262                UART0_LON_DriverIRQHandler
                0x00000262                DMA0_DriverIRQHandler
                0x00000262                DMA1_DriverIRQHandler
                0x00000262                I2C1_DriverIRQHandler
                0x00000262                UART3_RX_TX_DriverIRQHandler
                0x00000262                ENET_Receive_DriverIRQHandler
                0x00000262                DMA13_DriverIRQHandler
                0x00000262                ENET_Error_DriverIRQHandler
                0x00000262                DMA15_DriverIRQHandler
                0x00000262                UART0_RX_TX_DriverIRQHandler
                0x00000262                SPI0_DriverIRQHandler
                0x00000262                ADC0_DriverIRQHandler
                0x00000262                CMP0_DriverIRQHandler
                0x00000262                CAN0_DriverIRQHandler
                0x00000262                FTM3_DriverIRQHandler
                0x00000262                DMA5_DriverIRQHandler
                0x00000262                UART1_ERR_DriverIRQHandler
                0x00000262                DMA2_DriverIRQHandler
                0x00000262                ENET_Transmit_DriverIRQHandler
                0x00000262                PORTD_DriverIRQHandler
                0x00000262                PORTE_DriverIRQHandler
                0x00000262                FTFE_DriverIRQHandler
                0x00000262                I2C0_DriverIRQHandler
                0x00000262                DMA7_DriverIRQHandler
                0x00000262                UART1_RX_TX_DriverIRQHandler
                0x00000400                . = 0x400
 *fill*         0x00000264      0x19c ff
                0x00000400                PROVIDE (__FLASH_CONFIG_START__, .)
 *(SORT_BY_ALIGNMENT(.FlashConfig))
 .FlashConfig   0x00000400       0x10 ./SDK/startup/startup_mk64f12.o
                0x00000400                Flash_Config
                0x00000410                PROVIDE (__FLASH_CONFIG_END__, .)
                0x00000001                ASSERT (! ((__FLASH_CONFIG_START__ == __FLASH_CONFIG_END__)), Linker Flash Config Support Enabled, but no .FlashConfig section provided within application)
 *(SORT_BY_ALIGNMENT(.text*))
 .text.App_Run  0x00000410       0x90 ./source/App.o
                0x00000410                App_Run
 .text.sendCanMessage
                0x000004a0       0x8c ./source/ComunicacionCAN.o
                0x000004a0                sendCanMessage
 .text.receiveCanMessage
                0x0000052c       0x84 ./source/ComunicacionCAN.o
                0x0000052c                receiveCanMessage
 .text.getBoardStatus
                0x000005b0       0x2c ./source/ComunicacionCAN.o
                0x000005b0                getBoardStatus
 .text.CAN_Init
                0x000005dc      0x138 ./source/can.o
                0x000005dc                CAN_Init
 .text.CAN_ConfigureRxMB
                0x00000714       0x70 ./source/can.o
                0x00000714                CAN_ConfigureRxMB
 .text.CAN_WriteTxMB
                0x00000784       0xbc ./source/can.o
                0x00000784                CAN_WriteTxMB
 .text.CAN_ReadRxMB
                0x00000840      0x118 ./source/can.o
                0x00000840                CAN_ReadRxMB
 .text.hw_Init  0x00000958      0x10c ./SDK/startup/hardware.o
                0x00000958                hw_Init
 .text.hw_EnableInterrupts
                0x00000a64       0x30 ./SDK/startup/hardware.o
                0x00000a64                hw_EnableInterrupts
 .text.hw_DisableInterrupts
                0x00000a94       0x20 ./SDK/startup/hardware.o
                0x00000a94                hw_DisableInterrupts
 .text.SystemInit
                0x00000ab4       0x3c ./SDK/CMSIS/system_MK64F12.o
                0x00000ab4                SystemInit
 .text.App_Init
                0x00000af0        0xe ./source/App.o
                0x00000af0                App_Init
 .text.canComunicationInit
                0x00000afe       0x22 ./source/ComunicacionCAN.o
                0x00000afe                canComunicationInit
 .text.main     0x00000b20       0x1a ./SDK/startup/main.o
                0x00000b20                main
 .text.HardFault_Handler
                0x00000b3a       0x2c ./SDK/startup/semihost_hardfault.o
                0x00000b3a                HardFault_Handler
 .text.DMA0_IRQHandler
                0x00000b66        0x8 ./SDK/startup/startup_mk64f12.o
                0x00000b66                DMA0_IRQHandler
 .text.DMA1_IRQHandler
                0x00000b6e        0x8 ./SDK/startup/startup_mk64f12.o
                0x00000b6e                DMA1_IRQHandler
 .text.DMA2_IRQHandler
                0x00000b76        0x8 ./SDK/startup/startup_mk64f12.o
                0x00000b76                DMA2_IRQHandler
 .text.DMA3_IRQHandler
                0x00000b7e        0x8 ./SDK/startup/startup_mk64f12.o
                0x00000b7e                DMA3_IRQHandler
 .text.DMA4_IRQHandler
                0x00000b86        0x8 ./SDK/startup/startup_mk64f12.o
                0x00000b86                DMA4_IRQHandler
 .text.DMA5_IRQHandler
                0x00000b8e        0x8 ./SDK/startup/startup_mk64f12.o
                0x00000b8e                DMA5_IRQHandler
 .text.DMA6_IRQHandler
                0x00000b96        0x8 ./SDK/startup/startup_mk64f12.o
                0x00000b96                DMA6_IRQHandler
 .text.DMA7_IRQHandler
                0x00000b9e        0x8 ./SDK/startup/startup_mk64f12.o
                0x00000b9e                DMA7_IRQHandler
 .text.DMA8_IRQHandler
                0x00000ba6        0x8 ./SDK/startup/startup_mk64f12.o
                0x00000ba6                DMA8_IRQHandler
 .text.DMA9_IRQHandler
                0x00000bae        0x8 ./SDK/startup/startup_mk64f12.o
                0x00000bae                DMA9_IRQHandler
 .text.DMA10_IRQHandler
                0x00000bb6        0x8 ./SDK/startup/startup_mk64f12.o
                0x00000bb6                DMA10_IRQHandler
 .text.DMA11_IRQHandler
                0x00000bbe        0x8 ./SDK/startup/startup_mk64f12.o
                0x00000bbe                DMA11_IRQHandler
 .text.DMA12_IRQHandler
                0x00000bc6        0x8 ./SDK/startup/startup_mk64f12.o
                0x00000bc6                DMA12_IRQHandler
 .text.DMA13_IRQHandler
                0x00000bce        0x8 ./SDK/startup/startup_mk64f12.o
                0x00000bce                DMA13_IRQHandler
 .text.DMA14_IRQHandler
                0x00000bd6        0x8 ./SDK/startup/startup_mk64f12.o
                0x00000bd6                DMA14_IRQHandler
 .text.DMA15_IRQHandler
                0x00000bde        0x8 ./SDK/startup/startup_mk64f12.o
                0x00000bde                DMA15_IRQHandler
 .text.DMA_Error_IRQHandler
                0x00000be6        0x8 ./SDK/startup/startup_mk64f12.o
                0x00000be6                DMA_Error_IRQHandler
 .text.MCM_IRQHandler
                0x00000bee        0x8 ./SDK/startup/startup_mk64f12.o
                0x00000bee                MCM_IRQHandler
 .text.FTFE_IRQHandler
                0x00000bf6        0x8 ./SDK/startup/startup_mk64f12.o
                0x00000bf6                FTFE_IRQHandler
 .text.Read_Collision_IRQHandler
                0x00000bfe        0x8 ./SDK/startup/startup_mk64f12.o
                0x00000bfe                Read_Collision_IRQHandler
 .text.LVD_LVW_IRQHandler
                0x00000c06        0x8 ./SDK/startup/startup_mk64f12.o
                0x00000c06                LVD_LVW_IRQHandler
 .text.LLWU_IRQHandler
                0x00000c0e        0x8 ./SDK/startup/startup_mk64f12.o
                0x00000c0e                LLWU_IRQHandler
 .text.WDOG_EWM_IRQHandler
                0x00000c16        0x8 ./SDK/startup/startup_mk64f12.o
                0x00000c16                WDOG_EWM_IRQHandler
 .text.RNG_IRQHandler
                0x00000c1e        0x8 ./SDK/startup/startup_mk64f12.o
                0x00000c1e                RNG_IRQHandler
 .text.I2C0_IRQHandler
                0x00000c26        0x8 ./SDK/startup/startup_mk64f12.o
                0x00000c26                I2C0_IRQHandler
 .text.I2C1_IRQHandler
                0x00000c2e        0x8 ./SDK/startup/startup_mk64f12.o
                0x00000c2e                I2C1_IRQHandler
 .text.SPI0_IRQHandler
                0x00000c36        0x8 ./SDK/startup/startup_mk64f12.o
                0x00000c36                SPI0_IRQHandler
 .text.SPI1_IRQHandler
                0x00000c3e        0x8 ./SDK/startup/startup_mk64f12.o
                0x00000c3e                SPI1_IRQHandler
 .text.I2S0_Tx_IRQHandler
                0x00000c46        0x8 ./SDK/startup/startup_mk64f12.o
                0x00000c46                I2S0_Tx_IRQHandler
 .text.I2S0_Rx_IRQHandler
                0x00000c4e        0x8 ./SDK/startup/startup_mk64f12.o
                0x00000c4e                I2S0_Rx_IRQHandler
 .text.UART0_LON_IRQHandler
                0x00000c56        0x8 ./SDK/startup/startup_mk64f12.o
                0x00000c56                UART0_LON_IRQHandler
 .text.UART0_RX_TX_IRQHandler
                0x00000c5e        0x8 ./SDK/startup/startup_mk64f12.o
                0x00000c5e                UART0_RX_TX_IRQHandler
 .text.UART0_ERR_IRQHandler
                0x00000c66        0x8 ./SDK/startup/startup_mk64f12.o
                0x00000c66                UART0_ERR_IRQHandler
 .text.UART1_RX_TX_IRQHandler
                0x00000c6e        0x8 ./SDK/startup/startup_mk64f12.o
                0x00000c6e                UART1_RX_TX_IRQHandler
 .text.UART1_ERR_IRQHandler
                0x00000c76        0x8 ./SDK/startup/startup_mk64f12.o
                0x00000c76                UART1_ERR_IRQHandler
 .text.UART2_RX_TX_IRQHandler
                0x00000c7e        0x8 ./SDK/startup/startup_mk64f12.o
                0x00000c7e                UART2_RX_TX_IRQHandler
 .text.UART2_ERR_IRQHandler
                0x00000c86        0x8 ./SDK/startup/startup_mk64f12.o
                0x00000c86                UART2_ERR_IRQHandler
 .text.UART3_RX_TX_IRQHandler
                0x00000c8e        0x8 ./SDK/startup/startup_mk64f12.o
                0x00000c8e                UART3_RX_TX_IRQHandler
 .text.UART3_ERR_IRQHandler
                0x00000c96        0x8 ./SDK/startup/startup_mk64f12.o
                0x00000c96                UART3_ERR_IRQHandler
 .text.ADC0_IRQHandler
                0x00000c9e        0x8 ./SDK/startup/startup_mk64f12.o
                0x00000c9e                ADC0_IRQHandler
 .text.CMP0_IRQHandler
                0x00000ca6        0x8 ./SDK/startup/startup_mk64f12.o
                0x00000ca6                CMP0_IRQHandler
 .text.CMP1_IRQHandler
                0x00000cae        0x8 ./SDK/startup/startup_mk64f12.o
                0x00000cae                CMP1_IRQHandler
 .text.FTM0_IRQHandler
                0x00000cb6        0x8 ./SDK/startup/startup_mk64f12.o
                0x00000cb6                FTM0_IRQHandler
 .text.FTM1_IRQHandler
                0x00000cbe        0x8 ./SDK/startup/startup_mk64f12.o
                0x00000cbe                FTM1_IRQHandler
 .text.FTM2_IRQHandler
                0x00000cc6        0x8 ./SDK/startup/startup_mk64f12.o
                0x00000cc6                FTM2_IRQHandler
 .text.CMT_IRQHandler
                0x00000cce        0x8 ./SDK/startup/startup_mk64f12.o
                0x00000cce                CMT_IRQHandler
 .text.RTC_IRQHandler
                0x00000cd6        0x8 ./SDK/startup/startup_mk64f12.o
                0x00000cd6                RTC_IRQHandler
 .text.RTC_Seconds_IRQHandler
                0x00000cde        0x8 ./SDK/startup/startup_mk64f12.o
                0x00000cde                RTC_Seconds_IRQHandler
 .text.PIT0_IRQHandler
                0x00000ce6        0x8 ./SDK/startup/startup_mk64f12.o
                0x00000ce6                PIT0_IRQHandler
 .text.PIT1_IRQHandler
                0x00000cee        0x8 ./SDK/startup/startup_mk64f12.o
                0x00000cee                PIT1_IRQHandler
 .text.PIT2_IRQHandler
                0x00000cf6        0x8 ./SDK/startup/startup_mk64f12.o
                0x00000cf6                PIT2_IRQHandler
 .text.PIT3_IRQHandler
                0x00000cfe        0x8 ./SDK/startup/startup_mk64f12.o
                0x00000cfe                PIT3_IRQHandler
 .text.PDB0_IRQHandler
                0x00000d06        0x8 ./SDK/startup/startup_mk64f12.o
                0x00000d06                PDB0_IRQHandler
 .text.USB0_IRQHandler
                0x00000d0e        0x8 ./SDK/startup/startup_mk64f12.o
                0x00000d0e                USB0_IRQHandler
 .text.USBDCD_IRQHandler
                0x00000d16        0x8 ./SDK/startup/startup_mk64f12.o
                0x00000d16                USBDCD_IRQHandler
 .text.Reserved71_IRQHandler
                0x00000d1e        0x8 ./SDK/startup/startup_mk64f12.o
                0x00000d1e                Reserved71_IRQHandler
 .text.DAC0_IRQHandler
                0x00000d26        0x8 ./SDK/startup/startup_mk64f12.o
                0x00000d26                DAC0_IRQHandler
 .text.MCG_IRQHandler
                0x00000d2e        0x8 ./SDK/startup/startup_mk64f12.o
                0x00000d2e                MCG_IRQHandler
 .text.LPTMR0_IRQHandler
                0x00000d36        0x8 ./SDK/startup/startup_mk64f12.o
                0x00000d36                LPTMR0_IRQHandler
 .text.PORTA_IRQHandler
                0x00000d3e        0x8 ./SDK/startup/startup_mk64f12.o
                0x00000d3e                PORTA_IRQHandler
 .text.PORTB_IRQHandler
                0x00000d46        0x8 ./SDK/startup/startup_mk64f12.o
                0x00000d46                PORTB_IRQHandler
 .text.PORTC_IRQHandler
                0x00000d4e        0x8 ./SDK/startup/startup_mk64f12.o
                0x00000d4e                PORTC_IRQHandler
 .text.PORTD_IRQHandler
                0x00000d56        0x8 ./SDK/startup/startup_mk64f12.o
                0x00000d56                PORTD_IRQHandler
 .text.PORTE_IRQHandler
                0x00000d5e        0x8 ./SDK/startup/startup_mk64f12.o
                0x00000d5e                PORTE_IRQHandler
 .text.SWI_IRQHandler
                0x00000d66        0x8 ./SDK/startup/startup_mk64f12.o
                0x00000d66                SWI_IRQHandler
 .text.SPI2_IRQHandler
                0x00000d6e        0x8 ./SDK/startup/startup_mk64f12.o
                0x00000d6e                SPI2_IRQHandler
 .text.UART4_RX_TX_IRQHandler
                0x00000d76        0x8 ./SDK/startup/startup_mk64f12.o
                0x00000d76                UART4_RX_TX_IRQHandler
 .text.UART4_ERR_IRQHandler
                0x00000d7e        0x8 ./SDK/startup/startup_mk64f12.o
                0x00000d7e                UART4_ERR_IRQHandler
 .text.UART5_RX_TX_IRQHandler
                0x00000d86        0x8 ./SDK/startup/startup_mk64f12.o
                0x00000d86                UART5_RX_TX_IRQHandler
 .text.UART5_ERR_IRQHandler
                0x00000d8e        0x8 ./SDK/startup/startup_mk64f12.o
                0x00000d8e                UART5_ERR_IRQHandler
 .text.CMP2_IRQHandler
                0x00000d96        0x8 ./SDK/startup/startup_mk64f12.o
                0x00000d96                CMP2_IRQHandler
 .text.FTM3_IRQHandler
                0x00000d9e        0x8 ./SDK/startup/startup_mk64f12.o
                0x00000d9e                FTM3_IRQHandler
 .text.DAC1_IRQHandler
                0x00000da6        0x8 ./SDK/startup/startup_mk64f12.o
                0x00000da6                DAC1_IRQHandler
 .text.ADC1_IRQHandler
                0x00000dae        0x8 ./SDK/startup/startup_mk64f12.o
                0x00000dae                ADC1_IRQHandler
 .text.I2C2_IRQHandler
                0x00000db6        0x8 ./SDK/startup/startup_mk64f12.o
                0x00000db6                I2C2_IRQHandler
 .text.CAN0_ORed_Message_buffer_IRQHandler
                0x00000dbe        0x8 ./SDK/startup/startup_mk64f12.o
                0x00000dbe                CAN0_ORed_Message_buffer_IRQHandler
 .text.CAN0_Bus_Off_IRQHandler
                0x00000dc6        0x8 ./SDK/startup/startup_mk64f12.o
                0x00000dc6                CAN0_Bus_Off_IRQHandler
 .text.CAN0_Error_IRQHandler
                0x00000dce        0x8 ./SDK/startup/startup_mk64f12.o
                0x00000dce                CAN0_Error_IRQHandler
 .text.CAN0_Tx_Warning_IRQHandler
                0x00000dd6        0x8 ./SDK/startup/startup_mk64f12.o
                0x00000dd6                CAN0_Tx_Warning_IRQHandler
 .text.CAN0_Rx_Warning_IRQHandler
                0x00000dde        0x8 ./SDK/startup/startup_mk64f12.o
                0x00000dde                CAN0_Rx_Warning_IRQHandler
 .text.CAN0_Wake_Up_IRQHandler
                0x00000de6        0x8 ./SDK/startup/startup_mk64f12.o
                0x00000de6                CAN0_Wake_Up_IRQHandler
 .text.SDHC_IRQHandler
                0x00000dee        0x8 ./SDK/startup/startup_mk64f12.o
                0x00000dee                SDHC_IRQHandler
 .text.ENET_1588_Timer_IRQHandler
                0x00000df6        0x8 ./SDK/startup/startup_mk64f12.o
                0x00000df6                ENET_1588_Timer_IRQHandler
 .text.ENET_Transmit_IRQHandler
                0x00000dfe        0x8 ./SDK/startup/startup_mk64f12.o
                0x00000dfe                ENET_Transmit_IRQHandler
 .text.ENET_Receive_IRQHandler
                0x00000e06        0x8 ./SDK/startup/startup_mk64f12.o
                0x00000e06                ENET_Receive_IRQHandler
 .text.ENET_Error_IRQHandler
                0x00000e0e        0x8 ./SDK/startup/startup_mk64f12.o
                0x00000e0e                ENET_Error_IRQHandler
 .text.SystemInitHook
                0x00000e16        0xe ./SDK/CMSIS/system_MK64F12.o
                0x00000e16                SystemInitHook
 *(SORT_BY_ALIGNMENT(.rodata) SORT_BY_ALIGNMENT(.rodata.*) SORT_BY_ALIGNMENT(.constdata) SORT_BY_ALIGNMENT(.constdata.*))
 .rodata        0x00000e24       0x15 ./source/App.o
                0x00000e40                . = ALIGN (0x8)
 *fill*         0x00000e39        0x7 ff

.glue_7         0x00000e40        0x0
 .glue_7        0x00000e40        0x0 linker stubs

.glue_7t        0x00000e40        0x0
 .glue_7t       0x00000e40        0x0 linker stubs

.vfp11_veneer   0x00000e40        0x0
 .vfp11_veneer  0x00000e40        0x0 linker stubs

.v4_bx          0x00000e40        0x0
 .v4_bx         0x00000e40        0x0 linker stubs

.iplt           0x00000e40        0x0
 .iplt          0x00000e40        0x0 ./source/App.o

.rel.dyn        0x00000e40        0x0
 .rel.iplt      0x00000e40        0x0 ./source/App.o

.ARM.extab
 *(SORT_BY_ALIGNMENT(.ARM.extab*) SORT_BY_ALIGNMENT(.gnu.linkonce.armextab.*))
                0x00000e40                __exidx_start = .

.ARM.exidx
 *(SORT_BY_ALIGNMENT(.ARM.exidx*) SORT_BY_ALIGNMENT(.gnu.linkonce.armexidx.*))
                0x00000e40                __exidx_end = .
                0x00000e40                _etext = .

.m_usb_data
 *(SORT_BY_ALIGNMENT(m_usb_bdt))

.data_RAM2      0x1fff0000        0x0 load address 0x00000e40
 FILL mask 0xff
                [!provide]                PROVIDE (__start_data_RAM2, .)
 *(SORT_BY_ALIGNMENT(.ramfunc.$RAM2))
 *(SORT_BY_ALIGNMENT(.ramfunc.$SRAM_LOWER))
 *(SORT_BY_ALIGNMENT(.data.$RAM2*))
 *(SORT_BY_ALIGNMENT(.data.$SRAM_LOWER*))
                0x1fff0000                . = ALIGN (0x8)
                [!provide]                PROVIDE (__end_data_RAM2, .)

.data_RAM3      0x14000000        0x0 load address 0x00000e40
 FILL mask 0xff
                [!provide]                PROVIDE (__start_data_RAM3, .)
 *(SORT_BY_ALIGNMENT(.ramfunc.$RAM3))
 *(SORT_BY_ALIGNMENT(.ramfunc.$FLEX_RAM))
 *(SORT_BY_ALIGNMENT(.data.$RAM3*))
 *(SORT_BY_ALIGNMENT(.data.$FLEX_RAM*))
                0x14000000                . = ALIGN (0x8)
                [!provide]                PROVIDE (__end_data_RAM3, .)

.uninit_RESERVED
                0x20000000        0x0
 *(SORT_BY_ALIGNMENT(.bss.$RESERVED*))
                0x20000000                . = ALIGN (0x4)
                0x20000000                _end_uninit_RESERVED = .

.data           0x20000000        0x0 load address 0x00000e40
 FILL mask 0xff
                0x20000000                _data = .
 *(SORT_BY_ALIGNMENT(vtable))
 *(SORT_BY_ALIGNMENT(.ramfunc*))
 *(SORT_BY_ALIGNMENT(.data*))
                0x20000000                . = ALIGN (0x8)
                0x20000000                _edata = .

.igot.plt       0x20000000        0x0 load address 0x00000e40
 .igot.plt      0x20000000        0x0 ./source/App.o

.bss_RAM2       0x1fff0000        0x0
                [!provide]                PROVIDE (__start_bss_RAM2, .)
 *(SORT_BY_ALIGNMENT(.bss.$RAM2*))
 *(SORT_BY_ALIGNMENT(.bss.$SRAM_LOWER*))
                0x1fff0000                . = ALIGN ((. != 0x0)?0x8:0x1)
                [!provide]                PROVIDE (__end_bss_RAM2, .)

.bss_RAM3       0x14000000        0x0
                [!provide]                PROVIDE (__start_bss_RAM3, .)
 *(SORT_BY_ALIGNMENT(.bss.$RAM3*))
 *(SORT_BY_ALIGNMENT(.bss.$FLEX_RAM*))
                0x14000000                . = ALIGN ((. != 0x0)?0x8:0x1)
                [!provide]                PROVIDE (__end_bss_RAM3, .)

.bss            0x20000000       0x18
                0x20000000                _bss = .
 *(SORT_BY_ALIGNMENT(.bss*))
 .bss.i.7876    0x20000000        0x4 ./source/App.o
 .bss.mbStatus  0x20000004       0x10 ./source/ComunicacionCAN.o
 .bss.__LDM_interruptDisableCount
                0x20000014        0x4 ./SDK/startup/hardware.o
 *(SORT_BY_ALIGNMENT(COMMON))
                0x20000018                . = ALIGN (0x8)
                0x20000018                _ebss = .
                [!provide]                PROVIDE (end, .)

.noinit_RAM2    0x1fff0000        0x0
 *(SORT_BY_ALIGNMENT(.noinit.$RAM2*))
 *(SORT_BY_ALIGNMENT(.noinit.$SRAM_LOWER*))
                0x1fff0000                . = ALIGN (0x8)

.noinit_RAM3    0x14000000        0x0
 *(SORT_BY_ALIGNMENT(.noinit.$RAM3*))
 *(SORT_BY_ALIGNMENT(.noinit.$FLEX_RAM*))
                0x14000000                . = ALIGN (0x8)

.noinit         0x20000018        0x0
                0x20000018                _noinit = .
 *(SORT_BY_ALIGNMENT(.noinit*))
                0x20000018                . = ALIGN (0x8)
                0x20000018                _end_noinit = .
                0x00001000                _HeapSize = 0x1000

.heap           0x20000018     0x1000
                0x20000018                _pvHeapStart = .
                0x20001018                . = (. + _HeapSize)
 *fill*         0x20000018     0x1000 
                0x20001018                . = ALIGN (0x8)
                0x20001018                _pvHeapLimit = .
                0x00001000                _StackSize = 0x1000

.heap2stackfill
                0x20001018     0x1000
                0x20002018                . = (. + _StackSize)
 *fill*         0x20001018     0x1000 

.stack          0x2002f000        0x0
                0x2002f000                _vStackBase = .
                0x2002f000                . = ALIGN (0x8)
                0x20030000                _vStackTop = (. + _StackSize)
                0x00000000                _image_start = LOADADDR (.text)
                0x00000e40                _image_end = (LOADADDR (.data) + SIZEOF (.data))
                0x00000e40                _image_size = (_image_end - _image_start)
OUTPUT(Blink.axf elf32-littlearm)

.debug_info     0x00000000     0x30ef
 .debug_info    0x00000000      0x956 ./source/App.o
 .debug_info    0x00000956      0x2c6 ./source/ComunicacionCAN.o
 .debug_info    0x00000c1c      0xec0 ./source/can.o
 .debug_info    0x00001adc      0x675 ./SDK/startup/hardware.o
 .debug_info    0x00002151       0xb7 ./SDK/startup/main.o
 .debug_info    0x00002208       0x3b ./SDK/startup/semihost_hardfault.o
 .debug_info    0x00002243      0x8b0 ./SDK/startup/startup_mk64f12.o
 .debug_info    0x00002af3      0x5fc ./SDK/CMSIS/system_MK64F12.o

.debug_abbrev   0x00000000      0xa1b
 .debug_abbrev  0x00000000      0x1e9 ./source/App.o
 .debug_abbrev  0x000001e9      0x16a ./source/ComunicacionCAN.o
 .debug_abbrev  0x00000353      0x249 ./source/can.o
 .debug_abbrev  0x0000059c      0x138 ./SDK/startup/hardware.o
 .debug_abbrev  0x000006d4       0x7d ./SDK/startup/main.o
 .debug_abbrev  0x00000751       0x2f ./SDK/startup/semihost_hardfault.o
 .debug_abbrev  0x00000780      0x15c ./SDK/startup/startup_mk64f12.o
 .debug_abbrev  0x000008dc      0x13f ./SDK/CMSIS/system_MK64F12.o

.debug_aranges  0x00000000      0x468
 .debug_aranges
                0x00000000       0x28 ./source/App.o
 .debug_aranges
                0x00000028       0x38 ./source/ComunicacionCAN.o
 .debug_aranges
                0x00000060       0x38 ./source/can.o
 .debug_aranges
                0x00000098       0x30 ./SDK/startup/hardware.o
 .debug_aranges
                0x000000c8       0x20 ./SDK/startup/main.o
 .debug_aranges
                0x000000e8       0x20 ./SDK/startup/semihost_hardfault.o
 .debug_aranges
                0x00000108      0x330 ./SDK/startup/startup_mk64f12.o
 .debug_aranges
                0x00000438       0x30 ./SDK/CMSIS/system_MK64F12.o

.debug_ranges   0x00000000      0x3e8
 .debug_ranges  0x00000000       0x18 ./source/App.o
 .debug_ranges  0x00000018       0x28 ./source/ComunicacionCAN.o
 .debug_ranges  0x00000040       0x28 ./source/can.o
 .debug_ranges  0x00000068       0x20 ./SDK/startup/hardware.o
 .debug_ranges  0x00000088       0x10 ./SDK/startup/main.o
 .debug_ranges  0x00000098       0x10 ./SDK/startup/semihost_hardfault.o
 .debug_ranges  0x000000a8      0x320 ./SDK/startup/startup_mk64f12.o
 .debug_ranges  0x000003c8       0x20 ./SDK/CMSIS/system_MK64F12.o

.debug_macro    0x00000000    0x12cd1
 .debug_macro   0x00000000      0x239 ./source/App.o
 .debug_macro   0x00000239      0xa5a ./source/App.o
 .debug_macro   0x00000c93       0x22 ./source/App.o
 .debug_macro   0x00000cb5       0x52 ./source/App.o
 .debug_macro   0x00000d07       0x17 ./source/App.o
 .debug_macro   0x00000d1e       0x8d ./source/App.o
 .debug_macro   0x00000dab       0x35 ./source/App.o
 .debug_macro   0x00000de0       0x9c ./source/App.o
 .debug_macro   0x00000e7c       0x16 ./source/App.o
 .debug_macro   0x00000e92       0x57 ./source/App.o
 .debug_macro   0x00000ee9       0x97 ./source/App.o
 .debug_macro   0x00000f80      0x330 ./source/App.o
 .debug_macro   0x000012b0       0xfd ./source/App.o
 .debug_macro   0x000013ad       0x10 ./source/App.o
 .debug_macro   0x000013bd       0x58 ./source/App.o
 .debug_macro   0x00001415       0x1f ./source/App.o
 .debug_macro   0x00001434       0x43 ./source/App.o
 .debug_macro   0x00001477       0x20 ./source/App.o
 .debug_macro   0x00001497      0x18e ./source/App.o
 .debug_macro   0x00001625       0x10 ./source/App.o
 .debug_macro   0x00001635       0x6a ./source/App.o
 .debug_macro   0x0000169f       0x1c ./source/App.o
 .debug_macro   0x000016bb       0x52 ./source/App.o
 .debug_macro   0x0000170d       0x40 ./source/App.o
 .debug_macro   0x0000174d       0x10 ./source/App.o
 .debug_macro   0x0000175d       0x40 ./source/App.o
 .debug_macro   0x0000179d       0xd7 ./source/App.o
 .debug_macro   0x00001874       0x1c ./source/App.o
 .debug_macro   0x00001890       0x3d ./source/App.o
 .debug_macro   0x000018cd       0x16 ./source/App.o
 .debug_macro   0x000018e3      0x16f ./source/App.o
 .debug_macro   0x00001a52      0x34e ./source/App.o
 .debug_macro   0x00001da0       0x22 ./source/App.o
 .debug_macro   0x00001dc2       0x3a ./source/App.o
 .debug_macro   0x00001dfc       0xee ./source/App.o
 .debug_macro   0x00001eea       0x5c ./source/App.o
 .debug_macro   0x00001f46       0x1c ./source/App.o
 .debug_macro   0x00001f62       0x22 ./source/App.o
 .debug_macro   0x00001f84       0xd9 ./source/App.o
 .debug_macro   0x0000205d      0xecf ./source/App.o
 .debug_macro   0x00002f2c       0x48 ./source/App.o
 .debug_macro   0x00002f74     0xe07b ./source/App.o
 .debug_macro   0x00010fef       0x16 ./source/App.o
 .debug_macro   0x00011005       0x9c ./source/ComunicacionCAN.o
 .debug_macro   0x000110a1       0xdf ./source/ComunicacionCAN.o
 .debug_macro   0x00011180      0x1b4 ./source/can.o
 .debug_macro   0x00011334       0x40 ./source/can.o
 .debug_macro   0x00011374       0x16 ./source/can.o
 .debug_macro   0x0001138a      0x10e ./source/can.o
 .debug_macro   0x00011498       0x8d ./source/can.o
 .debug_macro   0x00011525      0x32a ./source/can.o
 .debug_macro   0x0001184f       0x16 ./source/can.o
 .debug_macro   0x00011865       0x29 ./source/can.o
 .debug_macro   0x0001188e       0x9c ./SDK/startup/hardware.o
 .debug_macro   0x0001192a       0x10 ./SDK/startup/hardware.o
 .debug_macro   0x0001193a     0x122b ./SDK/startup/hardware.o
 .debug_macro   0x00012b65       0x16 ./SDK/startup/hardware.o
 .debug_macro   0x00012b7b       0x9c ./SDK/startup/main.o
 .debug_macro   0x00012c17       0x11 ./SDK/startup/semihost_hardfault.o
 .debug_macro   0x00012c28       0x29 ./SDK/startup/startup_mk64f12.o
 .debug_macro   0x00012c51       0x80 ./SDK/CMSIS/system_MK64F12.o

.debug_line     0x00000000     0x1523
 .debug_line    0x00000000      0x3b3 ./source/App.o
 .debug_line    0x000003b3      0x19f ./source/ComunicacionCAN.o
 .debug_line    0x00000552      0x390 ./source/can.o
 .debug_line    0x000008e2      0x1d4 ./SDK/startup/hardware.o
 .debug_line    0x00000ab6      0x175 ./SDK/startup/main.o
 .debug_line    0x00000c2b       0x59 ./SDK/startup/semihost_hardfault.o
 .debug_line    0x00000c84      0x6d8 ./SDK/startup/startup_mk64f12.o
 .debug_line    0x0000135c      0x1c7 ./SDK/CMSIS/system_MK64F12.o

.debug_str      0x00000000    0x7c89a
 .debug_str     0x00000000    0x74ded ./source/App.o
                              0x7509d (size before relaxing)
 .debug_str     0x00074ded      0x16c ./source/ComunicacionCAN.o
                              0x7065d (size before relaxing)
 .debug_str     0x00074f59      0x340 ./source/can.o
                              0x74024 (size before relaxing)
 .debug_str     0x00075299     0x6d14 ./SDK/startup/hardware.o
                              0x77209 (size before relaxing)
 .debug_str     0x0007bfad       0x1b ./SDK/startup/main.o
                              0x76fdd (size before relaxing)
 .debug_str     0x0007bfc8       0x36 ./SDK/startup/semihost_hardfault.o
                               0x2d43 (size before relaxing)
 .debug_str     0x0007bffe      0x83a ./SDK/startup/startup_mk64f12.o
                               0x35b1 (size before relaxing)
 .debug_str     0x0007c838       0x62 ./SDK/CMSIS/system_MK64F12.o
                              0x77118 (size before relaxing)

.comment        0x00000000       0x7e
 .comment       0x00000000       0x7e ./source/App.o
                                 0x7f (size before relaxing)
 .comment       0x0000007e       0x7f ./source/ComunicacionCAN.o
 .comment       0x0000007e       0x7f ./source/can.o
 .comment       0x0000007e       0x7f ./SDK/startup/hardware.o
 .comment       0x0000007e       0x7f ./SDK/startup/main.o
 .comment       0x0000007e       0x7f ./SDK/startup/semihost_hardfault.o
 .comment       0x0000007e       0x7f ./SDK/startup/startup_mk64f12.o
 .comment       0x0000007e       0x7f ./SDK/CMSIS/system_MK64F12.o

.ARM.attributes
                0x00000000       0x39
 .ARM.attributes
                0x00000000       0x39 ./source/App.o
 .ARM.attributes
                0x00000039       0x39 ./source/ComunicacionCAN.o
 .ARM.attributes
                0x00000072       0x39 ./source/can.o
 .ARM.attributes
                0x000000ab       0x39 ./SDK/startup/hardware.o
 .ARM.attributes
                0x000000e4       0x39 ./SDK/startup/main.o
 .ARM.attributes
                0x0000011d       0x39 ./SDK/startup/semihost_hardfault.o
 .ARM.attributes
                0x00000156       0x39 ./SDK/startup/startup_mk64f12.o
 .ARM.attributes
                0x0000018f       0x39 ./SDK/CMSIS/system_MK64F12.o

.debug_frame    0x00000000      0xbd8
 .debug_frame   0x00000000       0x50 ./source/App.o
 .debug_frame   0x00000050       0xa4 ./source/ComunicacionCAN.o
 .debug_frame   0x000000f4       0xb0 ./source/can.o
 .debug_frame   0x000001a4       0x70 ./SDK/startup/hardware.o
 .debug_frame   0x00000214       0x2c ./SDK/startup/main.o
 .debug_frame   0x00000240       0x20 ./SDK/startup/semihost_hardfault.o
 .debug_frame   0x00000260      0x904 ./SDK/startup/startup_mk64f12.o
 .debug_frame   0x00000b64       0x74 ./SDK/CMSIS/system_MK64F12.o
